Archive member included because of file (symbol)

d:/university/external courses/imt-wazeefa tech/tools/imt_sdk_win_64/winavr/bin/../lib/gcc/avr/4.3.3/avr5\libgcc.a(_mulsi3.o)
                              ./main.o (__mulsi3)
d:/university/external courses/imt-wazeefa tech/tools/imt_sdk_win_64/winavr/bin/../lib/gcc/avr/4.3.3/avr5\libgcc.a(_udivmodhi4.o)
                              ./main.o (__udivmodhi4)
d:/university/external courses/imt-wazeefa tech/tools/imt_sdk_win_64/winavr/bin/../lib/gcc/avr/4.3.3/avr5\libgcc.a(_udivmodsi4.o)
                              ./main.o (__udivmodsi4)
d:/university/external courses/imt-wazeefa tech/tools/imt_sdk_win_64/winavr/bin/../lib/gcc/avr/4.3.3/avr5\libgcc.a(_exit.o)
                              d:/university/external courses/imt-wazeefa tech/tools/imt_sdk_win_64/winavr/bin/../lib/gcc/avr/4.3.3/../../../../avr/lib/avr5/crtm32.o (exit)
d:/university/external courses/imt-wazeefa tech/tools/imt_sdk_win_64/winavr/bin/../lib/gcc/avr/4.3.3/avr5\libgcc.a(_copy_data.o)
                              ./KeyPad/KPD_program.o (__do_copy_data)
d:/university/external courses/imt-wazeefa tech/tools/imt_sdk_win_64/winavr/bin/../lib/gcc/avr/4.3.3/avr5\libgcc.a(_clear_bss.o)
                              ./UART/UART_program.o (__do_clear_bss)
d:/university/external courses/imt-wazeefa tech/tools/imt_sdk_win_64/winavr/bin/../lib/gcc/avr/4.3.3/avr5\libgcc.a(_fixunssfsi.o)
                              ./UART/UART_program.o (__fixunssfsi)
d:/university/external courses/imt-wazeefa tech/tools/imt_sdk_win_64/winavr/bin/../lib/gcc/avr/4.3.3/avr5\libgcc.a(_addsub_sf.o)
                              d:/university/external courses/imt-wazeefa tech/tools/imt_sdk_win_64/winavr/bin/../lib/gcc/avr/4.3.3/avr5\libgcc.a(_fixunssfsi.o) (__subsf3)
d:/university/external courses/imt-wazeefa tech/tools/imt_sdk_win_64/winavr/bin/../lib/gcc/avr/4.3.3/avr5\libgcc.a(_mul_sf.o)
                              ./UART/UART_program.o (__mulsf3)
d:/university/external courses/imt-wazeefa tech/tools/imt_sdk_win_64/winavr/bin/../lib/gcc/avr/4.3.3/avr5\libgcc.a(_div_sf.o)
                              ./LCD/LCD_program.o (__divsf3)
d:/university/external courses/imt-wazeefa tech/tools/imt_sdk_win_64/winavr/bin/../lib/gcc/avr/4.3.3/avr5\libgcc.a(_gt_sf.o)
                              ./UART/UART_program.o (__gtsf2)
d:/university/external courses/imt-wazeefa tech/tools/imt_sdk_win_64/winavr/bin/../lib/gcc/avr/4.3.3/avr5\libgcc.a(_ge_sf.o)
                              d:/university/external courses/imt-wazeefa tech/tools/imt_sdk_win_64/winavr/bin/../lib/gcc/avr/4.3.3/avr5\libgcc.a(_fixunssfsi.o) (__gesf2)
d:/university/external courses/imt-wazeefa tech/tools/imt_sdk_win_64/winavr/bin/../lib/gcc/avr/4.3.3/avr5\libgcc.a(_lt_sf.o)
                              ./UART/UART_program.o (__ltsf2)
d:/university/external courses/imt-wazeefa tech/tools/imt_sdk_win_64/winavr/bin/../lib/gcc/avr/4.3.3/avr5\libgcc.a(_sf_to_si.o)
                              d:/university/external courses/imt-wazeefa tech/tools/imt_sdk_win_64/winavr/bin/../lib/gcc/avr/4.3.3/avr5\libgcc.a(_fixunssfsi.o) (__fixsfsi)
d:/university/external courses/imt-wazeefa tech/tools/imt_sdk_win_64/winavr/bin/../lib/gcc/avr/4.3.3/avr5\libgcc.a(_thenan_sf.o)
                              d:/university/external courses/imt-wazeefa tech/tools/imt_sdk_win_64/winavr/bin/../lib/gcc/avr/4.3.3/avr5\libgcc.a(_addsub_sf.o) (__thenan_sf)
d:/university/external courses/imt-wazeefa tech/tools/imt_sdk_win_64/winavr/bin/../lib/gcc/avr/4.3.3/avr5\libgcc.a(_prologue.o)
                              d:/university/external courses/imt-wazeefa tech/tools/imt_sdk_win_64/winavr/bin/../lib/gcc/avr/4.3.3/avr5\libgcc.a(_addsub_sf.o) (__prologue_saves__)
d:/university/external courses/imt-wazeefa tech/tools/imt_sdk_win_64/winavr/bin/../lib/gcc/avr/4.3.3/avr5\libgcc.a(_epilogue.o)
                              d:/university/external courses/imt-wazeefa tech/tools/imt_sdk_win_64/winavr/bin/../lib/gcc/avr/4.3.3/avr5\libgcc.a(_addsub_sf.o) (__epilogue_restores__)
d:/university/external courses/imt-wazeefa tech/tools/imt_sdk_win_64/winavr/bin/../lib/gcc/avr/4.3.3/avr5\libgcc.a(_pack_sf.o)
                              d:/university/external courses/imt-wazeefa tech/tools/imt_sdk_win_64/winavr/bin/../lib/gcc/avr/4.3.3/avr5\libgcc.a(_addsub_sf.o) (__pack_f)
d:/university/external courses/imt-wazeefa tech/tools/imt_sdk_win_64/winavr/bin/../lib/gcc/avr/4.3.3/avr5\libgcc.a(_unpack_sf.o)
                              d:/university/external courses/imt-wazeefa tech/tools/imt_sdk_win_64/winavr/bin/../lib/gcc/avr/4.3.3/avr5\libgcc.a(_addsub_sf.o) (__unpack_f)
d:/university/external courses/imt-wazeefa tech/tools/imt_sdk_win_64/winavr/bin/../lib/gcc/avr/4.3.3/avr5\libgcc.a(_fpcmp_parts_sf.o)
                              d:/university/external courses/imt-wazeefa tech/tools/imt_sdk_win_64/winavr/bin/../lib/gcc/avr/4.3.3/avr5\libgcc.a(_gt_sf.o) (__fpcmp_parts_f)

Allocating common symbols
Common symbol       size              file

u8Global_Receive    0x1               ./UART/UART_program.o
u8key               0x5               ./Password/Password_program.o
u8InputPassword     0x5               ./main.o
u8WelcomeInFlag     0x1               ./main.o
TIM1_pfCmpBCallBack
                    0x2               ./TIMER1_Servo/TIMER1_program.o
TIM1_pfIcuCallBack  0x2               ./TIMER1_Servo/TIMER1_program.o
u8Error             0x5               ./main.o
TIM1_pfOvfCallBack  0x2               ./TIMER1_Servo/TIMER1_program.o
u8Global_Data       0x1               ./UART/UART_program.o
u8EEPROMData        0x5               ./main.o
TIM1_pfCmpACallBack
                    0x2               ./TIMER1_Servo/TIMER1_program.o
u8FirstVar          0x1               ./main.o
input_password      0x5               ./Password/Password_program.o
u8SecondVar         0x1               ./main.o
u32Light_ISR        0x4               ./main.o
current_password    0x5               ./Password/Password_program.o

Memory Configuration

Name             Origin             Length             Attributes
text             0x00000000         0x00020000         xr
data             0x00800060         0x0000ffa0         rw !x
eeprom           0x00810000         0x00010000         rw !x
fuse             0x00820000         0x00000400         rw !x
lock             0x00830000         0x00000400         rw !x
signature        0x00840000         0x00000400         rw !x
*default*        0x00000000         0xffffffff

Linker script and memory map

LOAD d:/university/external courses/imt-wazeefa tech/tools/imt_sdk_win_64/winavr/bin/../lib/gcc/avr/4.3.3/../../../../avr/lib/avr5/crtm32.o
LOAD ./UART/UART_program.o
LOAD ./TIMER1_Servo/TIMER1_program.o
LOAD ./TIMER0/TIMER0_program.o
LOAD ./SPI_Protocol/SPI_program.o
LOAD ./Password/Password_program.o
LOAD ./LCD/LCD_program.o
LOAD ./KeyPad/KPD_program.o
LOAD ./INT/EXTI_program.o
LOAD ./INT/Global_Interrupt_program.o
LOAD ./EEPROM/EEPROM_program.o
LOAD ./EEPROM/TWI_program.o
LOAD ./DIO/DIO_program.o
LOAD ./DC_Motor/DC_Motor_program.o
LOAD ./ADC/ADC_program.o
LOAD ./main.o
LOAD d:/university/external courses/imt-wazeefa tech/tools/imt_sdk_win_64/winavr/bin/../lib/gcc/avr/4.3.3/avr5\libgcc.a
LOAD d:/university/external courses/imt-wazeefa tech/tools/imt_sdk_win_64/winavr/bin/../lib/gcc/avr/4.3.3/../../../../avr/lib/avr5\libc.a
LOAD d:/university/external courses/imt-wazeefa tech/tools/imt_sdk_win_64/winavr/bin/../lib/gcc/avr/4.3.3/avr5\libgcc.a

.hash
 *(.hash)

.dynsym
 *(.dynsym)

.dynstr
 *(.dynstr)

.gnu.version
 *(.gnu.version)

.gnu.version_d
 *(.gnu.version_d)

.gnu.version_r
 *(.gnu.version_r)

.rel.init
 *(.rel.init)

.rela.init
 *(.rela.init)

.rel.text
 *(.rel.text)
 *(.rel.text.*)
 *(.rel.gnu.linkonce.t*)

.rela.text
 *(.rela.text)
 *(.rela.text.*)
 *(.rela.gnu.linkonce.t*)

.rel.fini
 *(.rel.fini)

.rela.fini
 *(.rela.fini)

.rel.rodata
 *(.rel.rodata)
 *(.rel.rodata.*)
 *(.rel.gnu.linkonce.r*)

.rela.rodata
 *(.rela.rodata)
 *(.rela.rodata.*)
 *(.rela.gnu.linkonce.r*)

.rel.data
 *(.rel.data)
 *(.rel.data.*)
 *(.rel.gnu.linkonce.d*)

.rela.data
 *(.rela.data)
 *(.rela.data.*)
 *(.rela.gnu.linkonce.d*)

.rel.ctors
 *(.rel.ctors)

.rela.ctors
 *(.rela.ctors)

.rel.dtors
 *(.rel.dtors)

.rela.dtors
 *(.rela.dtors)

.rel.got
 *(.rel.got)

.rela.got
 *(.rela.got)

.rel.bss
 *(.rel.bss)

.rela.bss
 *(.rela.bss)

.rel.plt
 *(.rel.plt)

.rela.plt
 *(.rela.plt)

.text           0x00000000     0x5f62
 *(.vectors)
 .vectors       0x00000000       0x54 d:/university/external courses/imt-wazeefa tech/tools/imt_sdk_win_64/winavr/bin/../lib/gcc/avr/4.3.3/../../../../avr/lib/avr5/crtm32.o
                0x00000000                __vectors
                0x00000000                __vector_default
 *(.vectors)
 *(.progmem.gcc*)
 *(.progmem*)
                0x00000054                . = ALIGN (0x2)
                0x00000054                __trampolines_start = .
 *(.trampolines)
 .trampolines   0x00000054        0x0 linker stubs
 *(.trampolines*)
                0x00000054                __trampolines_end = .
 *(.jumptables)
 *(.jumptables*)
 *(.lowtext)
 *(.lowtext*)
                0x00000054                __ctors_start = .
 *(.ctors)
                0x00000054                __ctors_end = .
                0x00000054                __dtors_start = .
 *(.dtors)
                0x00000054                __dtors_end = .
 SORT(*)(.ctors)
 SORT(*)(.dtors)
 *(.init0)
 .init0         0x00000054        0x0 d:/university/external courses/imt-wazeefa tech/tools/imt_sdk_win_64/winavr/bin/../lib/gcc/avr/4.3.3/../../../../avr/lib/avr5/crtm32.o
                0x00000054                __init
 *(.init0)
 *(.init1)
 *(.init1)
 *(.init2)
 .init2         0x00000054        0xc d:/university/external courses/imt-wazeefa tech/tools/imt_sdk_win_64/winavr/bin/../lib/gcc/avr/4.3.3/../../../../avr/lib/avr5/crtm32.o
 *(.init2)
 *(.init3)
 *(.init3)
 *(.init4)
 .init4         0x00000060       0x16 d:/university/external courses/imt-wazeefa tech/tools/imt_sdk_win_64/winavr/bin/../lib/gcc/avr/4.3.3/avr5\libgcc.a(_copy_data.o)
                0x00000060                __do_copy_data
 .init4         0x00000076       0x10 d:/university/external courses/imt-wazeefa tech/tools/imt_sdk_win_64/winavr/bin/../lib/gcc/avr/4.3.3/avr5\libgcc.a(_clear_bss.o)
                0x00000076                __do_clear_bss
 *(.init4)
 *(.init5)
 *(.init5)
 *(.init6)
 *(.init6)
 *(.init7)
 *(.init7)
 *(.init8)
 *(.init8)
 *(.init9)
 .init9         0x00000086        0x8 d:/university/external courses/imt-wazeefa tech/tools/imt_sdk_win_64/winavr/bin/../lib/gcc/avr/4.3.3/../../../../avr/lib/avr5/crtm32.o
 *(.init9)
 *(.text)
 .text          0x0000008e        0x4 d:/university/external courses/imt-wazeefa tech/tools/imt_sdk_win_64/winavr/bin/../lib/gcc/avr/4.3.3/../../../../avr/lib/avr5/crtm32.o
                0x0000008e                __vector_12
                0x0000008e                __bad_interrupt
                0x0000008e                __vector_17
                0x0000008e                __vector_19
                0x0000008e                __vector_5
                0x0000008e                __vector_4
                0x0000008e                __vector_18
                0x0000008e                __vector_20
 .text          0x00000092        0x0 ./UART/UART_program.o
 .text          0x00000092        0x0 ./TIMER1_Servo/TIMER1_program.o
 .text          0x00000092        0x0 ./TIMER0/TIMER0_program.o
 .text          0x00000092        0x0 ./SPI_Protocol/SPI_program.o
 .text          0x00000092        0x0 ./Password/Password_program.o
 .text          0x00000092        0x0 ./LCD/LCD_program.o
 .text          0x00000092        0x0 ./KeyPad/KPD_program.o
 .text          0x00000092        0x0 ./INT/EXTI_program.o
 .text          0x00000092        0x0 ./INT/Global_Interrupt_program.o
 .text          0x00000092        0x0 ./EEPROM/EEPROM_program.o
 .text          0x00000092        0x0 ./EEPROM/TWI_program.o
 .text          0x00000092        0x0 ./DIO/DIO_program.o
 .text          0x00000092        0x0 ./DC_Motor/DC_Motor_program.o
 .text          0x00000092        0x0 ./ADC/ADC_program.o
 .text          0x00000092        0x0 ./main.o
 .text          0x00000092        0x0 d:/university/external courses/imt-wazeefa tech/tools/imt_sdk_win_64/winavr/bin/../lib/gcc/avr/4.3.3/avr5\libgcc.a(_mulsi3.o)
 .text          0x00000092        0x0 d:/university/external courses/imt-wazeefa tech/tools/imt_sdk_win_64/winavr/bin/../lib/gcc/avr/4.3.3/avr5\libgcc.a(_udivmodhi4.o)
 .text          0x00000092        0x0 d:/university/external courses/imt-wazeefa tech/tools/imt_sdk_win_64/winavr/bin/../lib/gcc/avr/4.3.3/avr5\libgcc.a(_udivmodsi4.o)
 .text          0x00000092        0x0 d:/university/external courses/imt-wazeefa tech/tools/imt_sdk_win_64/winavr/bin/../lib/gcc/avr/4.3.3/avr5\libgcc.a(_exit.o)
 .text          0x00000092        0x0 d:/university/external courses/imt-wazeefa tech/tools/imt_sdk_win_64/winavr/bin/../lib/gcc/avr/4.3.3/avr5\libgcc.a(_copy_data.o)
 .text          0x00000092        0x0 d:/university/external courses/imt-wazeefa tech/tools/imt_sdk_win_64/winavr/bin/../lib/gcc/avr/4.3.3/avr5\libgcc.a(_clear_bss.o)
 .text          0x00000092       0x58 d:/university/external courses/imt-wazeefa tech/tools/imt_sdk_win_64/winavr/bin/../lib/gcc/avr/4.3.3/avr5\libgcc.a(_fixunssfsi.o)
                0x00000092                __fixunssfsi
 .text          0x000000ea      0x354 d:/university/external courses/imt-wazeefa tech/tools/imt_sdk_win_64/winavr/bin/../lib/gcc/avr/4.3.3/avr5\libgcc.a(_addsub_sf.o)
                0x00000382                __subsf3
                0x000003e4                __addsf3
 .text          0x0000043e      0x1f4 d:/university/external courses/imt-wazeefa tech/tools/imt_sdk_win_64/winavr/bin/../lib/gcc/avr/4.3.3/avr5\libgcc.a(_mul_sf.o)
                0x0000043e                __mulsf3
 .text          0x00000632      0x158 d:/university/external courses/imt-wazeefa tech/tools/imt_sdk_win_64/winavr/bin/../lib/gcc/avr/4.3.3/avr5\libgcc.a(_div_sf.o)
                0x00000632                __divsf3
 .text          0x0000078a       0x60 d:/university/external courses/imt-wazeefa tech/tools/imt_sdk_win_64/winavr/bin/../lib/gcc/avr/4.3.3/avr5\libgcc.a(_gt_sf.o)
                0x0000078a                __gtsf2
 .text          0x000007ea       0x60 d:/university/external courses/imt-wazeefa tech/tools/imt_sdk_win_64/winavr/bin/../lib/gcc/avr/4.3.3/avr5\libgcc.a(_ge_sf.o)
                0x000007ea                __gesf2
 .text          0x0000084a       0x60 d:/university/external courses/imt-wazeefa tech/tools/imt_sdk_win_64/winavr/bin/../lib/gcc/avr/4.3.3/avr5\libgcc.a(_lt_sf.o)
                0x0000084a                __ltsf2
 .text          0x000008aa       0xa8 d:/university/external courses/imt-wazeefa tech/tools/imt_sdk_win_64/winavr/bin/../lib/gcc/avr/4.3.3/avr5\libgcc.a(_sf_to_si.o)
                0x000008aa                __fixsfsi
 .text          0x00000952        0x0 d:/university/external courses/imt-wazeefa tech/tools/imt_sdk_win_64/winavr/bin/../lib/gcc/avr/4.3.3/avr5\libgcc.a(_thenan_sf.o)
 .text          0x00000952        0x0 d:/university/external courses/imt-wazeefa tech/tools/imt_sdk_win_64/winavr/bin/../lib/gcc/avr/4.3.3/avr5\libgcc.a(_prologue.o)
 .text          0x00000952        0x0 d:/university/external courses/imt-wazeefa tech/tools/imt_sdk_win_64/winavr/bin/../lib/gcc/avr/4.3.3/avr5\libgcc.a(_epilogue.o)
 .text          0x00000952      0x1aa d:/university/external courses/imt-wazeefa tech/tools/imt_sdk_win_64/winavr/bin/../lib/gcc/avr/4.3.3/avr5\libgcc.a(_pack_sf.o)
                0x00000952                __pack_f
 .text          0x00000afc       0xf0 d:/university/external courses/imt-wazeefa tech/tools/imt_sdk_win_64/winavr/bin/../lib/gcc/avr/4.3.3/avr5\libgcc.a(_unpack_sf.o)
                0x00000afc                __unpack_f
 .text          0x00000bec       0xb2 d:/university/external courses/imt-wazeefa tech/tools/imt_sdk_win_64/winavr/bin/../lib/gcc/avr/4.3.3/avr5\libgcc.a(_fpcmp_parts_sf.o)
                0x00000bec                __fpcmp_parts_f
                0x00000c9e                . = ALIGN (0x2)
 *(.text.*)
 .text.UART_voidInit
                0x00000c9e       0x94 ./UART/UART_program.o
                0x00000c9e                UART_voidInit
 .text.UART_voidSendDataAsynch
                0x00000d32       0x1a ./UART/UART_program.o
                0x00000d32                UART_voidSendDataAsynch
 .text.UART_voidSendDataSynch
                0x00000d4c       0x2e ./UART/UART_program.o
                0x00000d4c                UART_voidSendDataSynch
 .text.UART_u8ReceiveData
                0x00000d7a       0x1e ./UART/UART_program.o
                0x00000d7a                UART_u8ReceiveData
 .text.UART_voidSendstring
                0x00000d98      0x130 ./UART/UART_program.o
                0x00000d98                UART_voidSendstring
 .text.__vector_13
                0x00000ec8       0x36 ./UART/UART_program.o
                0x00000ec8                __vector_13
 .text.__vector_15
                0x00000efe       0x20 ./UART/UART_program.o
                0x00000efe                __vector_15
 .text.__vector_14
                0x00000f1e       0x58 ./UART/UART_program.o
                0x00000f1e                __vector_14
 .text.TIM1_voidInit
                0x00000f76      0x12c ./TIMER1_Servo/TIMER1_program.o
                0x00000f76                TIM1_voidInit
 .text.TIM1_voidEnable
                0x000010a2       0x36 ./TIMER1_Servo/TIMER1_program.o
                0x000010a2                TIM1_voidEnable
 .text.TIM1_voidDisable
                0x000010d8       0x1c ./TIMER1_Servo/TIMER1_program.o
                0x000010d8                TIM1_voidDisable
 .text.TIM1_voidEnableOvfInt
                0x000010f4       0x1c ./TIMER1_Servo/TIMER1_program.o
                0x000010f4                TIM1_voidEnableOvfInt
 .text.TIM1_voidDisableOvfInt
                0x00001110       0x1c ./TIMER1_Servo/TIMER1_program.o
                0x00001110                TIM1_voidDisableOvfInt
 .text.TIM1_voidEnableCmpAInt
                0x0000112c       0x1c ./TIMER1_Servo/TIMER1_program.o
                0x0000112c                TIM1_voidEnableCmpAInt
 .text.TIM1_voidDisableCmpAInt
                0x00001148       0x1c ./TIMER1_Servo/TIMER1_program.o
                0x00001148                TIM1_voidDisableCmpAInt
 .text.TIM1_voidEnableCmpBInt
                0x00001164       0x1c ./TIMER1_Servo/TIMER1_program.o
                0x00001164                TIM1_voidEnableCmpBInt
 .text.TIM1_voidDisableCmpBInt
                0x00001180       0x1c ./TIMER1_Servo/TIMER1_program.o
                0x00001180                TIM1_voidDisableCmpBInt
 .text.TIM1_voidEnableIcuInt
                0x0000119c       0x1c ./TIMER1_Servo/TIMER1_program.o
                0x0000119c                TIM1_voidEnableIcuInt
 .text.TIM1_voidDisableIcuInt
                0x000011b8       0x1c ./TIMER1_Servo/TIMER1_program.o
                0x000011b8                TIM1_voidDisableIcuInt
 .text.TIM1_voidSetCallbackOvfInt
                0x000011d4       0x24 ./TIMER1_Servo/TIMER1_program.o
                0x000011d4                TIM1_voidSetCallbackOvfInt
 .text.TIM1_voidSetCallbackCompAInt
                0x000011f8       0x24 ./TIMER1_Servo/TIMER1_program.o
                0x000011f8                TIM1_voidSetCallbackCompAInt
 .text.TIM1_voidSetCallbackCompBInt
                0x0000121c       0x24 ./TIMER1_Servo/TIMER1_program.o
                0x0000121c                TIM1_voidSetCallbackCompBInt
 .text.TIM1_voidSetCallbackIcuInt
                0x00001240       0x24 ./TIMER1_Servo/TIMER1_program.o
                0x00001240                TIM1_voidSetCallbackIcuInt
 .text.TIM1_voidSetTimerValue
                0x00001264       0x2e ./TIMER1_Servo/TIMER1_program.o
                0x00001264                TIM1_voidSetTimerValue
 .text.TIM1_voidSetCmpARegValue
                0x00001292       0x2e ./TIMER1_Servo/TIMER1_program.o
                0x00001292                TIM1_voidSetCmpARegValue
 .text.TIM1_voidSetCmpBRegValue
                0x000012c0       0x2e ./TIMER1_Servo/TIMER1_program.o
                0x000012c0                TIM1_voidSetCmpBRegValue
 .text.TIM1_voidSetIcuRegValue
                0x000012ee       0x24 ./TIMER1_Servo/TIMER1_program.o
                0x000012ee                TIM1_voidSetIcuRegValue
 .text.TIM1_u8ReadTimerValue
                0x00001312       0x48 ./TIMER1_Servo/TIMER1_program.o
                0x00001312                TIM1_u8ReadTimerValue
 .text.__vector_9
                0x0000135a       0x5a ./TIMER1_Servo/TIMER1_program.o
                0x0000135a                __vector_9
 .text.__vector_7
                0x000013b4       0x5a ./TIMER1_Servo/TIMER1_program.o
                0x000013b4                __vector_7
 .text.__vector_8
                0x0000140e       0x5a ./TIMER1_Servo/TIMER1_program.o
                0x0000140e                __vector_8
 .text.__vector_6
                0x00001468       0x5a ./TIMER1_Servo/TIMER1_program.o
                0x00001468                __vector_6
 .text.TIM1_u16GetIcuValue
                0x000014c2       0x16 ./TIMER1_Servo/TIMER1_program.o
                0x000014c2                TIM1_u16GetIcuValue
 .text.ICU_voidRisingEdge
                0x000014d8       0x1c ./TIMER1_Servo/TIMER1_program.o
                0x000014d8                ICU_voidRisingEdge
 .text.ICU_voidFallenEdge
                0x000014f4       0x1c ./TIMER1_Servo/TIMER1_program.o
                0x000014f4                ICU_voidFallenEdge
 .text.TIMER0_voidInit
                0x00001510       0x46 ./TIMER0/TIMER0_program.o
                0x00001510                TIMER0_voidInit
 .text.TIMER0_voidEnable
                0x00001556       0x32 ./TIMER0/TIMER0_program.o
                0x00001556                TIMER0_voidEnable
 .text.TIMER0_voidDisable
                0x00001588       0x1c ./TIMER0/TIMER0_program.o
                0x00001588                TIMER0_voidDisable
 .text.TIMER0_voidEnableOvfInt
                0x000015a4       0x1c ./TIMER0/TIMER0_program.o
                0x000015a4                TIMER0_voidEnableOvfInt
 .text.TIMER0_voidDisableOvfInt
                0x000015c0       0x1c ./TIMER0/TIMER0_program.o
                0x000015c0                TIMER0_voidDisableOvfInt
 .text.TIMER0_voidEnableComInt
                0x000015dc       0x1c ./TIMER0/TIMER0_program.o
                0x000015dc                TIMER0_voidEnableComInt
 .text.TIMER0_voidDisableComInt
                0x000015f8       0x1c ./TIMER0/TIMER0_program.o
                0x000015f8                TIMER0_voidDisableComInt
 .text.TIMER0_voidSetTCNTValue
                0x00001614       0x1c ./TIMER0/TIMER0_program.o
                0x00001614                TIMER0_voidSetTCNTValue
 .text.TIMER0_voidSetOCRValue
                0x00001630       0x1c ./TIMER0/TIMER0_program.o
                0x00001630                TIMER0_voidSetOCRValue
 .text.TIMER0_voidReadTCNTReg
                0x0000164c       0x14 ./TIMER0/TIMER0_program.o
                0x0000164c                TIMER0_voidReadTCNTReg
 .text.TIMER0_voidSetCallBackOvfInt
                0x00001660       0x24 ./TIMER0/TIMER0_program.o
                0x00001660                TIMER0_voidSetCallBackOvfInt
 .text.TIMER0_voidSetCallBackComInt
                0x00001684       0x24 ./TIMER0/TIMER0_program.o
                0x00001684                TIMER0_voidSetCallBackComInt
 .text.__vector_11
                0x000016a8       0x66 ./TIMER0/TIMER0_program.o
                0x000016a8                __vector_11
 .text.__vector_10
                0x0000170e       0x66 ./TIMER0/TIMER0_program.o
                0x0000170e                __vector_10
 .text.SPI_voidMasterInit
                0x00001774       0x7e ./SPI_Protocol/SPI_program.o
                0x00001774                SPI_voidMasterInit
 .text.SPI_voidSlaveInit
                0x000017f2       0x54 ./SPI_Protocol/SPI_program.o
                0x000017f2                SPI_voidSlaveInit
 .text.SPI_u8TransceiverDataSynch
                0x00001846       0x2c ./SPI_Protocol/SPI_program.o
                0x00001846                SPI_u8TransceiverDataSynch
 .text.PASS_u8Setup
                0x00001872       0x40 ./Password/Password_program.o
                0x00001872                PASS_u8Setup
 .text.PASS_u8ComparePassword
                0x000018b2       0x30 ./Password/Password_program.o
                0x000018b2                PASS_u8ComparePassword
 .text.LCD_voidInit
                0x000018e2      0x676 ./LCD/LCD_program.o
                0x000018e2                LCD_voidInit
 .text.LCD_voidInit_4bitMode
                0x00001f58      0x696 ./LCD/LCD_program.o
                0x00001f58                LCD_voidInit_4bitMode
 .text.LCD_voidSendCommand
                0x000025ee      0x132 ./LCD/LCD_program.o
                0x000025ee                LCD_voidSendCommand
 .text.LCD_voidSendCommand_4bitMode
                0x00002720      0x7aa ./LCD/LCD_program.o
                0x00002720                LCD_voidSendCommand_4bitMode
 .text.LCD_voidWriteCharctr
                0x00002eca      0x132 ./LCD/LCD_program.o
                0x00002eca                LCD_voidWriteCharctr
 .text.LCD_voidWriteCharctr_4bitMode
                0x00002ffc      0x7aa ./LCD/LCD_program.o
                0x00002ffc                LCD_voidWriteCharctr_4bitMode
 .text.LCD_voidWriteString
                0x000037a6       0x48 ./LCD/LCD_program.o
                0x000037a6                LCD_voidWriteString
 .text.LCD_voidWriteString_4bitMode
                0x000037ee       0x48 ./LCD/LCD_program.o
                0x000037ee                LCD_voidWriteString_4bitMode
 .text.Gotoxy   0x00003836       0x56 ./LCD/LCD_program.o
                0x00003836                Gotoxy
 .text.LCD_voidGotoxy_4bitMode
                0x0000388c       0x56 ./LCD/LCD_program.o
                0x0000388c                LCD_voidGotoxy_4bitMode
 .text.LCD_voidWriteExtraChar
                0x000038e2       0x18 ./LCD/LCD_program.o
                0x000038e2                LCD_voidWriteExtraChar
 .text.LCD_voidDisplayKeys
                0x000038fa      0x2da ./LCD/LCD_program.o
                0x000038fa                LCD_voidDisplayKeys
 .text.KPD_voidInit
                0x00003bd4       0x48 ./KeyPad/KPD_program.o
                0x00003bd4                KPD_voidInit
 .text.KPD_u8GetKey
                0x00003c1c      0x1ac ./KeyPad/KPD_program.o
                0x00003c1c                KPD_u8GetKey
 .text.EXT_INTERRUPT_VID_INIT
                0x00003dc8       0x54 ./INT/EXTI_program.o
                0x00003dc8                EXT_INTERRUPT_VID_INIT
 .text.EXT_INTERRUPT_VID_ENABLE
                0x00003e1c       0x6e ./INT/EXTI_program.o
                0x00003e1c                EXT_INTERRUPT_VID_ENABLE
 .text.EXT_INTERRUPT_VID_DISABLE
                0x00003e8a       0x6e ./INT/EXTI_program.o
                0x00003e8a                EXT_INTERRUPT_VID_DISABLE
 .text.EXT0_VID_SET_CALL_BACK
                0x00003ef8       0x24 ./INT/EXTI_program.o
                0x00003ef8                EXT0_VID_SET_CALL_BACK
 .text.EXT1_VID_SET_CALL_BACK
                0x00003f1c       0x24 ./INT/EXTI_program.o
                0x00003f1c                EXT1_VID_SET_CALL_BACK
 .text.EXT2_VID_SET_CALL_BACK
                0x00003f40       0x24 ./INT/EXTI_program.o
                0x00003f40                EXT2_VID_SET_CALL_BACK
 .text.__vector_1
                0x00003f64       0x5a ./INT/EXTI_program.o
                0x00003f64                __vector_1
 .text.__vector_2
                0x00003fbe       0x5a ./INT/EXTI_program.o
                0x00003fbe                __vector_2
 .text.__vector_3
                0x00004018       0x5a ./INT/EXTI_program.o
                0x00004018                __vector_3
 .text.Global_Interrupt_Enable
                0x00004072       0x1c ./INT/Global_Interrupt_program.o
                0x00004072                Global_Interrupt_Enable
 .text.Global_Interrupt_Disable
                0x0000408e       0x1c ./INT/Global_Interrupt_program.o
                0x0000408e                Global_Interrupt_Disable
 .text.EEPROM_voidRead
                0x000040aa       0x44 ./EEPROM/EEPROM_program.o
                0x000040aa                EEPROM_voidRead
 .text.EEPROM_voidWrite
                0x000040ee      0x128 ./EEPROM/EEPROM_program.o
                0x000040ee                EEPROM_voidWrite
 .text.EEPROM_voidWritePage
                0x00004216      0x150 ./EEPROM/EEPROM_program.o
                0x00004216                EEPROM_voidWritePage
 .text.TWI_voidMasterInit
                0x00004366       0x56 ./EEPROM/TWI_program.o
                0x00004366                TWI_voidMasterInit
 .text.TWI_voidSlaveInit
                0x000043bc       0x32 ./EEPROM/TWI_program.o
                0x000043bc                TWI_voidSlaveInit
 .text.TWI_enStartCondition
                0x000043ee       0x62 ./EEPROM/TWI_program.o
                0x000043ee                TWI_enStartCondition
 .text.TWI_enRepeatStart
                0x00004450       0x62 ./EEPROM/TWI_program.o
                0x00004450                TWI_enRepeatStart
 .text.TWI_enSetSlaveAddress_Write
                0x000044b2       0x7c ./EEPROM/TWI_program.o
                0x000044b2                TWI_enSetSlaveAddress_Write
 .text.TWI_enSetSlaveAddress_Read
                0x0000452e       0x70 ./EEPROM/TWI_program.o
                0x0000452e                TWI_enSetSlaveAddress_Read
 .text.TWI_enMasterWriteData
                0x0000459e       0x60 ./EEPROM/TWI_program.o
                0x0000459e                TWI_enMasterWriteData
 .text.TWI_enMasterReadData
                0x000045fe       0x78 ./EEPROM/TWI_program.o
                0x000045fe                TWI_enMasterReadData
 .text.TWI_voidStopCondition
                0x00004676       0x38 ./EEPROM/TWI_program.o
                0x00004676                TWI_voidStopCondition
 .text.DIO_voidInit
                0x000046ae       0x2e ./DIO/DIO_program.o
                0x000046ae                DIO_voidInit
 .text.DIO_voidWritePin
                0x000046dc      0x1e6 ./DIO/DIO_program.o
                0x000046dc                DIO_voidWritePin
 .text.DIO_u8ReadPin
                0x000048c2       0xf2 ./DIO/DIO_program.o
                0x000048c2                DIO_u8ReadPin
 .text.DIO_voidTogglePin
                0x000049b4       0xfc ./DIO/DIO_program.o
                0x000049b4                DIO_voidTogglePin
 .text.DIO_voidWritePort
                0x00004ab0       0x84 ./DIO/DIO_program.o
                0x00004ab0                DIO_voidWritePort
 .text.DIO_voidPullUpState
                0x00004b34      0x104 ./DIO/DIO_program.o
                0x00004b34                DIO_voidPullUpState
 .text.DCM_voidRotateCW
                0x00004c38       0x22 ./DC_Motor/DC_Motor_program.o
                0x00004c38                DCM_voidRotateCW
 .text.DCM_voidRotateCCW
                0x00004c5a       0x22 ./DC_Motor/DC_Motor_program.o
                0x00004c5a                DCM_voidRotateCCW
 .text.DCM_voidStop
                0x00004c7c       0x22 ./DC_Motor/DC_Motor_program.o
                0x00004c7c                DCM_voidStop
 .text.ADC_Init
                0x00004c9e       0x70 ./ADC/ADC_program.o
                0x00004c9e                ADC_Init
 .text.ADC_Read_SYNCH
                0x00004d0e       0x62 ./ADC/ADC_program.o
                0x00004d0e                ADC_Read_SYNCH
 .text.ADC_Start_ASYNC
                0x00004d70       0x50 ./ADC/ADC_program.o
                0x00004d70                ADC_Start_ASYNC
 .text.ADC_Read_ASYNC
                0x00004dc0       0x16 ./ADC/ADC_program.o
                0x00004dc0                ADC_Read_ASYNC
 .text.ADC_void_SET_CALL_BACK
                0x00004dd6       0x24 ./ADC/ADC_program.o
                0x00004dd6                ADC_void_SET_CALL_BACK
 .text.__vector_16
                0x00004dfa       0x5a ./ADC/ADC_program.o
                0x00004dfa                __vector_16
 .text.main     0x00004e54      0x2be ./main.o
                0x00004e54                main
 .text.ArrivalButton
                0x00005112      0xbe2 ./main.o
                0x00005112                ArrivalButton
 .text.EntranceButton
                0x00005cf4      0x152 ./main.o
                0x00005cf4                EntranceButton
 .text.libgcc   0x00005e46       0x3e d:/university/external courses/imt-wazeefa tech/tools/imt_sdk_win_64/winavr/bin/../lib/gcc/avr/4.3.3/avr5\libgcc.a(_mulsi3.o)
                0x00005e46                __mulsi3
 .text.libgcc   0x00005e84       0x28 d:/university/external courses/imt-wazeefa tech/tools/imt_sdk_win_64/winavr/bin/../lib/gcc/avr/4.3.3/avr5\libgcc.a(_udivmodhi4.o)
                0x00005e84                __udivmodhi4
 .text.libgcc   0x00005eac       0x44 d:/university/external courses/imt-wazeefa tech/tools/imt_sdk_win_64/winavr/bin/../lib/gcc/avr/4.3.3/avr5\libgcc.a(_udivmodsi4.o)
                0x00005eac                __udivmodsi4
 .text.libgcc   0x00005ef0        0x0 d:/university/external courses/imt-wazeefa tech/tools/imt_sdk_win_64/winavr/bin/../lib/gcc/avr/4.3.3/avr5\libgcc.a(_exit.o)
 .text.libgcc   0x00005ef0        0x0 d:/university/external courses/imt-wazeefa tech/tools/imt_sdk_win_64/winavr/bin/../lib/gcc/avr/4.3.3/avr5\libgcc.a(_copy_data.o)
 .text.libgcc   0x00005ef0        0x0 d:/university/external courses/imt-wazeefa tech/tools/imt_sdk_win_64/winavr/bin/../lib/gcc/avr/4.3.3/avr5\libgcc.a(_clear_bss.o)
 .text.libgcc   0x00005ef0       0x38 d:/university/external courses/imt-wazeefa tech/tools/imt_sdk_win_64/winavr/bin/../lib/gcc/avr/4.3.3/avr5\libgcc.a(_prologue.o)
                0x00005ef0                __prologue_saves__
 .text.libgcc   0x00005f28       0x36 d:/university/external courses/imt-wazeefa tech/tools/imt_sdk_win_64/winavr/bin/../lib/gcc/avr/4.3.3/avr5\libgcc.a(_epilogue.o)
                0x00005f28                __epilogue_restores__
                0x00005f5e                . = ALIGN (0x2)
 *(.fini9)
 .fini9         0x00005f5e        0x0 d:/university/external courses/imt-wazeefa tech/tools/imt_sdk_win_64/winavr/bin/../lib/gcc/avr/4.3.3/avr5\libgcc.a(_exit.o)
                0x00005f5e                exit
                0x00005f5e                _exit
 *(.fini9)
 *(.fini8)
 *(.fini8)
 *(.fini7)
 *(.fini7)
 *(.fini6)
 *(.fini6)
 *(.fini5)
 *(.fini5)
 *(.fini4)
 *(.fini4)
 *(.fini3)
 *(.fini3)
 *(.fini2)
 *(.fini2)
 *(.fini1)
 *(.fini1)
 *(.fini0)
 .fini0         0x00005f5e        0x4 d:/university/external courses/imt-wazeefa tech/tools/imt_sdk_win_64/winavr/bin/../lib/gcc/avr/4.3.3/avr5\libgcc.a(_exit.o)
 *(.fini0)
                0x00005f62                _etext = .

.data           0x00800060       0x80 load address 0x00005f62
                0x00800060                PROVIDE (__data_start, .)
 *(.data)
 .data          0x00800060        0x0 d:/university/external courses/imt-wazeefa tech/tools/imt_sdk_win_64/winavr/bin/../lib/gcc/avr/4.3.3/../../../../avr/lib/avr5/crtm32.o
 .data          0x00800060        0x0 ./UART/UART_program.o
 .data          0x00800060        0x0 ./TIMER1_Servo/TIMER1_program.o
 .data          0x00800060        0x0 ./TIMER0/TIMER0_program.o
 .data          0x00800060        0x0 ./SPI_Protocol/SPI_program.o
 .data          0x00800060        0x0 ./Password/Password_program.o
 .data          0x00800060        0x0 ./LCD/LCD_program.o
 .data          0x00800060        0x0 ./KeyPad/KPD_program.o
 .data          0x00800060        0x0 ./INT/EXTI_program.o
 .data          0x00800060        0x0 ./INT/Global_Interrupt_program.o
 .data          0x00800060        0x0 ./EEPROM/EEPROM_program.o
 .data          0x00800060        0x0 ./EEPROM/TWI_program.o
 .data          0x00800060        0x0 ./DIO/DIO_program.o
 .data          0x00800060        0x0 ./DC_Motor/DC_Motor_program.o
 .data          0x00800060        0x0 ./ADC/ADC_program.o
 .data          0x00800060       0x67 ./main.o
 .data          0x008000c7        0x0 d:/university/external courses/imt-wazeefa tech/tools/imt_sdk_win_64/winavr/bin/../lib/gcc/avr/4.3.3/avr5\libgcc.a(_mulsi3.o)
 .data          0x008000c7        0x0 d:/university/external courses/imt-wazeefa tech/tools/imt_sdk_win_64/winavr/bin/../lib/gcc/avr/4.3.3/avr5\libgcc.a(_udivmodhi4.o)
 .data          0x008000c7        0x0 d:/university/external courses/imt-wazeefa tech/tools/imt_sdk_win_64/winavr/bin/../lib/gcc/avr/4.3.3/avr5\libgcc.a(_udivmodsi4.o)
 .data          0x008000c7        0x0 d:/university/external courses/imt-wazeefa tech/tools/imt_sdk_win_64/winavr/bin/../lib/gcc/avr/4.3.3/avr5\libgcc.a(_exit.o)
 .data          0x008000c7        0x0 d:/university/external courses/imt-wazeefa tech/tools/imt_sdk_win_64/winavr/bin/../lib/gcc/avr/4.3.3/avr5\libgcc.a(_copy_data.o)
 .data          0x008000c7        0x0 d:/university/external courses/imt-wazeefa tech/tools/imt_sdk_win_64/winavr/bin/../lib/gcc/avr/4.3.3/avr5\libgcc.a(_clear_bss.o)
 .data          0x008000c7        0x0 d:/university/external courses/imt-wazeefa tech/tools/imt_sdk_win_64/winavr/bin/../lib/gcc/avr/4.3.3/avr5\libgcc.a(_fixunssfsi.o)
 .data          0x008000c7        0x0 d:/university/external courses/imt-wazeefa tech/tools/imt_sdk_win_64/winavr/bin/../lib/gcc/avr/4.3.3/avr5\libgcc.a(_addsub_sf.o)
 .data          0x008000c7        0x0 d:/university/external courses/imt-wazeefa tech/tools/imt_sdk_win_64/winavr/bin/../lib/gcc/avr/4.3.3/avr5\libgcc.a(_mul_sf.o)
 .data          0x008000c7        0x0 d:/university/external courses/imt-wazeefa tech/tools/imt_sdk_win_64/winavr/bin/../lib/gcc/avr/4.3.3/avr5\libgcc.a(_div_sf.o)
 .data          0x008000c7        0x0 d:/university/external courses/imt-wazeefa tech/tools/imt_sdk_win_64/winavr/bin/../lib/gcc/avr/4.3.3/avr5\libgcc.a(_gt_sf.o)
 .data          0x008000c7        0x0 d:/university/external courses/imt-wazeefa tech/tools/imt_sdk_win_64/winavr/bin/../lib/gcc/avr/4.3.3/avr5\libgcc.a(_ge_sf.o)
 .data          0x008000c7        0x0 d:/university/external courses/imt-wazeefa tech/tools/imt_sdk_win_64/winavr/bin/../lib/gcc/avr/4.3.3/avr5\libgcc.a(_lt_sf.o)
 .data          0x008000c7        0x0 d:/university/external courses/imt-wazeefa tech/tools/imt_sdk_win_64/winavr/bin/../lib/gcc/avr/4.3.3/avr5\libgcc.a(_sf_to_si.o)
 .data          0x008000c7        0x8 d:/university/external courses/imt-wazeefa tech/tools/imt_sdk_win_64/winavr/bin/../lib/gcc/avr/4.3.3/avr5\libgcc.a(_thenan_sf.o)
                0x008000c7                __thenan_sf
 .data          0x008000cf        0x0 d:/university/external courses/imt-wazeefa tech/tools/imt_sdk_win_64/winavr/bin/../lib/gcc/avr/4.3.3/avr5\libgcc.a(_prologue.o)
 .data          0x008000cf        0x0 d:/university/external courses/imt-wazeefa tech/tools/imt_sdk_win_64/winavr/bin/../lib/gcc/avr/4.3.3/avr5\libgcc.a(_epilogue.o)
 .data          0x008000cf        0x0 d:/university/external courses/imt-wazeefa tech/tools/imt_sdk_win_64/winavr/bin/../lib/gcc/avr/4.3.3/avr5\libgcc.a(_pack_sf.o)
 .data          0x008000cf        0x0 d:/university/external courses/imt-wazeefa tech/tools/imt_sdk_win_64/winavr/bin/../lib/gcc/avr/4.3.3/avr5\libgcc.a(_unpack_sf.o)
 .data          0x008000cf        0x0 d:/university/external courses/imt-wazeefa tech/tools/imt_sdk_win_64/winavr/bin/../lib/gcc/avr/4.3.3/avr5\libgcc.a(_fpcmp_parts_sf.o)
 *(.data*)
 .data.KPD_arr  0x008000cf       0x10 ./KeyPad/KPD_program.o
                0x008000cf                KPD_arr
 *(.rodata)
 *(.rodata*)
 *(.gnu.linkonce.d*)
                0x008000e0                . = ALIGN (0x2)
 *fill*         0x008000df        0x1 00
                0x008000e0                _edata = .
                0x008000e0                PROVIDE (__data_end, .)

.bss            0x008000e0       0x3d
                0x008000e0                PROVIDE (__bss_start, .)
 *(.bss)
 .bss           0x008000e0        0x0 d:/university/external courses/imt-wazeefa tech/tools/imt_sdk_win_64/winavr/bin/../lib/gcc/avr/4.3.3/../../../../avr/lib/avr5/crtm32.o
 .bss           0x008000e0        0x0 ./UART/UART_program.o
 .bss           0x008000e0        0x0 ./TIMER1_Servo/TIMER1_program.o
 .bss           0x008000e0        0x0 ./TIMER0/TIMER0_program.o
 .bss           0x008000e0        0x0 ./SPI_Protocol/SPI_program.o
 .bss           0x008000e0        0x0 ./Password/Password_program.o
 .bss           0x008000e0        0x0 ./LCD/LCD_program.o
 .bss           0x008000e0        0x0 ./KeyPad/KPD_program.o
 .bss           0x008000e0        0x0 ./INT/EXTI_program.o
 .bss           0x008000e0        0x0 ./INT/Global_Interrupt_program.o
 .bss           0x008000e0        0x0 ./EEPROM/EEPROM_program.o
 .bss           0x008000e0        0x0 ./EEPROM/TWI_program.o
 .bss           0x008000e0        0x0 ./DIO/DIO_program.o
 .bss           0x008000e0        0x0 ./DC_Motor/DC_Motor_program.o
 .bss           0x008000e0        0x0 ./ADC/ADC_program.o
 .bss           0x008000e0        0x0 ./main.o
 .bss           0x008000e0        0x0 d:/university/external courses/imt-wazeefa tech/tools/imt_sdk_win_64/winavr/bin/../lib/gcc/avr/4.3.3/avr5\libgcc.a(_mulsi3.o)
 .bss           0x008000e0        0x0 d:/university/external courses/imt-wazeefa tech/tools/imt_sdk_win_64/winavr/bin/../lib/gcc/avr/4.3.3/avr5\libgcc.a(_udivmodhi4.o)
 .bss           0x008000e0        0x0 d:/university/external courses/imt-wazeefa tech/tools/imt_sdk_win_64/winavr/bin/../lib/gcc/avr/4.3.3/avr5\libgcc.a(_udivmodsi4.o)
 .bss           0x008000e0        0x0 d:/university/external courses/imt-wazeefa tech/tools/imt_sdk_win_64/winavr/bin/../lib/gcc/avr/4.3.3/avr5\libgcc.a(_exit.o)
 .bss           0x008000e0        0x0 d:/university/external courses/imt-wazeefa tech/tools/imt_sdk_win_64/winavr/bin/../lib/gcc/avr/4.3.3/avr5\libgcc.a(_copy_data.o)
 .bss           0x008000e0        0x0 d:/university/external courses/imt-wazeefa tech/tools/imt_sdk_win_64/winavr/bin/../lib/gcc/avr/4.3.3/avr5\libgcc.a(_clear_bss.o)
 .bss           0x008000e0        0x0 d:/university/external courses/imt-wazeefa tech/tools/imt_sdk_win_64/winavr/bin/../lib/gcc/avr/4.3.3/avr5\libgcc.a(_fixunssfsi.o)
 .bss           0x008000e0        0x0 d:/university/external courses/imt-wazeefa tech/tools/imt_sdk_win_64/winavr/bin/../lib/gcc/avr/4.3.3/avr5\libgcc.a(_addsub_sf.o)
 .bss           0x008000e0        0x0 d:/university/external courses/imt-wazeefa tech/tools/imt_sdk_win_64/winavr/bin/../lib/gcc/avr/4.3.3/avr5\libgcc.a(_mul_sf.o)
 .bss           0x008000e0        0x0 d:/university/external courses/imt-wazeefa tech/tools/imt_sdk_win_64/winavr/bin/../lib/gcc/avr/4.3.3/avr5\libgcc.a(_div_sf.o)
 .bss           0x008000e0        0x0 d:/university/external courses/imt-wazeefa tech/tools/imt_sdk_win_64/winavr/bin/../lib/gcc/avr/4.3.3/avr5\libgcc.a(_gt_sf.o)
 .bss           0x008000e0        0x0 d:/university/external courses/imt-wazeefa tech/tools/imt_sdk_win_64/winavr/bin/../lib/gcc/avr/4.3.3/avr5\libgcc.a(_ge_sf.o)
 .bss           0x008000e0        0x0 d:/university/external courses/imt-wazeefa tech/tools/imt_sdk_win_64/winavr/bin/../lib/gcc/avr/4.3.3/avr5\libgcc.a(_lt_sf.o)
 .bss           0x008000e0        0x0 d:/university/external courses/imt-wazeefa tech/tools/imt_sdk_win_64/winavr/bin/../lib/gcc/avr/4.3.3/avr5\libgcc.a(_sf_to_si.o)
 .bss           0x008000e0        0x0 d:/university/external courses/imt-wazeefa tech/tools/imt_sdk_win_64/winavr/bin/../lib/gcc/avr/4.3.3/avr5\libgcc.a(_thenan_sf.o)
 .bss           0x008000e0        0x0 d:/university/external courses/imt-wazeefa tech/tools/imt_sdk_win_64/winavr/bin/../lib/gcc/avr/4.3.3/avr5\libgcc.a(_prologue.o)
 .bss           0x008000e0        0x0 d:/university/external courses/imt-wazeefa tech/tools/imt_sdk_win_64/winavr/bin/../lib/gcc/avr/4.3.3/avr5\libgcc.a(_epilogue.o)
 .bss           0x008000e0        0x0 d:/university/external courses/imt-wazeefa tech/tools/imt_sdk_win_64/winavr/bin/../lib/gcc/avr/4.3.3/avr5\libgcc.a(_pack_sf.o)
 .bss           0x008000e0        0x0 d:/university/external courses/imt-wazeefa tech/tools/imt_sdk_win_64/winavr/bin/../lib/gcc/avr/4.3.3/avr5\libgcc.a(_unpack_sf.o)
 .bss           0x008000e0        0x0 d:/university/external courses/imt-wazeefa tech/tools/imt_sdk_win_64/winavr/bin/../lib/gcc/avr/4.3.3/avr5\libgcc.a(_fpcmp_parts_sf.o)
 *(.bss*)
 .bss.TIMER0_pfOVFCallBack
                0x008000e0        0x2 ./TIMER0/TIMER0_program.o
                0x008000e0                TIMER0_pfOVFCallBack
 .bss.TIMER0_pfComCallBack
                0x008000e2        0x2 ./TIMER0/TIMER0_program.o
                0x008000e2                TIMER0_pfComCallBack
 .bss.EXTI0_CALLBACK_PTR
                0x008000e4        0x2 ./INT/EXTI_program.o
                0x008000e4                EXTI0_CALLBACK_PTR
 .bss.EXTI1_CALLBACK_PTR
                0x008000e6        0x2 ./INT/EXTI_program.o
                0x008000e6                EXTI1_CALLBACK_PTR
 .bss.EXTI2_CALLBACK_PTR
                0x008000e8        0x2 ./INT/EXTI_program.o
                0x008000e8                EXTI2_CALLBACK_PTR
 .bss.ADC_CALLBACK_PTR
                0x008000ea        0x2 ./ADC/ADC_program.o
                0x008000ea                ADC_CALLBACK_PTR
 .bss.u16ServoCounter
                0x008000ec        0x2 ./main.o
                0x008000ec                u16ServoCounter
 *(COMMON)
 COMMON         0x008000ee        0x2 ./UART/UART_program.o
                0x008000ee                u8Global_Receive
                0x008000ef                u8Global_Data
 COMMON         0x008000f0        0x8 ./TIMER1_Servo/TIMER1_program.o
                0x008000f0                TIM1_pfCmpBCallBack
                0x008000f2                TIM1_pfIcuCallBack
                0x008000f4                TIM1_pfOvfCallBack
                0x008000f6                TIM1_pfCmpACallBack
 COMMON         0x008000f8        0xf ./Password/Password_program.o
                0x008000f8                u8key
                0x008000fd                input_password
                0x00800102                current_password
 COMMON         0x00800107       0x16 ./main.o
                0x00800107                u8InputPassword
                0x0080010c                u8WelcomeInFlag
                0x0080010d                u8Error
                0x00800112                u8EEPROMData
                0x00800117                u8FirstVar
                0x00800118                u8SecondVar
                0x00800119                u32Light_ISR
                0x0080011d                PROVIDE (__bss_end, .)
                0x00005f62                __data_load_start = LOADADDR (.data)
                0x00005fe2                __data_load_end = (__data_load_start + SIZEOF (.data))

.noinit         0x0080011d        0x0
                0x0080011d                PROVIDE (__noinit_start, .)
 *(.noinit*)
                0x0080011d                PROVIDE (__noinit_end, .)
                0x0080011d                _end = .
                0x0080011d                PROVIDE (__heap_start, .)

.eeprom         0x00810000        0x0
 *(.eeprom*)
                0x00810000                __eeprom_end = .

.fuse
 *(.fuse)
 *(.lfuse)
 *(.hfuse)
 *(.efuse)

.lock
 *(.lock*)

.signature
 *(.signature*)

.stab           0x00000000     0x6438
 *(.stab)
 .stab          0x00000000      0x69c ./UART/UART_program.o
 .stab          0x0000069c      0x8c4 ./TIMER1_Servo/TIMER1_program.o
                                0x8d0 (size before relaxing)
 .stab          0x00000f60      0x4bc ./TIMER0/TIMER0_program.o
                                0x4c8 (size before relaxing)
 .stab          0x0000141c      0x2b8 ./SPI_Protocol/SPI_program.o
                                0x2c4 (size before relaxing)
 .stab          0x000016d4      0x2b8 ./Password/Password_program.o
                                0x2c4 (size before relaxing)
 .stab          0x0000198c     0x1ba8 ./LCD/LCD_program.o
                               0x1d40 (size before relaxing)
 .stab          0x00003534      0x450 ./KeyPad/KPD_program.o
                                0x5e8 (size before relaxing)
 .stab          0x00003984      0x408 ./INT/EXTI_program.o
                                0x414 (size before relaxing)
 .stab          0x00003d8c      0x144 ./INT/Global_Interrupt_program.o
                                0x1ec (size before relaxing)
 .stab          0x00003ed0      0x504 ./EEPROM/EEPROM_program.o
                                0x69c (size before relaxing)
 .stab          0x000043d4      0x63c ./EEPROM/TWI_program.o
                                0x708 (size before relaxing)
 .stab          0x00004a10      0x540 ./DIO/DIO_program.o
                                0x54c (size before relaxing)
 .stab          0x00004f50      0x234 ./DC_Motor/DC_Motor_program.o
                                0x240 (size before relaxing)
 .stab          0x00005184      0x360 ./ADC/ADC_program.o
                                0x36c (size before relaxing)
 .stab          0x000054e4      0xf54 ./main.o
                               0x1110 (size before relaxing)

.stabstr        0x00000000     0x1e5b
 *(.stabstr)
 .stabstr       0x00000000     0x1e5b ./UART/UART_program.o

.stab.excl
 *(.stab.excl)

.stab.exclstr
 *(.stab.exclstr)

.stab.index
 *(.stab.index)

.stab.indexstr
 *(.stab.indexstr)

.comment
 *(.comment)

.debug
 *(.debug)

.line
 *(.line)

.debug_srcinfo
 *(.debug_srcinfo)

.debug_sfnames
 *(.debug_sfnames)

.debug_aranges  0x00000000      0x160
 *(.debug_aranges)
 .debug_aranges
                0x00000000       0x20 d:/university/external courses/imt-wazeefa tech/tools/imt_sdk_win_64/winavr/bin/../lib/gcc/avr/4.3.3/avr5\libgcc.a(_fixunssfsi.o)
 .debug_aranges
                0x00000020       0x20 d:/university/external courses/imt-wazeefa tech/tools/imt_sdk_win_64/winavr/bin/../lib/gcc/avr/4.3.3/avr5\libgcc.a(_addsub_sf.o)
 .debug_aranges
                0x00000040       0x20 d:/university/external courses/imt-wazeefa tech/tools/imt_sdk_win_64/winavr/bin/../lib/gcc/avr/4.3.3/avr5\libgcc.a(_mul_sf.o)
 .debug_aranges
                0x00000060       0x20 d:/university/external courses/imt-wazeefa tech/tools/imt_sdk_win_64/winavr/bin/../lib/gcc/avr/4.3.3/avr5\libgcc.a(_div_sf.o)
 .debug_aranges
                0x00000080       0x20 d:/university/external courses/imt-wazeefa tech/tools/imt_sdk_win_64/winavr/bin/../lib/gcc/avr/4.3.3/avr5\libgcc.a(_gt_sf.o)
 .debug_aranges
                0x000000a0       0x20 d:/university/external courses/imt-wazeefa tech/tools/imt_sdk_win_64/winavr/bin/../lib/gcc/avr/4.3.3/avr5\libgcc.a(_ge_sf.o)
 .debug_aranges
                0x000000c0       0x20 d:/university/external courses/imt-wazeefa tech/tools/imt_sdk_win_64/winavr/bin/../lib/gcc/avr/4.3.3/avr5\libgcc.a(_lt_sf.o)
 .debug_aranges
                0x000000e0       0x20 d:/university/external courses/imt-wazeefa tech/tools/imt_sdk_win_64/winavr/bin/../lib/gcc/avr/4.3.3/avr5\libgcc.a(_sf_to_si.o)
 .debug_aranges
                0x00000100       0x20 d:/university/external courses/imt-wazeefa tech/tools/imt_sdk_win_64/winavr/bin/../lib/gcc/avr/4.3.3/avr5\libgcc.a(_pack_sf.o)
 .debug_aranges
                0x00000120       0x20 d:/university/external courses/imt-wazeefa tech/tools/imt_sdk_win_64/winavr/bin/../lib/gcc/avr/4.3.3/avr5\libgcc.a(_unpack_sf.o)
 .debug_aranges
                0x00000140       0x20 d:/university/external courses/imt-wazeefa tech/tools/imt_sdk_win_64/winavr/bin/../lib/gcc/avr/4.3.3/avr5\libgcc.a(_fpcmp_parts_sf.o)

.debug_pubnames
                0x00000000      0x18f
 *(.debug_pubnames)
 .debug_pubnames
                0x00000000       0x23 d:/university/external courses/imt-wazeefa tech/tools/imt_sdk_win_64/winavr/bin/../lib/gcc/avr/4.3.3/avr5\libgcc.a(_fixunssfsi.o)
 .debug_pubnames
                0x00000023       0x2c d:/university/external courses/imt-wazeefa tech/tools/imt_sdk_win_64/winavr/bin/../lib/gcc/avr/4.3.3/avr5\libgcc.a(_addsub_sf.o)
 .debug_pubnames
                0x0000004f       0x1f d:/university/external courses/imt-wazeefa tech/tools/imt_sdk_win_64/winavr/bin/../lib/gcc/avr/4.3.3/avr5\libgcc.a(_mul_sf.o)
 .debug_pubnames
                0x0000006e       0x1f d:/university/external courses/imt-wazeefa tech/tools/imt_sdk_win_64/winavr/bin/../lib/gcc/avr/4.3.3/avr5\libgcc.a(_div_sf.o)
 .debug_pubnames
                0x0000008d       0x1e d:/university/external courses/imt-wazeefa tech/tools/imt_sdk_win_64/winavr/bin/../lib/gcc/avr/4.3.3/avr5\libgcc.a(_gt_sf.o)
 .debug_pubnames
                0x000000ab       0x1e d:/university/external courses/imt-wazeefa tech/tools/imt_sdk_win_64/winavr/bin/../lib/gcc/avr/4.3.3/avr5\libgcc.a(_ge_sf.o)
 .debug_pubnames
                0x000000c9       0x1e d:/university/external courses/imt-wazeefa tech/tools/imt_sdk_win_64/winavr/bin/../lib/gcc/avr/4.3.3/avr5\libgcc.a(_lt_sf.o)
 .debug_pubnames
                0x000000e7       0x20 d:/university/external courses/imt-wazeefa tech/tools/imt_sdk_win_64/winavr/bin/../lib/gcc/avr/4.3.3/avr5\libgcc.a(_sf_to_si.o)
 .debug_pubnames
                0x00000107       0x22 d:/university/external courses/imt-wazeefa tech/tools/imt_sdk_win_64/winavr/bin/../lib/gcc/avr/4.3.3/avr5\libgcc.a(_thenan_sf.o)
 .debug_pubnames
                0x00000129       0x1f d:/university/external courses/imt-wazeefa tech/tools/imt_sdk_win_64/winavr/bin/../lib/gcc/avr/4.3.3/avr5\libgcc.a(_pack_sf.o)
 .debug_pubnames
                0x00000148       0x21 d:/university/external courses/imt-wazeefa tech/tools/imt_sdk_win_64/winavr/bin/../lib/gcc/avr/4.3.3/avr5\libgcc.a(_unpack_sf.o)
 .debug_pubnames
                0x00000169       0x26 d:/university/external courses/imt-wazeefa tech/tools/imt_sdk_win_64/winavr/bin/../lib/gcc/avr/4.3.3/avr5\libgcc.a(_fpcmp_parts_sf.o)

.debug_info     0x00000000     0x2045
 *(.debug_info)
 .debug_info    0x00000000       0xb1 d:/university/external courses/imt-wazeefa tech/tools/imt_sdk_win_64/winavr/bin/../lib/gcc/avr/4.3.3/avr5\libgcc.a(_fixunssfsi.o)
 .debug_info    0x000000b1      0x47a d:/university/external courses/imt-wazeefa tech/tools/imt_sdk_win_64/winavr/bin/../lib/gcc/avr/4.3.3/avr5\libgcc.a(_addsub_sf.o)
 .debug_info    0x0000052b      0x485 d:/university/external courses/imt-wazeefa tech/tools/imt_sdk_win_64/winavr/bin/../lib/gcc/avr/4.3.3/avr5\libgcc.a(_mul_sf.o)
 .debug_info    0x000009b0      0x3fc d:/university/external courses/imt-wazeefa tech/tools/imt_sdk_win_64/winavr/bin/../lib/gcc/avr/4.3.3/avr5\libgcc.a(_div_sf.o)
 .debug_info    0x00000dac      0x27f d:/university/external courses/imt-wazeefa tech/tools/imt_sdk_win_64/winavr/bin/../lib/gcc/avr/4.3.3/avr5\libgcc.a(_gt_sf.o)
 .debug_info    0x0000102b      0x27f d:/university/external courses/imt-wazeefa tech/tools/imt_sdk_win_64/winavr/bin/../lib/gcc/avr/4.3.3/avr5\libgcc.a(_ge_sf.o)
 .debug_info    0x000012aa      0x27f d:/university/external courses/imt-wazeefa tech/tools/imt_sdk_win_64/winavr/bin/../lib/gcc/avr/4.3.3/avr5\libgcc.a(_lt_sf.o)
 .debug_info    0x00001529      0x2b0 d:/university/external courses/imt-wazeefa tech/tools/imt_sdk_win_64/winavr/bin/../lib/gcc/avr/4.3.3/avr5\libgcc.a(_sf_to_si.o)
 .debug_info    0x000017d9      0x12c d:/university/external courses/imt-wazeefa tech/tools/imt_sdk_win_64/winavr/bin/../lib/gcc/avr/4.3.3/avr5\libgcc.a(_thenan_sf.o)
 .debug_info    0x00001905      0x2df d:/university/external courses/imt-wazeefa tech/tools/imt_sdk_win_64/winavr/bin/../lib/gcc/avr/4.3.3/avr5\libgcc.a(_pack_sf.o)
 .debug_info    0x00001be4      0x251 d:/university/external courses/imt-wazeefa tech/tools/imt_sdk_win_64/winavr/bin/../lib/gcc/avr/4.3.3/avr5\libgcc.a(_unpack_sf.o)
 .debug_info    0x00001e35      0x210 d:/university/external courses/imt-wazeefa tech/tools/imt_sdk_win_64/winavr/bin/../lib/gcc/avr/4.3.3/avr5\libgcc.a(_fpcmp_parts_sf.o)
 *(.gnu.linkonce.wi.*)

.debug_abbrev   0x00000000     0x1101
 *(.debug_abbrev)
 .debug_abbrev  0x00000000       0x5d d:/university/external courses/imt-wazeefa tech/tools/imt_sdk_win_64/winavr/bin/../lib/gcc/avr/4.3.3/avr5\libgcc.a(_fixunssfsi.o)
 .debug_abbrev  0x0000005d      0x1ea d:/university/external courses/imt-wazeefa tech/tools/imt_sdk_win_64/winavr/bin/../lib/gcc/avr/4.3.3/avr5\libgcc.a(_addsub_sf.o)
 .debug_abbrev  0x00000247      0x21b d:/university/external courses/imt-wazeefa tech/tools/imt_sdk_win_64/winavr/bin/../lib/gcc/avr/4.3.3/avr5\libgcc.a(_mul_sf.o)
 .debug_abbrev  0x00000462      0x216 d:/university/external courses/imt-wazeefa tech/tools/imt_sdk_win_64/winavr/bin/../lib/gcc/avr/4.3.3/avr5\libgcc.a(_div_sf.o)
 .debug_abbrev  0x00000678      0x15a d:/university/external courses/imt-wazeefa tech/tools/imt_sdk_win_64/winavr/bin/../lib/gcc/avr/4.3.3/avr5\libgcc.a(_gt_sf.o)
 .debug_abbrev  0x000007d2      0x15a d:/university/external courses/imt-wazeefa tech/tools/imt_sdk_win_64/winavr/bin/../lib/gcc/avr/4.3.3/avr5\libgcc.a(_ge_sf.o)
 .debug_abbrev  0x0000092c      0x15a d:/university/external courses/imt-wazeefa tech/tools/imt_sdk_win_64/winavr/bin/../lib/gcc/avr/4.3.3/avr5\libgcc.a(_lt_sf.o)
 .debug_abbrev  0x00000a86      0x17f d:/university/external courses/imt-wazeefa tech/tools/imt_sdk_win_64/winavr/bin/../lib/gcc/avr/4.3.3/avr5\libgcc.a(_sf_to_si.o)
 .debug_abbrev  0x00000c05       0xad d:/university/external courses/imt-wazeefa tech/tools/imt_sdk_win_64/winavr/bin/../lib/gcc/avr/4.3.3/avr5\libgcc.a(_thenan_sf.o)
 .debug_abbrev  0x00000cb2      0x1c0 d:/university/external courses/imt-wazeefa tech/tools/imt_sdk_win_64/winavr/bin/../lib/gcc/avr/4.3.3/avr5\libgcc.a(_pack_sf.o)
 .debug_abbrev  0x00000e72      0x154 d:/university/external courses/imt-wazeefa tech/tools/imt_sdk_win_64/winavr/bin/../lib/gcc/avr/4.3.3/avr5\libgcc.a(_unpack_sf.o)
 .debug_abbrev  0x00000fc6      0x13b d:/university/external courses/imt-wazeefa tech/tools/imt_sdk_win_64/winavr/bin/../lib/gcc/avr/4.3.3/avr5\libgcc.a(_fpcmp_parts_sf.o)

.debug_line     0x00000000      0xf82
 *(.debug_line)
 .debug_line    0x00000000       0xa7 d:/university/external courses/imt-wazeefa tech/tools/imt_sdk_win_64/winavr/bin/../lib/gcc/avr/4.3.3/avr5\libgcc.a(_fixunssfsi.o)
 .debug_line    0x000000a7      0x2af d:/university/external courses/imt-wazeefa tech/tools/imt_sdk_win_64/winavr/bin/../lib/gcc/avr/4.3.3/avr5\libgcc.a(_addsub_sf.o)
 .debug_line    0x00000356      0x239 d:/university/external courses/imt-wazeefa tech/tools/imt_sdk_win_64/winavr/bin/../lib/gcc/avr/4.3.3/avr5\libgcc.a(_mul_sf.o)
 .debug_line    0x0000058f      0x1d5 d:/university/external courses/imt-wazeefa tech/tools/imt_sdk_win_64/winavr/bin/../lib/gcc/avr/4.3.3/avr5\libgcc.a(_div_sf.o)
 .debug_line    0x00000764       0xd3 d:/university/external courses/imt-wazeefa tech/tools/imt_sdk_win_64/winavr/bin/../lib/gcc/avr/4.3.3/avr5\libgcc.a(_gt_sf.o)
 .debug_line    0x00000837       0xd3 d:/university/external courses/imt-wazeefa tech/tools/imt_sdk_win_64/winavr/bin/../lib/gcc/avr/4.3.3/avr5\libgcc.a(_ge_sf.o)
 .debug_line    0x0000090a       0xd3 d:/university/external courses/imt-wazeefa tech/tools/imt_sdk_win_64/winavr/bin/../lib/gcc/avr/4.3.3/avr5\libgcc.a(_lt_sf.o)
 .debug_line    0x000009dd      0x109 d:/university/external courses/imt-wazeefa tech/tools/imt_sdk_win_64/winavr/bin/../lib/gcc/avr/4.3.3/avr5\libgcc.a(_sf_to_si.o)
 .debug_line    0x00000ae6       0x90 d:/university/external courses/imt-wazeefa tech/tools/imt_sdk_win_64/winavr/bin/../lib/gcc/avr/4.3.3/avr5\libgcc.a(_thenan_sf.o)
 .debug_line    0x00000b76      0x18a d:/university/external courses/imt-wazeefa tech/tools/imt_sdk_win_64/winavr/bin/../lib/gcc/avr/4.3.3/avr5\libgcc.a(_pack_sf.o)
 .debug_line    0x00000d00      0x14b d:/university/external courses/imt-wazeefa tech/tools/imt_sdk_win_64/winavr/bin/../lib/gcc/avr/4.3.3/avr5\libgcc.a(_unpack_sf.o)
 .debug_line    0x00000e4b      0x137 d:/university/external courses/imt-wazeefa tech/tools/imt_sdk_win_64/winavr/bin/../lib/gcc/avr/4.3.3/avr5\libgcc.a(_fpcmp_parts_sf.o)

.debug_frame    0x00000000      0x180
 *(.debug_frame)
 .debug_frame   0x00000000       0x20 d:/university/external courses/imt-wazeefa tech/tools/imt_sdk_win_64/winavr/bin/../lib/gcc/avr/4.3.3/avr5\libgcc.a(_fixunssfsi.o)
 .debug_frame   0x00000020       0x40 d:/university/external courses/imt-wazeefa tech/tools/imt_sdk_win_64/winavr/bin/../lib/gcc/avr/4.3.3/avr5\libgcc.a(_addsub_sf.o)
 .debug_frame   0x00000060       0x20 d:/university/external courses/imt-wazeefa tech/tools/imt_sdk_win_64/winavr/bin/../lib/gcc/avr/4.3.3/avr5\libgcc.a(_mul_sf.o)
 .debug_frame   0x00000080       0x20 d:/university/external courses/imt-wazeefa tech/tools/imt_sdk_win_64/winavr/bin/../lib/gcc/avr/4.3.3/avr5\libgcc.a(_div_sf.o)
 .debug_frame   0x000000a0       0x20 d:/university/external courses/imt-wazeefa tech/tools/imt_sdk_win_64/winavr/bin/../lib/gcc/avr/4.3.3/avr5\libgcc.a(_gt_sf.o)
 .debug_frame   0x000000c0       0x20 d:/university/external courses/imt-wazeefa tech/tools/imt_sdk_win_64/winavr/bin/../lib/gcc/avr/4.3.3/avr5\libgcc.a(_ge_sf.o)
 .debug_frame   0x000000e0       0x20 d:/university/external courses/imt-wazeefa tech/tools/imt_sdk_win_64/winavr/bin/../lib/gcc/avr/4.3.3/avr5\libgcc.a(_lt_sf.o)
 .debug_frame   0x00000100       0x20 d:/university/external courses/imt-wazeefa tech/tools/imt_sdk_win_64/winavr/bin/../lib/gcc/avr/4.3.3/avr5\libgcc.a(_sf_to_si.o)
 .debug_frame   0x00000120       0x20 d:/university/external courses/imt-wazeefa tech/tools/imt_sdk_win_64/winavr/bin/../lib/gcc/avr/4.3.3/avr5\libgcc.a(_pack_sf.o)
 .debug_frame   0x00000140       0x20 d:/university/external courses/imt-wazeefa tech/tools/imt_sdk_win_64/winavr/bin/../lib/gcc/avr/4.3.3/avr5\libgcc.a(_unpack_sf.o)
 .debug_frame   0x00000160       0x20 d:/university/external courses/imt-wazeefa tech/tools/imt_sdk_win_64/winavr/bin/../lib/gcc/avr/4.3.3/avr5\libgcc.a(_fpcmp_parts_sf.o)

.debug_str      0x00000000      0x2c2
 *(.debug_str)
 .debug_str     0x00000000       0xbf d:/university/external courses/imt-wazeefa tech/tools/imt_sdk_win_64/winavr/bin/../lib/gcc/avr/4.3.3/avr5\libgcc.a(_fixunssfsi.o)
                                 0xfe (size before relaxing)
 .debug_str     0x000000bf      0x14d d:/university/external courses/imt-wazeefa tech/tools/imt_sdk_win_64/winavr/bin/../lib/gcc/avr/4.3.3/avr5\libgcc.a(_addsub_sf.o)
                                0x206 (size before relaxing)
 .debug_str     0x0000020c       0x27 d:/university/external courses/imt-wazeefa tech/tools/imt_sdk_win_64/winavr/bin/../lib/gcc/avr/4.3.3/avr5\libgcc.a(_mul_sf.o)
                                0x1bf (size before relaxing)
 .debug_str     0x00000233       0x35 d:/university/external courses/imt-wazeefa tech/tools/imt_sdk_win_64/winavr/bin/../lib/gcc/avr/4.3.3/avr5\libgcc.a(_div_sf.o)
                                0x1c8 (size before relaxing)
 .debug_str     0x00000268        0xf d:/university/external courses/imt-wazeefa tech/tools/imt_sdk_win_64/winavr/bin/../lib/gcc/avr/4.3.3/avr5\libgcc.a(_gt_sf.o)
                                0x195 (size before relaxing)
 .debug_str     0x00000277        0x8 d:/university/external courses/imt-wazeefa tech/tools/imt_sdk_win_64/winavr/bin/../lib/gcc/avr/4.3.3/avr5\libgcc.a(_ge_sf.o)
                                0x195 (size before relaxing)
 .debug_str     0x0000027f        0x8 d:/university/external courses/imt-wazeefa tech/tools/imt_sdk_win_64/winavr/bin/../lib/gcc/avr/4.3.3/avr5\libgcc.a(_lt_sf.o)
                                0x195 (size before relaxing)
 .debug_str     0x00000287        0xa d:/university/external courses/imt-wazeefa tech/tools/imt_sdk_win_64/winavr/bin/../lib/gcc/avr/4.3.3/avr5\libgcc.a(_sf_to_si.o)
                                0x19e (size before relaxing)
 .debug_str     0x00000000      0x103 d:/university/external courses/imt-wazeefa tech/tools/imt_sdk_win_64/winavr/bin/../lib/gcc/avr/4.3.3/avr5\libgcc.a(_thenan_sf.o)
 .debug_str     0x00000291       0x16 d:/university/external courses/imt-wazeefa tech/tools/imt_sdk_win_64/winavr/bin/../lib/gcc/avr/4.3.3/avr5\libgcc.a(_pack_sf.o)
                                0x19d (size before relaxing)
 .debug_str     0x000002a7        0xb d:/university/external courses/imt-wazeefa tech/tools/imt_sdk_win_64/winavr/bin/../lib/gcc/avr/4.3.3/avr5\libgcc.a(_unpack_sf.o)
                                0x17f (size before relaxing)
 .debug_str     0x000002b2       0x10 d:/university/external courses/imt-wazeefa tech/tools/imt_sdk_win_64/winavr/bin/../lib/gcc/avr/4.3.3/avr5\libgcc.a(_fpcmp_parts_sf.o)
                                0x163 (size before relaxing)

.debug_loc      0x00000000      0x88e
 *(.debug_loc)
 .debug_loc     0x00000000       0x34 d:/university/external courses/imt-wazeefa tech/tools/imt_sdk_win_64/winavr/bin/../lib/gcc/avr/4.3.3/avr5\libgcc.a(_fixunssfsi.o)
 .debug_loc     0x00000034      0x32a d:/university/external courses/imt-wazeefa tech/tools/imt_sdk_win_64/winavr/bin/../lib/gcc/avr/4.3.3/avr5\libgcc.a(_addsub_sf.o)
 .debug_loc     0x0000035e      0x104 d:/university/external courses/imt-wazeefa tech/tools/imt_sdk_win_64/winavr/bin/../lib/gcc/avr/4.3.3/avr5\libgcc.a(_mul_sf.o)
 .debug_loc     0x00000462       0xc0 d:/university/external courses/imt-wazeefa tech/tools/imt_sdk_win_64/winavr/bin/../lib/gcc/avr/4.3.3/avr5\libgcc.a(_div_sf.o)
 .debug_loc     0x00000522       0x3c d:/university/external courses/imt-wazeefa tech/tools/imt_sdk_win_64/winavr/bin/../lib/gcc/avr/4.3.3/avr5\libgcc.a(_gt_sf.o)
 .debug_loc     0x0000055e       0x3c d:/university/external courses/imt-wazeefa tech/tools/imt_sdk_win_64/winavr/bin/../lib/gcc/avr/4.3.3/avr5\libgcc.a(_ge_sf.o)
 .debug_loc     0x0000059a       0x3c d:/university/external courses/imt-wazeefa tech/tools/imt_sdk_win_64/winavr/bin/../lib/gcc/avr/4.3.3/avr5\libgcc.a(_lt_sf.o)
 .debug_loc     0x000005d6       0x7e d:/university/external courses/imt-wazeefa tech/tools/imt_sdk_win_64/winavr/bin/../lib/gcc/avr/4.3.3/avr5\libgcc.a(_sf_to_si.o)
 .debug_loc     0x00000654      0x13e d:/university/external courses/imt-wazeefa tech/tools/imt_sdk_win_64/winavr/bin/../lib/gcc/avr/4.3.3/avr5\libgcc.a(_pack_sf.o)
 .debug_loc     0x00000792       0xac d:/university/external courses/imt-wazeefa tech/tools/imt_sdk_win_64/winavr/bin/../lib/gcc/avr/4.3.3/avr5\libgcc.a(_unpack_sf.o)
 .debug_loc     0x0000083e       0x50 d:/university/external courses/imt-wazeefa tech/tools/imt_sdk_win_64/winavr/bin/../lib/gcc/avr/4.3.3/avr5\libgcc.a(_fpcmp_parts_sf.o)

.debug_macinfo
 *(.debug_macinfo)
OUTPUT(AVR_Final_Project.elf elf32-avr)
LOAD linker stubs

.debug_ranges   0x00000000       0x50
 .debug_ranges  0x00000000       0x50 d:/university/external courses/imt-wazeefa tech/tools/imt_sdk_win_64/winavr/bin/../lib/gcc/avr/4.3.3/avr5\libgcc.a(_mul_sf.o)
