Archive member included because of file (symbol)

d:/university/external courses/imt-wazeefa tech/tools/imt_sdk_win_64/winavr/bin/../lib/gcc/avr/4.3.3/avr5\libgcc.a(_udivmodqi4.o)
                              ./7SEG/seven_segment_program.o (__udivmodqi4)
d:/university/external courses/imt-wazeefa tech/tools/imt_sdk_win_64/winavr/bin/../lib/gcc/avr/4.3.3/avr5\libgcc.a(_exit.o)
                              d:/university/external courses/imt-wazeefa tech/tools/imt_sdk_win_64/winavr/bin/../lib/gcc/avr/4.3.3/../../../../avr/lib/avr5/crtm32.o (exit)
d:/university/external courses/imt-wazeefa tech/tools/imt_sdk_win_64/winavr/bin/../lib/gcc/avr/4.3.3/avr5\libgcc.a(_copy_data.o)
                              ./KeyPad/KPD_program.o (__do_copy_data)
d:/university/external courses/imt-wazeefa tech/tools/imt_sdk_win_64/winavr/bin/../lib/gcc/avr/4.3.3/avr5\libgcc.a(_clear_bss.o)
                              ./UART/UART_program.o (__do_clear_bss)
d:/university/external courses/imt-wazeefa tech/tools/imt_sdk_win_64/winavr/bin/../lib/gcc/avr/4.3.3/avr5\libgcc.a(_fixunssfsi.o)
                              ./UART/UART_program.o (__fixunssfsi)
d:/university/external courses/imt-wazeefa tech/tools/imt_sdk_win_64/winavr/bin/../lib/gcc/avr/4.3.3/avr5\libgcc.a(_addsub_sf.o)
                              d:/university/external courses/imt-wazeefa tech/tools/imt_sdk_win_64/winavr/bin/../lib/gcc/avr/4.3.3/avr5\libgcc.a(_fixunssfsi.o) (__subsf3)
d:/university/external courses/imt-wazeefa tech/tools/imt_sdk_win_64/winavr/bin/../lib/gcc/avr/4.3.3/avr5\libgcc.a(_mul_sf.o)
                              ./UART/UART_program.o (__mulsf3)
d:/university/external courses/imt-wazeefa tech/tools/imt_sdk_win_64/winavr/bin/../lib/gcc/avr/4.3.3/avr5\libgcc.a(_div_sf.o)
                              ./LCD/LCD_program.o (__divsf3)
d:/university/external courses/imt-wazeefa tech/tools/imt_sdk_win_64/winavr/bin/../lib/gcc/avr/4.3.3/avr5\libgcc.a(_gt_sf.o)
                              ./UART/UART_program.o (__gtsf2)
d:/university/external courses/imt-wazeefa tech/tools/imt_sdk_win_64/winavr/bin/../lib/gcc/avr/4.3.3/avr5\libgcc.a(_ge_sf.o)
                              d:/university/external courses/imt-wazeefa tech/tools/imt_sdk_win_64/winavr/bin/../lib/gcc/avr/4.3.3/avr5\libgcc.a(_fixunssfsi.o) (__gesf2)
d:/university/external courses/imt-wazeefa tech/tools/imt_sdk_win_64/winavr/bin/../lib/gcc/avr/4.3.3/avr5\libgcc.a(_lt_sf.o)
                              ./UART/UART_program.o (__ltsf2)
d:/university/external courses/imt-wazeefa tech/tools/imt_sdk_win_64/winavr/bin/../lib/gcc/avr/4.3.3/avr5\libgcc.a(_sf_to_si.o)
                              d:/university/external courses/imt-wazeefa tech/tools/imt_sdk_win_64/winavr/bin/../lib/gcc/avr/4.3.3/avr5\libgcc.a(_fixunssfsi.o) (__fixsfsi)
d:/university/external courses/imt-wazeefa tech/tools/imt_sdk_win_64/winavr/bin/../lib/gcc/avr/4.3.3/avr5\libgcc.a(_thenan_sf.o)
                              d:/university/external courses/imt-wazeefa tech/tools/imt_sdk_win_64/winavr/bin/../lib/gcc/avr/4.3.3/avr5\libgcc.a(_addsub_sf.o) (__thenan_sf)
d:/university/external courses/imt-wazeefa tech/tools/imt_sdk_win_64/winavr/bin/../lib/gcc/avr/4.3.3/avr5\libgcc.a(_prologue.o)
                              d:/university/external courses/imt-wazeefa tech/tools/imt_sdk_win_64/winavr/bin/../lib/gcc/avr/4.3.3/avr5\libgcc.a(_addsub_sf.o) (__prologue_saves__)
d:/university/external courses/imt-wazeefa tech/tools/imt_sdk_win_64/winavr/bin/../lib/gcc/avr/4.3.3/avr5\libgcc.a(_epilogue.o)
                              d:/university/external courses/imt-wazeefa tech/tools/imt_sdk_win_64/winavr/bin/../lib/gcc/avr/4.3.3/avr5\libgcc.a(_addsub_sf.o) (__epilogue_restores__)
d:/university/external courses/imt-wazeefa tech/tools/imt_sdk_win_64/winavr/bin/../lib/gcc/avr/4.3.3/avr5\libgcc.a(_pack_sf.o)
                              d:/university/external courses/imt-wazeefa tech/tools/imt_sdk_win_64/winavr/bin/../lib/gcc/avr/4.3.3/avr5\libgcc.a(_addsub_sf.o) (__pack_f)
d:/university/external courses/imt-wazeefa tech/tools/imt_sdk_win_64/winavr/bin/../lib/gcc/avr/4.3.3/avr5\libgcc.a(_unpack_sf.o)
                              d:/university/external courses/imt-wazeefa tech/tools/imt_sdk_win_64/winavr/bin/../lib/gcc/avr/4.3.3/avr5\libgcc.a(_addsub_sf.o) (__unpack_f)
d:/university/external courses/imt-wazeefa tech/tools/imt_sdk_win_64/winavr/bin/../lib/gcc/avr/4.3.3/avr5\libgcc.a(_fpcmp_parts_sf.o)
                              d:/university/external courses/imt-wazeefa tech/tools/imt_sdk_win_64/winavr/bin/../lib/gcc/avr/4.3.3/avr5\libgcc.a(_gt_sf.o) (__fpcmp_parts_f)

Allocating common symbols
Common symbol       size              file

u8Global_Receive    0x1               ./UART/UART_program.o
u8Global_Data       0x1               ./UART/UART_program.o

Memory Configuration

Name             Origin             Length             Attributes
text             0x00000000         0x00020000         xr
data             0x00800060         0x0000ffa0         rw !x
eeprom           0x00810000         0x00010000         rw !x
fuse             0x00820000         0x00000400         rw !x
lock             0x00830000         0x00000400         rw !x
signature        0x00840000         0x00000400         rw !x
*default*        0x00000000         0xffffffff

Linker script and memory map

LOAD d:/university/external courses/imt-wazeefa tech/tools/imt_sdk_win_64/winavr/bin/../lib/gcc/avr/4.3.3/../../../../avr/lib/avr5/crtm32.o
LOAD ./UART/UART_program.o
LOAD ./SPI_Protocol/SPI_program.o
LOAD ./LCD/LCD_program.o
LOAD ./KeyPad/KPD_program.o
LOAD ./INT/EXTI_program.o
LOAD ./INT/Global_Interrupt_program.o
LOAD ./DIO/DIO_program.o
LOAD ./7SEG/seven_segment_program.o
LOAD ./Slave_main.o
LOAD d:/university/external courses/imt-wazeefa tech/tools/imt_sdk_win_64/winavr/bin/../lib/gcc/avr/4.3.3/avr5\libgcc.a
LOAD d:/university/external courses/imt-wazeefa tech/tools/imt_sdk_win_64/winavr/bin/../lib/gcc/avr/4.3.3/../../../../avr/lib/avr5\libc.a
LOAD d:/university/external courses/imt-wazeefa tech/tools/imt_sdk_win_64/winavr/bin/../lib/gcc/avr/4.3.3/avr5\libgcc.a

.hash
 *(.hash)

.dynsym
 *(.dynsym)

.dynstr
 *(.dynstr)

.gnu.version
 *(.gnu.version)

.gnu.version_d
 *(.gnu.version_d)

.gnu.version_r
 *(.gnu.version_r)

.rel.init
 *(.rel.init)

.rela.init
 *(.rela.init)

.rel.text
 *(.rel.text)
 *(.rel.text.*)
 *(.rel.gnu.linkonce.t*)

.rela.text
 *(.rela.text)
 *(.rela.text.*)
 *(.rela.gnu.linkonce.t*)

.rel.fini
 *(.rel.fini)

.rela.fini
 *(.rela.fini)

.rel.rodata
 *(.rel.rodata)
 *(.rel.rodata.*)
 *(.rel.gnu.linkonce.r*)

.rela.rodata
 *(.rela.rodata)
 *(.rela.rodata.*)
 *(.rela.gnu.linkonce.r*)

.rel.data
 *(.rel.data)
 *(.rel.data.*)
 *(.rel.gnu.linkonce.d*)

.rela.data
 *(.rela.data)
 *(.rela.data.*)
 *(.rela.gnu.linkonce.d*)

.rel.ctors
 *(.rel.ctors)

.rela.ctors
 *(.rela.ctors)

.rel.dtors
 *(.rel.dtors)

.rela.dtors
 *(.rela.dtors)

.rel.got
 *(.rel.got)

.rela.got
 *(.rela.got)

.rel.bss
 *(.rel.bss)

.rela.bss
 *(.rela.bss)

.rel.plt
 *(.rel.plt)

.rela.plt
 *(.rela.plt)

.text           0x00000000     0x4000
 *(.vectors)
 .vectors       0x00000000       0x54 d:/university/external courses/imt-wazeefa tech/tools/imt_sdk_win_64/winavr/bin/../lib/gcc/avr/4.3.3/../../../../avr/lib/avr5/crtm32.o
                0x00000000                __vectors
                0x00000000                __vector_default
 *(.vectors)
 *(.progmem.gcc*)
 *(.progmem*)
                0x00000054                . = ALIGN (0x2)
                0x00000054                __trampolines_start = .
 *(.trampolines)
 .trampolines   0x00000054        0x0 linker stubs
 *(.trampolines*)
                0x00000054                __trampolines_end = .
 *(.jumptables)
 *(.jumptables*)
 *(.lowtext)
 *(.lowtext*)
                0x00000054                __ctors_start = .
 *(.ctors)
                0x00000054                __ctors_end = .
                0x00000054                __dtors_start = .
 *(.dtors)
                0x00000054                __dtors_end = .
 SORT(*)(.ctors)
 SORT(*)(.dtors)
 *(.init0)
 .init0         0x00000054        0x0 d:/university/external courses/imt-wazeefa tech/tools/imt_sdk_win_64/winavr/bin/../lib/gcc/avr/4.3.3/../../../../avr/lib/avr5/crtm32.o
                0x00000054                __init
 *(.init0)
 *(.init1)
 *(.init1)
 *(.init2)
 .init2         0x00000054        0xc d:/university/external courses/imt-wazeefa tech/tools/imt_sdk_win_64/winavr/bin/../lib/gcc/avr/4.3.3/../../../../avr/lib/avr5/crtm32.o
 *(.init2)
 *(.init3)
 *(.init3)
 *(.init4)
 .init4         0x00000060       0x16 d:/university/external courses/imt-wazeefa tech/tools/imt_sdk_win_64/winavr/bin/../lib/gcc/avr/4.3.3/avr5\libgcc.a(_copy_data.o)
                0x00000060                __do_copy_data
 .init4         0x00000076       0x10 d:/university/external courses/imt-wazeefa tech/tools/imt_sdk_win_64/winavr/bin/../lib/gcc/avr/4.3.3/avr5\libgcc.a(_clear_bss.o)
                0x00000076                __do_clear_bss
 *(.init4)
 *(.init5)
 *(.init5)
 *(.init6)
 *(.init6)
 *(.init7)
 *(.init7)
 *(.init8)
 *(.init8)
 *(.init9)
 .init9         0x00000086        0x8 d:/university/external courses/imt-wazeefa tech/tools/imt_sdk_win_64/winavr/bin/../lib/gcc/avr/4.3.3/../../../../avr/lib/avr5/crtm32.o
 *(.init9)
 *(.text)
 .text          0x0000008e        0x4 d:/university/external courses/imt-wazeefa tech/tools/imt_sdk_win_64/winavr/bin/../lib/gcc/avr/4.3.3/../../../../avr/lib/avr5/crtm32.o
                0x0000008e                __vector_12
                0x0000008e                __bad_interrupt
                0x0000008e                __vector_6
                0x0000008e                __vector_11
                0x0000008e                __vector_17
                0x0000008e                __vector_19
                0x0000008e                __vector_7
                0x0000008e                __vector_5
                0x0000008e                __vector_4
                0x0000008e                __vector_9
                0x0000008e                __vector_8
                0x0000008e                __vector_10
                0x0000008e                __vector_16
                0x0000008e                __vector_18
                0x0000008e                __vector_20
 .text          0x00000092        0x0 ./UART/UART_program.o
 .text          0x00000092        0x0 ./SPI_Protocol/SPI_program.o
 .text          0x00000092        0x0 ./LCD/LCD_program.o
 .text          0x00000092        0x0 ./KeyPad/KPD_program.o
 .text          0x00000092        0x0 ./INT/EXTI_program.o
 .text          0x00000092        0x0 ./INT/Global_Interrupt_program.o
 .text          0x00000092        0x0 ./DIO/DIO_program.o
 .text          0x00000092        0x0 ./7SEG/seven_segment_program.o
 .text          0x00000092        0x0 ./Slave_main.o
 .text          0x00000092        0x0 d:/university/external courses/imt-wazeefa tech/tools/imt_sdk_win_64/winavr/bin/../lib/gcc/avr/4.3.3/avr5\libgcc.a(_udivmodqi4.o)
 .text          0x00000092        0x0 d:/university/external courses/imt-wazeefa tech/tools/imt_sdk_win_64/winavr/bin/../lib/gcc/avr/4.3.3/avr5\libgcc.a(_exit.o)
 .text          0x00000092        0x0 d:/university/external courses/imt-wazeefa tech/tools/imt_sdk_win_64/winavr/bin/../lib/gcc/avr/4.3.3/avr5\libgcc.a(_copy_data.o)
 .text          0x00000092        0x0 d:/university/external courses/imt-wazeefa tech/tools/imt_sdk_win_64/winavr/bin/../lib/gcc/avr/4.3.3/avr5\libgcc.a(_clear_bss.o)
 .text          0x00000092       0x58 d:/university/external courses/imt-wazeefa tech/tools/imt_sdk_win_64/winavr/bin/../lib/gcc/avr/4.3.3/avr5\libgcc.a(_fixunssfsi.o)
                0x00000092                __fixunssfsi
 .text          0x000000ea      0x354 d:/university/external courses/imt-wazeefa tech/tools/imt_sdk_win_64/winavr/bin/../lib/gcc/avr/4.3.3/avr5\libgcc.a(_addsub_sf.o)
                0x00000382                __subsf3
                0x000003e4                __addsf3
 .text          0x0000043e      0x1f4 d:/university/external courses/imt-wazeefa tech/tools/imt_sdk_win_64/winavr/bin/../lib/gcc/avr/4.3.3/avr5\libgcc.a(_mul_sf.o)
                0x0000043e                __mulsf3
 .text          0x00000632      0x158 d:/university/external courses/imt-wazeefa tech/tools/imt_sdk_win_64/winavr/bin/../lib/gcc/avr/4.3.3/avr5\libgcc.a(_div_sf.o)
                0x00000632                __divsf3
 .text          0x0000078a       0x60 d:/university/external courses/imt-wazeefa tech/tools/imt_sdk_win_64/winavr/bin/../lib/gcc/avr/4.3.3/avr5\libgcc.a(_gt_sf.o)
                0x0000078a                __gtsf2
 .text          0x000007ea       0x60 d:/university/external courses/imt-wazeefa tech/tools/imt_sdk_win_64/winavr/bin/../lib/gcc/avr/4.3.3/avr5\libgcc.a(_ge_sf.o)
                0x000007ea                __gesf2
 .text          0x0000084a       0x60 d:/university/external courses/imt-wazeefa tech/tools/imt_sdk_win_64/winavr/bin/../lib/gcc/avr/4.3.3/avr5\libgcc.a(_lt_sf.o)
                0x0000084a                __ltsf2
 .text          0x000008aa       0xa8 d:/university/external courses/imt-wazeefa tech/tools/imt_sdk_win_64/winavr/bin/../lib/gcc/avr/4.3.3/avr5\libgcc.a(_sf_to_si.o)
                0x000008aa                __fixsfsi
 .text          0x00000952        0x0 d:/university/external courses/imt-wazeefa tech/tools/imt_sdk_win_64/winavr/bin/../lib/gcc/avr/4.3.3/avr5\libgcc.a(_thenan_sf.o)
 .text          0x00000952        0x0 d:/university/external courses/imt-wazeefa tech/tools/imt_sdk_win_64/winavr/bin/../lib/gcc/avr/4.3.3/avr5\libgcc.a(_prologue.o)
 .text          0x00000952        0x0 d:/university/external courses/imt-wazeefa tech/tools/imt_sdk_win_64/winavr/bin/../lib/gcc/avr/4.3.3/avr5\libgcc.a(_epilogue.o)
 .text          0x00000952      0x1aa d:/university/external courses/imt-wazeefa tech/tools/imt_sdk_win_64/winavr/bin/../lib/gcc/avr/4.3.3/avr5\libgcc.a(_pack_sf.o)
                0x00000952                __pack_f
 .text          0x00000afc       0xf0 d:/university/external courses/imt-wazeefa tech/tools/imt_sdk_win_64/winavr/bin/../lib/gcc/avr/4.3.3/avr5\libgcc.a(_unpack_sf.o)
                0x00000afc                __unpack_f
 .text          0x00000bec       0xb2 d:/university/external courses/imt-wazeefa tech/tools/imt_sdk_win_64/winavr/bin/../lib/gcc/avr/4.3.3/avr5\libgcc.a(_fpcmp_parts_sf.o)
                0x00000bec                __fpcmp_parts_f
                0x00000c9e                . = ALIGN (0x2)
 *(.text.*)
 .text.UART_voidInit
                0x00000c9e       0x94 ./UART/UART_program.o
                0x00000c9e                UART_voidInit
 .text.UART_voidSendDataAsynch
                0x00000d32       0x1a ./UART/UART_program.o
                0x00000d32                UART_voidSendDataAsynch
 .text.UART_voidSendDataSynch
                0x00000d4c       0x2e ./UART/UART_program.o
                0x00000d4c                UART_voidSendDataSynch
 .text.UART_u8ReceiveData
                0x00000d7a       0x1e ./UART/UART_program.o
                0x00000d7a                UART_u8ReceiveData
 .text.UART_voidSendstring
                0x00000d98      0x130 ./UART/UART_program.o
                0x00000d98                UART_voidSendstring
 .text.__vector_13
                0x00000ec8       0x36 ./UART/UART_program.o
                0x00000ec8                __vector_13
 .text.__vector_15
                0x00000efe       0x20 ./UART/UART_program.o
                0x00000efe                __vector_15
 .text.__vector_14
                0x00000f1e       0x58 ./UART/UART_program.o
                0x00000f1e                __vector_14
 .text.SPI_voidMasterInit
                0x00000f76       0x7e ./SPI_Protocol/SPI_program.o
                0x00000f76                SPI_voidMasterInit
 .text.SPI_voidSlaveInit
                0x00000ff4       0x54 ./SPI_Protocol/SPI_program.o
                0x00000ff4                SPI_voidSlaveInit
 .text.SPI_u8TransceiverDataSynch
                0x00001048       0x2c ./SPI_Protocol/SPI_program.o
                0x00001048                SPI_u8TransceiverDataSynch
 .text.LCD_voidInit
                0x00001074      0x676 ./LCD/LCD_program.o
                0x00001074                LCD_voidInit
 .text.LCD_voidInit_4bitMode
                0x000016ea      0x69e ./LCD/LCD_program.o
                0x000016ea                LCD_voidInit_4bitMode
 .text.LCD_voidSendCommand
                0x00001d88      0x132 ./LCD/LCD_program.o
                0x00001d88                LCD_voidSendCommand
 .text.LCD_voidSendCommand_4bitMode
                0x00001eba      0x7aa ./LCD/LCD_program.o
                0x00001eba                LCD_voidSendCommand_4bitMode
 .text.LCD_voidWriteCharctr
                0x00002664      0x132 ./LCD/LCD_program.o
                0x00002664                LCD_voidWriteCharctr
 .text.LCD_voidWriteCharctr_4bitMode
                0x00002796      0x7aa ./LCD/LCD_program.o
                0x00002796                LCD_voidWriteCharctr_4bitMode
 .text.LCD_voidWriteString
                0x00002f40       0x48 ./LCD/LCD_program.o
                0x00002f40                LCD_voidWriteString
 .text.LCD_voidWriteString_4bitMode
                0x00002f88       0x48 ./LCD/LCD_program.o
                0x00002f88                LCD_voidWriteString_4bitMode
 .text.Gotoxy   0x00002fd0       0x56 ./LCD/LCD_program.o
                0x00002fd0                Gotoxy
 .text.LCD_voidGotoxy_4bitMode
                0x00003026       0x56 ./LCD/LCD_program.o
                0x00003026                LCD_voidGotoxy_4bitMode
 .text.LCD_voidWriteExtraChar
                0x0000307c       0x18 ./LCD/LCD_program.o
                0x0000307c                LCD_voidWriteExtraChar
 .text.LCD_voidDisplayKeys
                0x00003094      0x1d8 ./LCD/LCD_program.o
                0x00003094                LCD_voidDisplayKeys
 .text.KPD_voidInit
                0x0000326c       0x48 ./KeyPad/KPD_program.o
                0x0000326c                KPD_voidInit
 .text.KPD_u8GetKey
                0x000032b4      0x1a6 ./KeyPad/KPD_program.o
                0x000032b4                KPD_u8GetKey
 .text.EXT_INTERRUPT_VID_INIT
                0x0000345a       0x54 ./INT/EXTI_program.o
                0x0000345a                EXT_INTERRUPT_VID_INIT
 .text.EXT_INTERRUPT_VID_ENABLE
                0x000034ae       0x6e ./INT/EXTI_program.o
                0x000034ae                EXT_INTERRUPT_VID_ENABLE
 .text.EXT_INTERRUPT_VID_DISABLE
                0x0000351c       0x6e ./INT/EXTI_program.o
                0x0000351c                EXT_INTERRUPT_VID_DISABLE
 .text.EXT0_VID_SET_CALL_BACK
                0x0000358a       0x24 ./INT/EXTI_program.o
                0x0000358a                EXT0_VID_SET_CALL_BACK
 .text.EXT1_VID_SET_CALL_BACK
                0x000035ae       0x24 ./INT/EXTI_program.o
                0x000035ae                EXT1_VID_SET_CALL_BACK
 .text.EXT2_VID_SET_CALL_BACK
                0x000035d2       0x24 ./INT/EXTI_program.o
                0x000035d2                EXT2_VID_SET_CALL_BACK
 .text.__vector_1
                0x000035f6       0x5a ./INT/EXTI_program.o
                0x000035f6                __vector_1
 .text.__vector_2
                0x00003650       0x5a ./INT/EXTI_program.o
                0x00003650                __vector_2
 .text.__vector_3
                0x000036aa       0x5a ./INT/EXTI_program.o
                0x000036aa                __vector_3
 .text.Global_Interrupt_Enable
                0x00003704       0x1c ./INT/Global_Interrupt_program.o
                0x00003704                Global_Interrupt_Enable
 .text.Global_Interrupt_Disable
                0x00003720       0x1c ./INT/Global_Interrupt_program.o
                0x00003720                Global_Interrupt_Disable
 .text.DIO_voidInit
                0x0000373c       0x2e ./DIO/DIO_program.o
                0x0000373c                DIO_voidInit
 .text.DIO_voidWritePin
                0x0000376a      0x1e6 ./DIO/DIO_program.o
                0x0000376a                DIO_voidWritePin
 .text.DIO_u8ReadPin
                0x00003950       0xf2 ./DIO/DIO_program.o
                0x00003950                DIO_u8ReadPin
 .text.DIO_voidTogglePin
                0x00003a42       0xfc ./DIO/DIO_program.o
                0x00003a42                DIO_voidTogglePin
 .text.DIO_voidWritePort
                0x00003b3e       0x84 ./DIO/DIO_program.o
                0x00003b3e                DIO_voidWritePort
 .text.DIO_voidPullUpState
                0x00003bc2      0x104 ./DIO/DIO_program.o
                0x00003bc2                DIO_voidPullUpState
 .text.SevSeg_voidDisplay
                0x00003cc6       0x80 ./7SEG/seven_segment_program.o
                0x00003cc6                SevSeg_voidDisplay
 .text.main     0x00003d46      0x230 ./Slave_main.o
                0x00003d46                main
 .text.libgcc   0x00003f76       0x18 d:/university/external courses/imt-wazeefa tech/tools/imt_sdk_win_64/winavr/bin/../lib/gcc/avr/4.3.3/avr5\libgcc.a(_udivmodqi4.o)
                0x00003f76                __udivmodqi4
 .text.libgcc   0x00003f8e        0x0 d:/university/external courses/imt-wazeefa tech/tools/imt_sdk_win_64/winavr/bin/../lib/gcc/avr/4.3.3/avr5\libgcc.a(_exit.o)
 .text.libgcc   0x00003f8e        0x0 d:/university/external courses/imt-wazeefa tech/tools/imt_sdk_win_64/winavr/bin/../lib/gcc/avr/4.3.3/avr5\libgcc.a(_copy_data.o)
 .text.libgcc   0x00003f8e        0x0 d:/university/external courses/imt-wazeefa tech/tools/imt_sdk_win_64/winavr/bin/../lib/gcc/avr/4.3.3/avr5\libgcc.a(_clear_bss.o)
 .text.libgcc   0x00003f8e       0x38 d:/university/external courses/imt-wazeefa tech/tools/imt_sdk_win_64/winavr/bin/../lib/gcc/avr/4.3.3/avr5\libgcc.a(_prologue.o)
                0x00003f8e                __prologue_saves__
 .text.libgcc   0x00003fc6       0x36 d:/university/external courses/imt-wazeefa tech/tools/imt_sdk_win_64/winavr/bin/../lib/gcc/avr/4.3.3/avr5\libgcc.a(_epilogue.o)
                0x00003fc6                __epilogue_restores__
                0x00003ffc                . = ALIGN (0x2)
 *(.fini9)
 .fini9         0x00003ffc        0x0 d:/university/external courses/imt-wazeefa tech/tools/imt_sdk_win_64/winavr/bin/../lib/gcc/avr/4.3.3/avr5\libgcc.a(_exit.o)
                0x00003ffc                exit
                0x00003ffc                _exit
 *(.fini9)
 *(.fini8)
 *(.fini8)
 *(.fini7)
 *(.fini7)
 *(.fini6)
 *(.fini6)
 *(.fini5)
 *(.fini5)
 *(.fini4)
 *(.fini4)
 *(.fini3)
 *(.fini3)
 *(.fini2)
 *(.fini2)
 *(.fini1)
 *(.fini1)
 *(.fini0)
 .fini0         0x00003ffc        0x4 d:/university/external courses/imt-wazeefa tech/tools/imt_sdk_win_64/winavr/bin/../lib/gcc/avr/4.3.3/avr5\libgcc.a(_exit.o)
 *(.fini0)
                0x00004000                _etext = .

.data           0x00800060       0x36 load address 0x00004000
                0x00800060                PROVIDE (__data_start, .)
 *(.data)
 .data          0x00800060        0x0 d:/university/external courses/imt-wazeefa tech/tools/imt_sdk_win_64/winavr/bin/../lib/gcc/avr/4.3.3/../../../../avr/lib/avr5/crtm32.o
 .data          0x00800060        0x0 ./UART/UART_program.o
 .data          0x00800060        0x0 ./SPI_Protocol/SPI_program.o
 .data          0x00800060        0x0 ./LCD/LCD_program.o
 .data          0x00800060        0x0 ./KeyPad/KPD_program.o
 .data          0x00800060        0x0 ./INT/EXTI_program.o
 .data          0x00800060        0x0 ./INT/Global_Interrupt_program.o
 .data          0x00800060        0x0 ./DIO/DIO_program.o
 .data          0x00800060        0x0 ./7SEG/seven_segment_program.o
 .data          0x00800060        0x0 ./Slave_main.o
 .data          0x00800060        0x0 d:/university/external courses/imt-wazeefa tech/tools/imt_sdk_win_64/winavr/bin/../lib/gcc/avr/4.3.3/avr5\libgcc.a(_udivmodqi4.o)
 .data          0x00800060        0x0 d:/university/external courses/imt-wazeefa tech/tools/imt_sdk_win_64/winavr/bin/../lib/gcc/avr/4.3.3/avr5\libgcc.a(_exit.o)
 .data          0x00800060        0x0 d:/university/external courses/imt-wazeefa tech/tools/imt_sdk_win_64/winavr/bin/../lib/gcc/avr/4.3.3/avr5\libgcc.a(_copy_data.o)
 .data          0x00800060        0x0 d:/university/external courses/imt-wazeefa tech/tools/imt_sdk_win_64/winavr/bin/../lib/gcc/avr/4.3.3/avr5\libgcc.a(_clear_bss.o)
 .data          0x00800060        0x0 d:/university/external courses/imt-wazeefa tech/tools/imt_sdk_win_64/winavr/bin/../lib/gcc/avr/4.3.3/avr5\libgcc.a(_fixunssfsi.o)
 .data          0x00800060        0x0 d:/university/external courses/imt-wazeefa tech/tools/imt_sdk_win_64/winavr/bin/../lib/gcc/avr/4.3.3/avr5\libgcc.a(_addsub_sf.o)
 .data          0x00800060        0x0 d:/university/external courses/imt-wazeefa tech/tools/imt_sdk_win_64/winavr/bin/../lib/gcc/avr/4.3.3/avr5\libgcc.a(_mul_sf.o)
 .data          0x00800060        0x0 d:/university/external courses/imt-wazeefa tech/tools/imt_sdk_win_64/winavr/bin/../lib/gcc/avr/4.3.3/avr5\libgcc.a(_div_sf.o)
 .data          0x00800060        0x0 d:/university/external courses/imt-wazeefa tech/tools/imt_sdk_win_64/winavr/bin/../lib/gcc/avr/4.3.3/avr5\libgcc.a(_gt_sf.o)
 .data          0x00800060        0x0 d:/university/external courses/imt-wazeefa tech/tools/imt_sdk_win_64/winavr/bin/../lib/gcc/avr/4.3.3/avr5\libgcc.a(_ge_sf.o)
 .data          0x00800060        0x0 d:/university/external courses/imt-wazeefa tech/tools/imt_sdk_win_64/winavr/bin/../lib/gcc/avr/4.3.3/avr5\libgcc.a(_lt_sf.o)
 .data          0x00800060        0x0 d:/university/external courses/imt-wazeefa tech/tools/imt_sdk_win_64/winavr/bin/../lib/gcc/avr/4.3.3/avr5\libgcc.a(_sf_to_si.o)
 .data          0x00800060        0x8 d:/university/external courses/imt-wazeefa tech/tools/imt_sdk_win_64/winavr/bin/../lib/gcc/avr/4.3.3/avr5\libgcc.a(_thenan_sf.o)
                0x00800060                __thenan_sf
 .data          0x00800068        0x0 d:/university/external courses/imt-wazeefa tech/tools/imt_sdk_win_64/winavr/bin/../lib/gcc/avr/4.3.3/avr5\libgcc.a(_prologue.o)
 .data          0x00800068        0x0 d:/university/external courses/imt-wazeefa tech/tools/imt_sdk_win_64/winavr/bin/../lib/gcc/avr/4.3.3/avr5\libgcc.a(_epilogue.o)
 .data          0x00800068        0x0 d:/university/external courses/imt-wazeefa tech/tools/imt_sdk_win_64/winavr/bin/../lib/gcc/avr/4.3.3/avr5\libgcc.a(_pack_sf.o)
 .data          0x00800068        0x0 d:/university/external courses/imt-wazeefa tech/tools/imt_sdk_win_64/winavr/bin/../lib/gcc/avr/4.3.3/avr5\libgcc.a(_unpack_sf.o)
 .data          0x00800068        0x0 d:/university/external courses/imt-wazeefa tech/tools/imt_sdk_win_64/winavr/bin/../lib/gcc/avr/4.3.3/avr5\libgcc.a(_fpcmp_parts_sf.o)
 *(.data*)
 .data.KPD_arr  0x00800068       0x10 ./KeyPad/KPD_program.o
                0x00800068                KPD_arr
 .data.Seven_SegmentPattern_1
                0x00800078        0xa ./7SEG/seven_segment_program.o
                0x00800078                Seven_SegmentPattern_1
 .data.array    0x00800082        0xa ./7SEG/seven_segment_program.o
                0x00800082                array
 .data.Seven_SegmentPattern_2
                0x0080008c        0xa ./7SEG/seven_segment_program.o
                0x0080008c                Seven_SegmentPattern_2
 *(.rodata)
 *(.rodata*)
 *(.gnu.linkonce.d*)
                0x00800096                . = ALIGN (0x2)
                0x00800096                _edata = .
                0x00800096                PROVIDE (__data_end, .)

.bss            0x00800096        0x8
                0x00800096                PROVIDE (__bss_start, .)
 *(.bss)
 .bss           0x00800096        0x0 d:/university/external courses/imt-wazeefa tech/tools/imt_sdk_win_64/winavr/bin/../lib/gcc/avr/4.3.3/../../../../avr/lib/avr5/crtm32.o
 .bss           0x00800096        0x0 ./UART/UART_program.o
 .bss           0x00800096        0x0 ./SPI_Protocol/SPI_program.o
 .bss           0x00800096        0x0 ./LCD/LCD_program.o
 .bss           0x00800096        0x0 ./KeyPad/KPD_program.o
 .bss           0x00800096        0x0 ./INT/EXTI_program.o
 .bss           0x00800096        0x0 ./INT/Global_Interrupt_program.o
 .bss           0x00800096        0x0 ./DIO/DIO_program.o
 .bss           0x00800096        0x0 ./7SEG/seven_segment_program.o
 .bss           0x00800096        0x0 ./Slave_main.o
 .bss           0x00800096        0x0 d:/university/external courses/imt-wazeefa tech/tools/imt_sdk_win_64/winavr/bin/../lib/gcc/avr/4.3.3/avr5\libgcc.a(_udivmodqi4.o)
 .bss           0x00800096        0x0 d:/university/external courses/imt-wazeefa tech/tools/imt_sdk_win_64/winavr/bin/../lib/gcc/avr/4.3.3/avr5\libgcc.a(_exit.o)
 .bss           0x00800096        0x0 d:/university/external courses/imt-wazeefa tech/tools/imt_sdk_win_64/winavr/bin/../lib/gcc/avr/4.3.3/avr5\libgcc.a(_copy_data.o)
 .bss           0x00800096        0x0 d:/university/external courses/imt-wazeefa tech/tools/imt_sdk_win_64/winavr/bin/../lib/gcc/avr/4.3.3/avr5\libgcc.a(_clear_bss.o)
 .bss           0x00800096        0x0 d:/university/external courses/imt-wazeefa tech/tools/imt_sdk_win_64/winavr/bin/../lib/gcc/avr/4.3.3/avr5\libgcc.a(_fixunssfsi.o)
 .bss           0x00800096        0x0 d:/university/external courses/imt-wazeefa tech/tools/imt_sdk_win_64/winavr/bin/../lib/gcc/avr/4.3.3/avr5\libgcc.a(_addsub_sf.o)
 .bss           0x00800096        0x0 d:/university/external courses/imt-wazeefa tech/tools/imt_sdk_win_64/winavr/bin/../lib/gcc/avr/4.3.3/avr5\libgcc.a(_mul_sf.o)
 .bss           0x00800096        0x0 d:/university/external courses/imt-wazeefa tech/tools/imt_sdk_win_64/winavr/bin/../lib/gcc/avr/4.3.3/avr5\libgcc.a(_div_sf.o)
 .bss           0x00800096        0x0 d:/university/external courses/imt-wazeefa tech/tools/imt_sdk_win_64/winavr/bin/../lib/gcc/avr/4.3.3/avr5\libgcc.a(_gt_sf.o)
 .bss           0x00800096        0x0 d:/university/external courses/imt-wazeefa tech/tools/imt_sdk_win_64/winavr/bin/../lib/gcc/avr/4.3.3/avr5\libgcc.a(_ge_sf.o)
 .bss           0x00800096        0x0 d:/university/external courses/imt-wazeefa tech/tools/imt_sdk_win_64/winavr/bin/../lib/gcc/avr/4.3.3/avr5\libgcc.a(_lt_sf.o)
 .bss           0x00800096        0x0 d:/university/external courses/imt-wazeefa tech/tools/imt_sdk_win_64/winavr/bin/../lib/gcc/avr/4.3.3/avr5\libgcc.a(_sf_to_si.o)
 .bss           0x00800096        0x0 d:/university/external courses/imt-wazeefa tech/tools/imt_sdk_win_64/winavr/bin/../lib/gcc/avr/4.3.3/avr5\libgcc.a(_thenan_sf.o)
 .bss           0x00800096        0x0 d:/university/external courses/imt-wazeefa tech/tools/imt_sdk_win_64/winavr/bin/../lib/gcc/avr/4.3.3/avr5\libgcc.a(_prologue.o)
 .bss           0x00800096        0x0 d:/university/external courses/imt-wazeefa tech/tools/imt_sdk_win_64/winavr/bin/../lib/gcc/avr/4.3.3/avr5\libgcc.a(_epilogue.o)
 .bss           0x00800096        0x0 d:/university/external courses/imt-wazeefa tech/tools/imt_sdk_win_64/winavr/bin/../lib/gcc/avr/4.3.3/avr5\libgcc.a(_pack_sf.o)
 .bss           0x00800096        0x0 d:/university/external courses/imt-wazeefa tech/tools/imt_sdk_win_64/winavr/bin/../lib/gcc/avr/4.3.3/avr5\libgcc.a(_unpack_sf.o)
 .bss           0x00800096        0x0 d:/university/external courses/imt-wazeefa tech/tools/imt_sdk_win_64/winavr/bin/../lib/gcc/avr/4.3.3/avr5\libgcc.a(_fpcmp_parts_sf.o)
 *(.bss*)
 .bss.EXTI0_CALLBACK_PTR
                0x00800096        0x2 ./INT/EXTI_program.o
                0x00800096                EXTI0_CALLBACK_PTR
 .bss.EXTI1_CALLBACK_PTR
                0x00800098        0x2 ./INT/EXTI_program.o
                0x00800098                EXTI1_CALLBACK_PTR
 .bss.EXTI2_CALLBACK_PTR
                0x0080009a        0x2 ./INT/EXTI_program.o
                0x0080009a                EXTI2_CALLBACK_PTR
 *(COMMON)
 COMMON         0x0080009c        0x2 ./UART/UART_program.o
                0x0080009c                u8Global_Receive
                0x0080009d                u8Global_Data
                0x0080009e                PROVIDE (__bss_end, .)
                0x00004000                __data_load_start = LOADADDR (.data)
                0x00004036                __data_load_end = (__data_load_start + SIZEOF (.data))

.noinit         0x0080009e        0x0
                0x0080009e                PROVIDE (__noinit_start, .)
 *(.noinit*)
                0x0080009e                PROVIDE (__noinit_end, .)
                0x0080009e                _end = .
                0x0080009e                PROVIDE (__heap_start, .)

.eeprom         0x00810000        0x0
 *(.eeprom*)
                0x00810000                __eeprom_end = .

.fuse
 *(.fuse)
 *(.lfuse)
 *(.hfuse)
 *(.efuse)

.lock
 *(.lock*)

.signature
 *(.signature*)

.stab           0x00000000     0x38a0
 *(.stab)
 .stab          0x00000000      0x690 ./UART/UART_program.o
 .stab          0x00000690      0x2ac ./SPI_Protocol/SPI_program.o
                                0x2b8 (size before relaxing)
 .stab          0x0000093c     0x1ab8 ./LCD/LCD_program.o
                               0x1c50 (size before relaxing)
 .stab          0x000023f4      0x438 ./KeyPad/KPD_program.o
                                0x5d0 (size before relaxing)
 .stab          0x0000282c      0x3fc ./INT/EXTI_program.o
                                0x408 (size before relaxing)
 .stab          0x00002c28      0x144 ./INT/Global_Interrupt_program.o
                                0x1e0 (size before relaxing)
 .stab          0x00002d6c      0x534 ./DIO/DIO_program.o
                                0x540 (size before relaxing)
 .stab          0x000032a0      0x204 ./7SEG/seven_segment_program.o
                                0x210 (size before relaxing)
 .stab          0x000034a4      0x3fc ./Slave_main.o
                                0x594 (size before relaxing)

.stabstr        0x00000000     0x114d
 *(.stabstr)
 .stabstr       0x00000000     0x114d ./UART/UART_program.o

.stab.excl
 *(.stab.excl)

.stab.exclstr
 *(.stab.exclstr)

.stab.index
 *(.stab.index)

.stab.indexstr
 *(.stab.indexstr)

.comment
 *(.comment)

.debug
 *(.debug)

.line
 *(.line)

.debug_srcinfo
 *(.debug_srcinfo)

.debug_sfnames
 *(.debug_sfnames)

.debug_aranges  0x00000000      0x160
 *(.debug_aranges)
 .debug_aranges
                0x00000000       0x20 d:/university/external courses/imt-wazeefa tech/tools/imt_sdk_win_64/winavr/bin/../lib/gcc/avr/4.3.3/avr5\libgcc.a(_fixunssfsi.o)
 .debug_aranges
                0x00000020       0x20 d:/university/external courses/imt-wazeefa tech/tools/imt_sdk_win_64/winavr/bin/../lib/gcc/avr/4.3.3/avr5\libgcc.a(_addsub_sf.o)
 .debug_aranges
                0x00000040       0x20 d:/university/external courses/imt-wazeefa tech/tools/imt_sdk_win_64/winavr/bin/../lib/gcc/avr/4.3.3/avr5\libgcc.a(_mul_sf.o)
 .debug_aranges
                0x00000060       0x20 d:/university/external courses/imt-wazeefa tech/tools/imt_sdk_win_64/winavr/bin/../lib/gcc/avr/4.3.3/avr5\libgcc.a(_div_sf.o)
 .debug_aranges
                0x00000080       0x20 d:/university/external courses/imt-wazeefa tech/tools/imt_sdk_win_64/winavr/bin/../lib/gcc/avr/4.3.3/avr5\libgcc.a(_gt_sf.o)
 .debug_aranges
                0x000000a0       0x20 d:/university/external courses/imt-wazeefa tech/tools/imt_sdk_win_64/winavr/bin/../lib/gcc/avr/4.3.3/avr5\libgcc.a(_ge_sf.o)
 .debug_aranges
                0x000000c0       0x20 d:/university/external courses/imt-wazeefa tech/tools/imt_sdk_win_64/winavr/bin/../lib/gcc/avr/4.3.3/avr5\libgcc.a(_lt_sf.o)
 .debug_aranges
                0x000000e0       0x20 d:/university/external courses/imt-wazeefa tech/tools/imt_sdk_win_64/winavr/bin/../lib/gcc/avr/4.3.3/avr5\libgcc.a(_sf_to_si.o)
 .debug_aranges
                0x00000100       0x20 d:/university/external courses/imt-wazeefa tech/tools/imt_sdk_win_64/winavr/bin/../lib/gcc/avr/4.3.3/avr5\libgcc.a(_pack_sf.o)
 .debug_aranges
                0x00000120       0x20 d:/university/external courses/imt-wazeefa tech/tools/imt_sdk_win_64/winavr/bin/../lib/gcc/avr/4.3.3/avr5\libgcc.a(_unpack_sf.o)
 .debug_aranges
                0x00000140       0x20 d:/university/external courses/imt-wazeefa tech/tools/imt_sdk_win_64/winavr/bin/../lib/gcc/avr/4.3.3/avr5\libgcc.a(_fpcmp_parts_sf.o)

.debug_pubnames
                0x00000000      0x18f
 *(.debug_pubnames)
 .debug_pubnames
                0x00000000       0x23 d:/university/external courses/imt-wazeefa tech/tools/imt_sdk_win_64/winavr/bin/../lib/gcc/avr/4.3.3/avr5\libgcc.a(_fixunssfsi.o)
 .debug_pubnames
                0x00000023       0x2c d:/university/external courses/imt-wazeefa tech/tools/imt_sdk_win_64/winavr/bin/../lib/gcc/avr/4.3.3/avr5\libgcc.a(_addsub_sf.o)
 .debug_pubnames
                0x0000004f       0x1f d:/university/external courses/imt-wazeefa tech/tools/imt_sdk_win_64/winavr/bin/../lib/gcc/avr/4.3.3/avr5\libgcc.a(_mul_sf.o)
 .debug_pubnames
                0x0000006e       0x1f d:/university/external courses/imt-wazeefa tech/tools/imt_sdk_win_64/winavr/bin/../lib/gcc/avr/4.3.3/avr5\libgcc.a(_div_sf.o)
 .debug_pubnames
                0x0000008d       0x1e d:/university/external courses/imt-wazeefa tech/tools/imt_sdk_win_64/winavr/bin/../lib/gcc/avr/4.3.3/avr5\libgcc.a(_gt_sf.o)
 .debug_pubnames
                0x000000ab       0x1e d:/university/external courses/imt-wazeefa tech/tools/imt_sdk_win_64/winavr/bin/../lib/gcc/avr/4.3.3/avr5\libgcc.a(_ge_sf.o)
 .debug_pubnames
                0x000000c9       0x1e d:/university/external courses/imt-wazeefa tech/tools/imt_sdk_win_64/winavr/bin/../lib/gcc/avr/4.3.3/avr5\libgcc.a(_lt_sf.o)
 .debug_pubnames
                0x000000e7       0x20 d:/university/external courses/imt-wazeefa tech/tools/imt_sdk_win_64/winavr/bin/../lib/gcc/avr/4.3.3/avr5\libgcc.a(_sf_to_si.o)
 .debug_pubnames
                0x00000107       0x22 d:/university/external courses/imt-wazeefa tech/tools/imt_sdk_win_64/winavr/bin/../lib/gcc/avr/4.3.3/avr5\libgcc.a(_thenan_sf.o)
 .debug_pubnames
                0x00000129       0x1f d:/university/external courses/imt-wazeefa tech/tools/imt_sdk_win_64/winavr/bin/../lib/gcc/avr/4.3.3/avr5\libgcc.a(_pack_sf.o)
 .debug_pubnames
                0x00000148       0x21 d:/university/external courses/imt-wazeefa tech/tools/imt_sdk_win_64/winavr/bin/../lib/gcc/avr/4.3.3/avr5\libgcc.a(_unpack_sf.o)
 .debug_pubnames
                0x00000169       0x26 d:/university/external courses/imt-wazeefa tech/tools/imt_sdk_win_64/winavr/bin/../lib/gcc/avr/4.3.3/avr5\libgcc.a(_fpcmp_parts_sf.o)

.debug_info     0x00000000     0x2045
 *(.debug_info)
 .debug_info    0x00000000       0xb1 d:/university/external courses/imt-wazeefa tech/tools/imt_sdk_win_64/winavr/bin/../lib/gcc/avr/4.3.3/avr5\libgcc.a(_fixunssfsi.o)
 .debug_info    0x000000b1      0x47a d:/university/external courses/imt-wazeefa tech/tools/imt_sdk_win_64/winavr/bin/../lib/gcc/avr/4.3.3/avr5\libgcc.a(_addsub_sf.o)
 .debug_info    0x0000052b      0x485 d:/university/external courses/imt-wazeefa tech/tools/imt_sdk_win_64/winavr/bin/../lib/gcc/avr/4.3.3/avr5\libgcc.a(_mul_sf.o)
 .debug_info    0x000009b0      0x3fc d:/university/external courses/imt-wazeefa tech/tools/imt_sdk_win_64/winavr/bin/../lib/gcc/avr/4.3.3/avr5\libgcc.a(_div_sf.o)
 .debug_info    0x00000dac      0x27f d:/university/external courses/imt-wazeefa tech/tools/imt_sdk_win_64/winavr/bin/../lib/gcc/avr/4.3.3/avr5\libgcc.a(_gt_sf.o)
 .debug_info    0x0000102b      0x27f d:/university/external courses/imt-wazeefa tech/tools/imt_sdk_win_64/winavr/bin/../lib/gcc/avr/4.3.3/avr5\libgcc.a(_ge_sf.o)
 .debug_info    0x000012aa      0x27f d:/university/external courses/imt-wazeefa tech/tools/imt_sdk_win_64/winavr/bin/../lib/gcc/avr/4.3.3/avr5\libgcc.a(_lt_sf.o)
 .debug_info    0x00001529      0x2b0 d:/university/external courses/imt-wazeefa tech/tools/imt_sdk_win_64/winavr/bin/../lib/gcc/avr/4.3.3/avr5\libgcc.a(_sf_to_si.o)
 .debug_info    0x000017d9      0x12c d:/university/external courses/imt-wazeefa tech/tools/imt_sdk_win_64/winavr/bin/../lib/gcc/avr/4.3.3/avr5\libgcc.a(_thenan_sf.o)
 .debug_info    0x00001905      0x2df d:/university/external courses/imt-wazeefa tech/tools/imt_sdk_win_64/winavr/bin/../lib/gcc/avr/4.3.3/avr5\libgcc.a(_pack_sf.o)
 .debug_info    0x00001be4      0x251 d:/university/external courses/imt-wazeefa tech/tools/imt_sdk_win_64/winavr/bin/../lib/gcc/avr/4.3.3/avr5\libgcc.a(_unpack_sf.o)
 .debug_info    0x00001e35      0x210 d:/university/external courses/imt-wazeefa tech/tools/imt_sdk_win_64/winavr/bin/../lib/gcc/avr/4.3.3/avr5\libgcc.a(_fpcmp_parts_sf.o)
 *(.gnu.linkonce.wi.*)

.debug_abbrev   0x00000000     0x1101
 *(.debug_abbrev)
 .debug_abbrev  0x00000000       0x5d d:/university/external courses/imt-wazeefa tech/tools/imt_sdk_win_64/winavr/bin/../lib/gcc/avr/4.3.3/avr5\libgcc.a(_fixunssfsi.o)
 .debug_abbrev  0x0000005d      0x1ea d:/university/external courses/imt-wazeefa tech/tools/imt_sdk_win_64/winavr/bin/../lib/gcc/avr/4.3.3/avr5\libgcc.a(_addsub_sf.o)
 .debug_abbrev  0x00000247      0x21b d:/university/external courses/imt-wazeefa tech/tools/imt_sdk_win_64/winavr/bin/../lib/gcc/avr/4.3.3/avr5\libgcc.a(_mul_sf.o)
 .debug_abbrev  0x00000462      0x216 d:/university/external courses/imt-wazeefa tech/tools/imt_sdk_win_64/winavr/bin/../lib/gcc/avr/4.3.3/avr5\libgcc.a(_div_sf.o)
 .debug_abbrev  0x00000678      0x15a d:/university/external courses/imt-wazeefa tech/tools/imt_sdk_win_64/winavr/bin/../lib/gcc/avr/4.3.3/avr5\libgcc.a(_gt_sf.o)
 .debug_abbrev  0x000007d2      0x15a d:/university/external courses/imt-wazeefa tech/tools/imt_sdk_win_64/winavr/bin/../lib/gcc/avr/4.3.3/avr5\libgcc.a(_ge_sf.o)
 .debug_abbrev  0x0000092c      0x15a d:/university/external courses/imt-wazeefa tech/tools/imt_sdk_win_64/winavr/bin/../lib/gcc/avr/4.3.3/avr5\libgcc.a(_lt_sf.o)
 .debug_abbrev  0x00000a86      0x17f d:/university/external courses/imt-wazeefa tech/tools/imt_sdk_win_64/winavr/bin/../lib/gcc/avr/4.3.3/avr5\libgcc.a(_sf_to_si.o)
 .debug_abbrev  0x00000c05       0xad d:/university/external courses/imt-wazeefa tech/tools/imt_sdk_win_64/winavr/bin/../lib/gcc/avr/4.3.3/avr5\libgcc.a(_thenan_sf.o)
 .debug_abbrev  0x00000cb2      0x1c0 d:/university/external courses/imt-wazeefa tech/tools/imt_sdk_win_64/winavr/bin/../lib/gcc/avr/4.3.3/avr5\libgcc.a(_pack_sf.o)
 .debug_abbrev  0x00000e72      0x154 d:/university/external courses/imt-wazeefa tech/tools/imt_sdk_win_64/winavr/bin/../lib/gcc/avr/4.3.3/avr5\libgcc.a(_unpack_sf.o)
 .debug_abbrev  0x00000fc6      0x13b d:/university/external courses/imt-wazeefa tech/tools/imt_sdk_win_64/winavr/bin/../lib/gcc/avr/4.3.3/avr5\libgcc.a(_fpcmp_parts_sf.o)

.debug_line     0x00000000      0xf82
 *(.debug_line)
 .debug_line    0x00000000       0xa7 d:/university/external courses/imt-wazeefa tech/tools/imt_sdk_win_64/winavr/bin/../lib/gcc/avr/4.3.3/avr5\libgcc.a(_fixunssfsi.o)
 .debug_line    0x000000a7      0x2af d:/university/external courses/imt-wazeefa tech/tools/imt_sdk_win_64/winavr/bin/../lib/gcc/avr/4.3.3/avr5\libgcc.a(_addsub_sf.o)
 .debug_line    0x00000356      0x239 d:/university/external courses/imt-wazeefa tech/tools/imt_sdk_win_64/winavr/bin/../lib/gcc/avr/4.3.3/avr5\libgcc.a(_mul_sf.o)
 .debug_line    0x0000058f      0x1d5 d:/university/external courses/imt-wazeefa tech/tools/imt_sdk_win_64/winavr/bin/../lib/gcc/avr/4.3.3/avr5\libgcc.a(_div_sf.o)
 .debug_line    0x00000764       0xd3 d:/university/external courses/imt-wazeefa tech/tools/imt_sdk_win_64/winavr/bin/../lib/gcc/avr/4.3.3/avr5\libgcc.a(_gt_sf.o)
 .debug_line    0x00000837       0xd3 d:/university/external courses/imt-wazeefa tech/tools/imt_sdk_win_64/winavr/bin/../lib/gcc/avr/4.3.3/avr5\libgcc.a(_ge_sf.o)
 .debug_line    0x0000090a       0xd3 d:/university/external courses/imt-wazeefa tech/tools/imt_sdk_win_64/winavr/bin/../lib/gcc/avr/4.3.3/avr5\libgcc.a(_lt_sf.o)
 .debug_line    0x000009dd      0x109 d:/university/external courses/imt-wazeefa tech/tools/imt_sdk_win_64/winavr/bin/../lib/gcc/avr/4.3.3/avr5\libgcc.a(_sf_to_si.o)
 .debug_line    0x00000ae6       0x90 d:/university/external courses/imt-wazeefa tech/tools/imt_sdk_win_64/winavr/bin/../lib/gcc/avr/4.3.3/avr5\libgcc.a(_thenan_sf.o)
 .debug_line    0x00000b76      0x18a d:/university/external courses/imt-wazeefa tech/tools/imt_sdk_win_64/winavr/bin/../lib/gcc/avr/4.3.3/avr5\libgcc.a(_pack_sf.o)
 .debug_line    0x00000d00      0x14b d:/university/external courses/imt-wazeefa tech/tools/imt_sdk_win_64/winavr/bin/../lib/gcc/avr/4.3.3/avr5\libgcc.a(_unpack_sf.o)
 .debug_line    0x00000e4b      0x137 d:/university/external courses/imt-wazeefa tech/tools/imt_sdk_win_64/winavr/bin/../lib/gcc/avr/4.3.3/avr5\libgcc.a(_fpcmp_parts_sf.o)

.debug_frame    0x00000000      0x180
 *(.debug_frame)
 .debug_frame   0x00000000       0x20 d:/university/external courses/imt-wazeefa tech/tools/imt_sdk_win_64/winavr/bin/../lib/gcc/avr/4.3.3/avr5\libgcc.a(_fixunssfsi.o)
 .debug_frame   0x00000020       0x40 d:/university/external courses/imt-wazeefa tech/tools/imt_sdk_win_64/winavr/bin/../lib/gcc/avr/4.3.3/avr5\libgcc.a(_addsub_sf.o)
 .debug_frame   0x00000060       0x20 d:/university/external courses/imt-wazeefa tech/tools/imt_sdk_win_64/winavr/bin/../lib/gcc/avr/4.3.3/avr5\libgcc.a(_mul_sf.o)
 .debug_frame   0x00000080       0x20 d:/university/external courses/imt-wazeefa tech/tools/imt_sdk_win_64/winavr/bin/../lib/gcc/avr/4.3.3/avr5\libgcc.a(_div_sf.o)
 .debug_frame   0x000000a0       0x20 d:/university/external courses/imt-wazeefa tech/tools/imt_sdk_win_64/winavr/bin/../lib/gcc/avr/4.3.3/avr5\libgcc.a(_gt_sf.o)
 .debug_frame   0x000000c0       0x20 d:/university/external courses/imt-wazeefa tech/tools/imt_sdk_win_64/winavr/bin/../lib/gcc/avr/4.3.3/avr5\libgcc.a(_ge_sf.o)
 .debug_frame   0x000000e0       0x20 d:/university/external courses/imt-wazeefa tech/tools/imt_sdk_win_64/winavr/bin/../lib/gcc/avr/4.3.3/avr5\libgcc.a(_lt_sf.o)
 .debug_frame   0x00000100       0x20 d:/university/external courses/imt-wazeefa tech/tools/imt_sdk_win_64/winavr/bin/../lib/gcc/avr/4.3.3/avr5\libgcc.a(_sf_to_si.o)
 .debug_frame   0x00000120       0x20 d:/university/external courses/imt-wazeefa tech/tools/imt_sdk_win_64/winavr/bin/../lib/gcc/avr/4.3.3/avr5\libgcc.a(_pack_sf.o)
 .debug_frame   0x00000140       0x20 d:/university/external courses/imt-wazeefa tech/tools/imt_sdk_win_64/winavr/bin/../lib/gcc/avr/4.3.3/avr5\libgcc.a(_unpack_sf.o)
 .debug_frame   0x00000160       0x20 d:/university/external courses/imt-wazeefa tech/tools/imt_sdk_win_64/winavr/bin/../lib/gcc/avr/4.3.3/avr5\libgcc.a(_fpcmp_parts_sf.o)

.debug_str      0x00000000      0x2c2
 *(.debug_str)
 .debug_str     0x00000000       0xbf d:/university/external courses/imt-wazeefa tech/tools/imt_sdk_win_64/winavr/bin/../lib/gcc/avr/4.3.3/avr5\libgcc.a(_fixunssfsi.o)
                                 0xfe (size before relaxing)
 .debug_str     0x000000bf      0x14d d:/university/external courses/imt-wazeefa tech/tools/imt_sdk_win_64/winavr/bin/../lib/gcc/avr/4.3.3/avr5\libgcc.a(_addsub_sf.o)
                                0x206 (size before relaxing)
 .debug_str     0x0000020c       0x27 d:/university/external courses/imt-wazeefa tech/tools/imt_sdk_win_64/winavr/bin/../lib/gcc/avr/4.3.3/avr5\libgcc.a(_mul_sf.o)
                                0x1bf (size before relaxing)
 .debug_str     0x00000233       0x35 d:/university/external courses/imt-wazeefa tech/tools/imt_sdk_win_64/winavr/bin/../lib/gcc/avr/4.3.3/avr5\libgcc.a(_div_sf.o)
                                0x1c8 (size before relaxing)
 .debug_str     0x00000268        0xf d:/university/external courses/imt-wazeefa tech/tools/imt_sdk_win_64/winavr/bin/../lib/gcc/avr/4.3.3/avr5\libgcc.a(_gt_sf.o)
                                0x195 (size before relaxing)
 .debug_str     0x00000277        0x8 d:/university/external courses/imt-wazeefa tech/tools/imt_sdk_win_64/winavr/bin/../lib/gcc/avr/4.3.3/avr5\libgcc.a(_ge_sf.o)
                                0x195 (size before relaxing)
 .debug_str     0x0000027f        0x8 d:/university/external courses/imt-wazeefa tech/tools/imt_sdk_win_64/winavr/bin/../lib/gcc/avr/4.3.3/avr5\libgcc.a(_lt_sf.o)
                                0x195 (size before relaxing)
 .debug_str     0x00000287        0xa d:/university/external courses/imt-wazeefa tech/tools/imt_sdk_win_64/winavr/bin/../lib/gcc/avr/4.3.3/avr5\libgcc.a(_sf_to_si.o)
                                0x19e (size before relaxing)
 .debug_str     0x00000000      0x103 d:/university/external courses/imt-wazeefa tech/tools/imt_sdk_win_64/winavr/bin/../lib/gcc/avr/4.3.3/avr5\libgcc.a(_thenan_sf.o)
 .debug_str     0x00000291       0x16 d:/university/external courses/imt-wazeefa tech/tools/imt_sdk_win_64/winavr/bin/../lib/gcc/avr/4.3.3/avr5\libgcc.a(_pack_sf.o)
                                0x19d (size before relaxing)
 .debug_str     0x000002a7        0xb d:/university/external courses/imt-wazeefa tech/tools/imt_sdk_win_64/winavr/bin/../lib/gcc/avr/4.3.3/avr5\libgcc.a(_unpack_sf.o)
                                0x17f (size before relaxing)
 .debug_str     0x000002b2       0x10 d:/university/external courses/imt-wazeefa tech/tools/imt_sdk_win_64/winavr/bin/../lib/gcc/avr/4.3.3/avr5\libgcc.a(_fpcmp_parts_sf.o)
                                0x163 (size before relaxing)

.debug_loc      0x00000000      0x88e
 *(.debug_loc)
 .debug_loc     0x00000000       0x34 d:/university/external courses/imt-wazeefa tech/tools/imt_sdk_win_64/winavr/bin/../lib/gcc/avr/4.3.3/avr5\libgcc.a(_fixunssfsi.o)
 .debug_loc     0x00000034      0x32a d:/university/external courses/imt-wazeefa tech/tools/imt_sdk_win_64/winavr/bin/../lib/gcc/avr/4.3.3/avr5\libgcc.a(_addsub_sf.o)
 .debug_loc     0x0000035e      0x104 d:/university/external courses/imt-wazeefa tech/tools/imt_sdk_win_64/winavr/bin/../lib/gcc/avr/4.3.3/avr5\libgcc.a(_mul_sf.o)
 .debug_loc     0x00000462       0xc0 d:/university/external courses/imt-wazeefa tech/tools/imt_sdk_win_64/winavr/bin/../lib/gcc/avr/4.3.3/avr5\libgcc.a(_div_sf.o)
 .debug_loc     0x00000522       0x3c d:/university/external courses/imt-wazeefa tech/tools/imt_sdk_win_64/winavr/bin/../lib/gcc/avr/4.3.3/avr5\libgcc.a(_gt_sf.o)
 .debug_loc     0x0000055e       0x3c d:/university/external courses/imt-wazeefa tech/tools/imt_sdk_win_64/winavr/bin/../lib/gcc/avr/4.3.3/avr5\libgcc.a(_ge_sf.o)
 .debug_loc     0x0000059a       0x3c d:/university/external courses/imt-wazeefa tech/tools/imt_sdk_win_64/winavr/bin/../lib/gcc/avr/4.3.3/avr5\libgcc.a(_lt_sf.o)
 .debug_loc     0x000005d6       0x7e d:/university/external courses/imt-wazeefa tech/tools/imt_sdk_win_64/winavr/bin/../lib/gcc/avr/4.3.3/avr5\libgcc.a(_sf_to_si.o)
 .debug_loc     0x00000654      0x13e d:/university/external courses/imt-wazeefa tech/tools/imt_sdk_win_64/winavr/bin/../lib/gcc/avr/4.3.3/avr5\libgcc.a(_pack_sf.o)
 .debug_loc     0x00000792       0xac d:/university/external courses/imt-wazeefa tech/tools/imt_sdk_win_64/winavr/bin/../lib/gcc/avr/4.3.3/avr5\libgcc.a(_unpack_sf.o)
 .debug_loc     0x0000083e       0x50 d:/university/external courses/imt-wazeefa tech/tools/imt_sdk_win_64/winavr/bin/../lib/gcc/avr/4.3.3/avr5\libgcc.a(_fpcmp_parts_sf.o)

.debug_macinfo
 *(.debug_macinfo)
OUTPUT(AVR_Final_Project_Slave_KIT.elf elf32-avr)
LOAD linker stubs

.debug_ranges   0x00000000       0x50
 .debug_ranges  0x00000000       0x50 d:/university/external courses/imt-wazeefa tech/tools/imt_sdk_win_64/winavr/bin/../lib/gcc/avr/4.3.3/avr5\libgcc.a(_mul_sf.o)
