Archive member included because of file (symbol)

d:/university/external courses/imt-wazeefa tech/tools/imt_sdk_win_64/winavr/bin/../lib/gcc/avr/4.3.3/avr5\libgcc.a(_exit.o)
                              d:/university/external courses/imt-wazeefa tech/tools/imt_sdk_win_64/winavr/bin/../lib/gcc/avr/4.3.3/../../../../avr/lib/avr5/crtm32.o (exit)
d:/university/external courses/imt-wazeefa tech/tools/imt_sdk_win_64/winavr/bin/../lib/gcc/avr/4.3.3/avr5\libgcc.a(_copy_data.o)
                              ./KeyPad/KPD_program.o (__do_copy_data)
d:/university/external courses/imt-wazeefa tech/tools/imt_sdk_win_64/winavr/bin/../lib/gcc/avr/4.3.3/avr5\libgcc.a(_clear_bss.o)
                              ./Password/Password_program.o (__do_clear_bss)
d:/university/external courses/imt-wazeefa tech/tools/imt_sdk_win_64/winavr/bin/../lib/gcc/avr/4.3.3/avr5\libgcc.a(_fixunssfsi.o)
                              ./SPI_Protocol/Slave_main.o (__fixunssfsi)
d:/university/external courses/imt-wazeefa tech/tools/imt_sdk_win_64/winavr/bin/../lib/gcc/avr/4.3.3/avr5\libgcc.a(_addsub_sf.o)
                              d:/university/external courses/imt-wazeefa tech/tools/imt_sdk_win_64/winavr/bin/../lib/gcc/avr/4.3.3/avr5\libgcc.a(_fixunssfsi.o) (__subsf3)
d:/university/external courses/imt-wazeefa tech/tools/imt_sdk_win_64/winavr/bin/../lib/gcc/avr/4.3.3/avr5\libgcc.a(_mul_sf.o)
                              ./SPI_Protocol/Slave_main.o (__mulsf3)
d:/university/external courses/imt-wazeefa tech/tools/imt_sdk_win_64/winavr/bin/../lib/gcc/avr/4.3.3/avr5\libgcc.a(_div_sf.o)
                              ./LCD/LCD_program.o (__divsf3)
d:/university/external courses/imt-wazeefa tech/tools/imt_sdk_win_64/winavr/bin/../lib/gcc/avr/4.3.3/avr5\libgcc.a(_gt_sf.o)
                              ./SPI_Protocol/Slave_main.o (__gtsf2)
d:/university/external courses/imt-wazeefa tech/tools/imt_sdk_win_64/winavr/bin/../lib/gcc/avr/4.3.3/avr5\libgcc.a(_ge_sf.o)
                              d:/university/external courses/imt-wazeefa tech/tools/imt_sdk_win_64/winavr/bin/../lib/gcc/avr/4.3.3/avr5\libgcc.a(_fixunssfsi.o) (__gesf2)
d:/university/external courses/imt-wazeefa tech/tools/imt_sdk_win_64/winavr/bin/../lib/gcc/avr/4.3.3/avr5\libgcc.a(_lt_sf.o)
                              ./SPI_Protocol/Slave_main.o (__ltsf2)
d:/university/external courses/imt-wazeefa tech/tools/imt_sdk_win_64/winavr/bin/../lib/gcc/avr/4.3.3/avr5\libgcc.a(_sf_to_si.o)
                              d:/university/external courses/imt-wazeefa tech/tools/imt_sdk_win_64/winavr/bin/../lib/gcc/avr/4.3.3/avr5\libgcc.a(_fixunssfsi.o) (__fixsfsi)
d:/university/external courses/imt-wazeefa tech/tools/imt_sdk_win_64/winavr/bin/../lib/gcc/avr/4.3.3/avr5\libgcc.a(_thenan_sf.o)
                              d:/university/external courses/imt-wazeefa tech/tools/imt_sdk_win_64/winavr/bin/../lib/gcc/avr/4.3.3/avr5\libgcc.a(_addsub_sf.o) (__thenan_sf)
d:/university/external courses/imt-wazeefa tech/tools/imt_sdk_win_64/winavr/bin/../lib/gcc/avr/4.3.3/avr5\libgcc.a(_prologue.o)
                              d:/university/external courses/imt-wazeefa tech/tools/imt_sdk_win_64/winavr/bin/../lib/gcc/avr/4.3.3/avr5\libgcc.a(_addsub_sf.o) (__prologue_saves__)
d:/university/external courses/imt-wazeefa tech/tools/imt_sdk_win_64/winavr/bin/../lib/gcc/avr/4.3.3/avr5\libgcc.a(_epilogue.o)
                              d:/university/external courses/imt-wazeefa tech/tools/imt_sdk_win_64/winavr/bin/../lib/gcc/avr/4.3.3/avr5\libgcc.a(_addsub_sf.o) (__epilogue_restores__)
d:/university/external courses/imt-wazeefa tech/tools/imt_sdk_win_64/winavr/bin/../lib/gcc/avr/4.3.3/avr5\libgcc.a(_pack_sf.o)
                              d:/university/external courses/imt-wazeefa tech/tools/imt_sdk_win_64/winavr/bin/../lib/gcc/avr/4.3.3/avr5\libgcc.a(_addsub_sf.o) (__pack_f)
d:/university/external courses/imt-wazeefa tech/tools/imt_sdk_win_64/winavr/bin/../lib/gcc/avr/4.3.3/avr5\libgcc.a(_unpack_sf.o)
                              d:/university/external courses/imt-wazeefa tech/tools/imt_sdk_win_64/winavr/bin/../lib/gcc/avr/4.3.3/avr5\libgcc.a(_addsub_sf.o) (__unpack_f)
d:/university/external courses/imt-wazeefa tech/tools/imt_sdk_win_64/winavr/bin/../lib/gcc/avr/4.3.3/avr5\libgcc.a(_fpcmp_parts_sf.o)
                              d:/university/external courses/imt-wazeefa tech/tools/imt_sdk_win_64/winavr/bin/../lib/gcc/avr/4.3.3/avr5\libgcc.a(_gt_sf.o) (__fpcmp_parts_f)

Allocating common symbols
Common symbol       size              file

u8key               0x5               ./Password/Password_program.o
u8InputPassword     0x5               ./main.o
u8Error             0x1               ./main.o
u8EEPROMData        0x5               ./main.o
input_password      0x5               ./Password/Password_program.o
current_password    0x5               ./Password/Password_program.o

Memory Configuration

Name             Origin             Length             Attributes
text             0x00000000         0x00020000         xr
data             0x00800060         0x0000ffa0         rw !x
eeprom           0x00810000         0x00010000         rw !x
fuse             0x00820000         0x00000400         rw !x
lock             0x00830000         0x00000400         rw !x
signature        0x00840000         0x00000400         rw !x
*default*        0x00000000         0xffffffff

Linker script and memory map

LOAD d:/university/external courses/imt-wazeefa tech/tools/imt_sdk_win_64/winavr/bin/../lib/gcc/avr/4.3.3/../../../../avr/lib/avr5/crtm32.o
LOAD ./SPI_Protocol/SPI_program.o
LOAD ./SPI_Protocol/Slave_main.o
LOAD ./Password/Password_program.o
LOAD ./LCD/LCD_program.o
LOAD ./KeyPad/KPD_program.o
LOAD ./INT/EXTI_program.o
LOAD ./INT/Global_Interrupt_program.o
LOAD ./EEPROM/EEPROM_program.o
LOAD ./EEPROM/TWI_program.o
LOAD ./DIO/DIO_program.o
LOAD ./main.o
LOAD d:/university/external courses/imt-wazeefa tech/tools/imt_sdk_win_64/winavr/bin/../lib/gcc/avr/4.3.3/avr5\libgcc.a
LOAD d:/university/external courses/imt-wazeefa tech/tools/imt_sdk_win_64/winavr/bin/../lib/gcc/avr/4.3.3/../../../../avr/lib/avr5\libc.a
LOAD d:/university/external courses/imt-wazeefa tech/tools/imt_sdk_win_64/winavr/bin/../lib/gcc/avr/4.3.3/avr5\libgcc.a

.hash
 *(.hash)

.dynsym
 *(.dynsym)

.dynstr
 *(.dynstr)

.gnu.version
 *(.gnu.version)

.gnu.version_d
 *(.gnu.version_d)

.gnu.version_r
 *(.gnu.version_r)

.rel.init
 *(.rel.init)

.rela.init
 *(.rela.init)

.rel.text
 *(.rel.text)
 *(.rel.text.*)
 *(.rel.gnu.linkonce.t*)

.rela.text
 *(.rela.text)
 *(.rela.text.*)
 *(.rela.gnu.linkonce.t*)

.rel.fini
 *(.rel.fini)

.rela.fini
 *(.rela.fini)

.rel.rodata
 *(.rel.rodata)
 *(.rel.rodata.*)
 *(.rel.gnu.linkonce.r*)

.rela.rodata
 *(.rela.rodata)
 *(.rela.rodata.*)
 *(.rela.gnu.linkonce.r*)

.rel.data
 *(.rel.data)
 *(.rel.data.*)
 *(.rel.gnu.linkonce.d*)

.rela.data
 *(.rela.data)
 *(.rela.data.*)
 *(.rela.gnu.linkonce.d*)

.rel.ctors
 *(.rel.ctors)

.rela.ctors
 *(.rela.ctors)

.rel.dtors
 *(.rel.dtors)

.rela.dtors
 *(.rela.dtors)

.rel.got
 *(.rel.got)

.rela.got
 *(.rela.got)

.rel.bss
 *(.rel.bss)

.rela.bss
 *(.rela.bss)

.rel.plt
 *(.rel.plt)

.rela.plt
 *(.rela.plt)

.text           0x00000000     0x49b2
 *(.vectors)
 .vectors       0x00000000       0x54 d:/university/external courses/imt-wazeefa tech/tools/imt_sdk_win_64/winavr/bin/../lib/gcc/avr/4.3.3/../../../../avr/lib/avr5/crtm32.o
                0x00000000                __vectors
                0x00000000                __vector_default
 *(.vectors)
 *(.progmem.gcc*)
 *(.progmem*)
                0x00000054                . = ALIGN (0x2)
                0x00000054                __trampolines_start = .
 *(.trampolines)
 .trampolines   0x00000054        0x0 linker stubs
 *(.trampolines*)
                0x00000054                __trampolines_end = .
 *(.jumptables)
 *(.jumptables*)
 *(.lowtext)
 *(.lowtext*)
                0x00000054                __ctors_start = .
 *(.ctors)
                0x00000054                __ctors_end = .
                0x00000054                __dtors_start = .
 *(.dtors)
                0x00000054                __dtors_end = .
 SORT(*)(.ctors)
 SORT(*)(.dtors)
 *(.init0)
 .init0         0x00000054        0x0 d:/university/external courses/imt-wazeefa tech/tools/imt_sdk_win_64/winavr/bin/../lib/gcc/avr/4.3.3/../../../../avr/lib/avr5/crtm32.o
                0x00000054                __init
 *(.init0)
 *(.init1)
 *(.init1)
 *(.init2)
 .init2         0x00000054        0xc d:/university/external courses/imt-wazeefa tech/tools/imt_sdk_win_64/winavr/bin/../lib/gcc/avr/4.3.3/../../../../avr/lib/avr5/crtm32.o
 *(.init2)
 *(.init3)
 *(.init3)
 *(.init4)
 .init4         0x00000060       0x16 d:/university/external courses/imt-wazeefa tech/tools/imt_sdk_win_64/winavr/bin/../lib/gcc/avr/4.3.3/avr5\libgcc.a(_copy_data.o)
                0x00000060                __do_copy_data
 .init4         0x00000076       0x10 d:/university/external courses/imt-wazeefa tech/tools/imt_sdk_win_64/winavr/bin/../lib/gcc/avr/4.3.3/avr5\libgcc.a(_clear_bss.o)
                0x00000076                __do_clear_bss
 *(.init4)
 *(.init5)
 *(.init5)
 *(.init6)
 *(.init6)
 *(.init7)
 *(.init7)
 *(.init8)
 *(.init8)
 *(.init9)
 .init9         0x00000086        0x8 d:/university/external courses/imt-wazeefa tech/tools/imt_sdk_win_64/winavr/bin/../lib/gcc/avr/4.3.3/../../../../avr/lib/avr5/crtm32.o
 *(.init9)
 *(.text)
 .text          0x0000008e        0x4 d:/university/external courses/imt-wazeefa tech/tools/imt_sdk_win_64/winavr/bin/../lib/gcc/avr/4.3.3/../../../../avr/lib/avr5/crtm32.o
                0x0000008e                __vector_12
                0x0000008e                __bad_interrupt
                0x0000008e                __vector_6
                0x0000008e                __vector_11
                0x0000008e                __vector_13
                0x0000008e                __vector_17
                0x0000008e                __vector_19
                0x0000008e                __vector_7
                0x0000008e                __vector_5
                0x0000008e                __vector_4
                0x0000008e                __vector_9
                0x0000008e                __vector_15
                0x0000008e                __vector_8
                0x0000008e                __vector_14
                0x0000008e                __vector_10
                0x0000008e                __vector_16
                0x0000008e                __vector_18
                0x0000008e                __vector_20
 .text          0x00000092        0x0 ./SPI_Protocol/SPI_program.o
 .text          0x00000092        0x0 ./SPI_Protocol/Slave_main.o
 .text          0x00000092        0x0 ./Password/Password_program.o
 .text          0x00000092        0x0 ./LCD/LCD_program.o
 .text          0x00000092        0x0 ./KeyPad/KPD_program.o
 .text          0x00000092        0x0 ./INT/EXTI_program.o
 .text          0x00000092        0x0 ./INT/Global_Interrupt_program.o
 .text          0x00000092        0x0 ./EEPROM/EEPROM_program.o
 .text          0x00000092        0x0 ./EEPROM/TWI_program.o
 .text          0x00000092        0x0 ./DIO/DIO_program.o
 .text          0x00000092        0x0 ./main.o
 .text          0x00000092        0x0 d:/university/external courses/imt-wazeefa tech/tools/imt_sdk_win_64/winavr/bin/../lib/gcc/avr/4.3.3/avr5\libgcc.a(_exit.o)
 .text          0x00000092        0x0 d:/university/external courses/imt-wazeefa tech/tools/imt_sdk_win_64/winavr/bin/../lib/gcc/avr/4.3.3/avr5\libgcc.a(_copy_data.o)
 .text          0x00000092        0x0 d:/university/external courses/imt-wazeefa tech/tools/imt_sdk_win_64/winavr/bin/../lib/gcc/avr/4.3.3/avr5\libgcc.a(_clear_bss.o)
 .text          0x00000092       0x58 d:/university/external courses/imt-wazeefa tech/tools/imt_sdk_win_64/winavr/bin/../lib/gcc/avr/4.3.3/avr5\libgcc.a(_fixunssfsi.o)
                0x00000092                __fixunssfsi
 .text          0x000000ea      0x354 d:/university/external courses/imt-wazeefa tech/tools/imt_sdk_win_64/winavr/bin/../lib/gcc/avr/4.3.3/avr5\libgcc.a(_addsub_sf.o)
                0x00000382                __subsf3
                0x000003e4                __addsf3
 .text          0x0000043e      0x1f4 d:/university/external courses/imt-wazeefa tech/tools/imt_sdk_win_64/winavr/bin/../lib/gcc/avr/4.3.3/avr5\libgcc.a(_mul_sf.o)
                0x0000043e                __mulsf3
 .text          0x00000632      0x158 d:/university/external courses/imt-wazeefa tech/tools/imt_sdk_win_64/winavr/bin/../lib/gcc/avr/4.3.3/avr5\libgcc.a(_div_sf.o)
                0x00000632                __divsf3
 .text          0x0000078a       0x60 d:/university/external courses/imt-wazeefa tech/tools/imt_sdk_win_64/winavr/bin/../lib/gcc/avr/4.3.3/avr5\libgcc.a(_gt_sf.o)
                0x0000078a                __gtsf2
 .text          0x000007ea       0x60 d:/university/external courses/imt-wazeefa tech/tools/imt_sdk_win_64/winavr/bin/../lib/gcc/avr/4.3.3/avr5\libgcc.a(_ge_sf.o)
                0x000007ea                __gesf2
 .text          0x0000084a       0x60 d:/university/external courses/imt-wazeefa tech/tools/imt_sdk_win_64/winavr/bin/../lib/gcc/avr/4.3.3/avr5\libgcc.a(_lt_sf.o)
                0x0000084a                __ltsf2
 .text          0x000008aa       0xa8 d:/university/external courses/imt-wazeefa tech/tools/imt_sdk_win_64/winavr/bin/../lib/gcc/avr/4.3.3/avr5\libgcc.a(_sf_to_si.o)
                0x000008aa                __fixsfsi
 .text          0x00000952        0x0 d:/university/external courses/imt-wazeefa tech/tools/imt_sdk_win_64/winavr/bin/../lib/gcc/avr/4.3.3/avr5\libgcc.a(_thenan_sf.o)
 .text          0x00000952        0x0 d:/university/external courses/imt-wazeefa tech/tools/imt_sdk_win_64/winavr/bin/../lib/gcc/avr/4.3.3/avr5\libgcc.a(_prologue.o)
 .text          0x00000952        0x0 d:/university/external courses/imt-wazeefa tech/tools/imt_sdk_win_64/winavr/bin/../lib/gcc/avr/4.3.3/avr5\libgcc.a(_epilogue.o)
 .text          0x00000952      0x1aa d:/university/external courses/imt-wazeefa tech/tools/imt_sdk_win_64/winavr/bin/../lib/gcc/avr/4.3.3/avr5\libgcc.a(_pack_sf.o)
                0x00000952                __pack_f
 .text          0x00000afc       0xf0 d:/university/external courses/imt-wazeefa tech/tools/imt_sdk_win_64/winavr/bin/../lib/gcc/avr/4.3.3/avr5\libgcc.a(_unpack_sf.o)
                0x00000afc                __unpack_f
 .text          0x00000bec       0xb2 d:/university/external courses/imt-wazeefa tech/tools/imt_sdk_win_64/winavr/bin/../lib/gcc/avr/4.3.3/avr5\libgcc.a(_fpcmp_parts_sf.o)
                0x00000bec                __fpcmp_parts_f
                0x00000c9e                . = ALIGN (0x2)
 *(.text.*)
 .text.SPI_voidMasterInit
                0x00000c9e       0x7e ./SPI_Protocol/SPI_program.o
                0x00000c9e                SPI_voidMasterInit
 .text.SPI_voidSlaveInit
                0x00000d1c       0x54 ./SPI_Protocol/SPI_program.o
                0x00000d1c                SPI_voidSlaveInit
 .text.SPI_u8TransceiverDataSynch
                0x00000d70       0x2c ./SPI_Protocol/SPI_program.o
                0x00000d70                SPI_u8TransceiverDataSynch
 .text.main     0x00000d9c      0x124 ./SPI_Protocol/Slave_main.o
                0x00000d9c                main
 .text.PASS_u8Setup
                0x00000ec0       0x40 ./Password/Password_program.o
                0x00000ec0                PASS_u8Setup
 .text.PASS_u8ComparePassword
                0x00000f00       0x30 ./Password/Password_program.o
                0x00000f00                PASS_u8ComparePassword
 .text.LCD_voidInit
                0x00000f30      0x676 ./LCD/LCD_program.o
                0x00000f30                LCD_voidInit
 .text.LCD_voidInit_4bitMode
                0x000015a6      0x69e ./LCD/LCD_program.o
                0x000015a6                LCD_voidInit_4bitMode
 .text.LCD_voidSendCommand
                0x00001c44      0x132 ./LCD/LCD_program.o
                0x00001c44                LCD_voidSendCommand
 .text.LCD_voidSendCommand_4bitMode
                0x00001d76      0x7aa ./LCD/LCD_program.o
                0x00001d76                LCD_voidSendCommand_4bitMode
 .text.LCD_voidWriteCharctr
                0x00002520      0x132 ./LCD/LCD_program.o
                0x00002520                LCD_voidWriteCharctr
 .text.LCD_voidWriteCharctr_4bitMode
                0x00002652      0x7aa ./LCD/LCD_program.o
                0x00002652                LCD_voidWriteCharctr_4bitMode
 .text.LCD_voidWriteString
                0x00002dfc       0x48 ./LCD/LCD_program.o
                0x00002dfc                LCD_voidWriteString
 .text.LCD_voidWriteString_4bitMode
                0x00002e44       0x48 ./LCD/LCD_program.o
                0x00002e44                LCD_voidWriteString_4bitMode
 .text.Gotoxy   0x00002e8c       0x56 ./LCD/LCD_program.o
                0x00002e8c                Gotoxy
 .text.LCD_voidGotoxy_4bitMode
                0x00002ee2       0x56 ./LCD/LCD_program.o
                0x00002ee2                LCD_voidGotoxy_4bitMode
 .text.LCD_voidWriteExtraChar
                0x00002f38       0x18 ./LCD/LCD_program.o
                0x00002f38                LCD_voidWriteExtraChar
 .text.LCD_voidDisplayKeys
                0x00002f50      0x1d8 ./LCD/LCD_program.o
                0x00002f50                LCD_voidDisplayKeys
 .text.KPD_voidInit
                0x00003128       0x48 ./KeyPad/KPD_program.o
                0x00003128                KPD_voidInit
 .text.KPD_u8GetKey
                0x00003170      0x1a6 ./KeyPad/KPD_program.o
                0x00003170                KPD_u8GetKey
 .text.EXT_INTERRUPT_VID_INIT
                0x00003316       0x54 ./INT/EXTI_program.o
                0x00003316                EXT_INTERRUPT_VID_INIT
 .text.EXT_INTERRUPT_VID_ENABLE
                0x0000336a       0x6e ./INT/EXTI_program.o
                0x0000336a                EXT_INTERRUPT_VID_ENABLE
 .text.EXT_INTERRUPT_VID_DISABLE
                0x000033d8       0x6e ./INT/EXTI_program.o
                0x000033d8                EXT_INTERRUPT_VID_DISABLE
 .text.EXT0_VID_SET_CALL_BACK
                0x00003446       0x24 ./INT/EXTI_program.o
                0x00003446                EXT0_VID_SET_CALL_BACK
 .text.EXT1_VID_SET_CALL_BACK
                0x0000346a       0x24 ./INT/EXTI_program.o
                0x0000346a                EXT1_VID_SET_CALL_BACK
 .text.EXT2_VID_SET_CALL_BACK
                0x0000348e       0x24 ./INT/EXTI_program.o
                0x0000348e                EXT2_VID_SET_CALL_BACK
 .text.__vector_1
                0x000034b2       0x5a ./INT/EXTI_program.o
                0x000034b2                __vector_1
 .text.__vector_2
                0x0000350c       0x5a ./INT/EXTI_program.o
                0x0000350c                __vector_2
 .text.__vector_3
                0x00003566       0x5a ./INT/EXTI_program.o
                0x00003566                __vector_3
 .text.Global_Interrupt_Enable
                0x000035c0       0x1c ./INT/Global_Interrupt_program.o
                0x000035c0                Global_Interrupt_Enable
 .text.Global_Interrupt_Disable
                0x000035dc       0x1c ./INT/Global_Interrupt_program.o
                0x000035dc                Global_Interrupt_Disable
 .text.EEPROM_voidRead
                0x000035f8       0x44 ./EEPROM/EEPROM_program.o
                0x000035f8                EEPROM_voidRead
 .text.EEPROM_voidWrite
                0x0000363c      0x128 ./EEPROM/EEPROM_program.o
                0x0000363c                EEPROM_voidWrite
 .text.EEPROM_voidWritePage
                0x00003764      0x150 ./EEPROM/EEPROM_program.o
                0x00003764                EEPROM_voidWritePage
 .text.TWI_voidMasterInit
                0x000038b4       0x56 ./EEPROM/TWI_program.o
                0x000038b4                TWI_voidMasterInit
 .text.TWI_voidSlaveInit
                0x0000390a       0x32 ./EEPROM/TWI_program.o
                0x0000390a                TWI_voidSlaveInit
 .text.TWI_enStartCondition
                0x0000393c       0x62 ./EEPROM/TWI_program.o
                0x0000393c                TWI_enStartCondition
 .text.TWI_enRepeatStart
                0x0000399e       0x62 ./EEPROM/TWI_program.o
                0x0000399e                TWI_enRepeatStart
 .text.TWI_enSetSlaveAddress_Write
                0x00003a00       0x7c ./EEPROM/TWI_program.o
                0x00003a00                TWI_enSetSlaveAddress_Write
 .text.TWI_enSetSlaveAddress_Read
                0x00003a7c       0x70 ./EEPROM/TWI_program.o
                0x00003a7c                TWI_enSetSlaveAddress_Read
 .text.TWI_enMasterWriteData
                0x00003aec       0x60 ./EEPROM/TWI_program.o
                0x00003aec                TWI_enMasterWriteData
 .text.TWI_enMasterReadData
                0x00003b4c       0x6a ./EEPROM/TWI_program.o
                0x00003b4c                TWI_enMasterReadData
 .text.TWI_voidStopCondition
                0x00003bb6       0x38 ./EEPROM/TWI_program.o
                0x00003bb6                TWI_voidStopCondition
 .text.DIO_voidInit
                0x00003bee       0x2e ./DIO/DIO_program.o
                0x00003bee                DIO_voidInit
 .text.DIO_voidWritePin
                0x00003c1c      0x1e6 ./DIO/DIO_program.o
                0x00003c1c                DIO_voidWritePin
 .text.DIO_u8ReadPin
                0x00003e02       0xf2 ./DIO/DIO_program.o
                0x00003e02                DIO_u8ReadPin
 .text.DIO_voidTogglePin
                0x00003ef4       0xfc ./DIO/DIO_program.o
                0x00003ef4                DIO_voidTogglePin
 .text.DIO_voidWritePort
                0x00003ff0       0x84 ./DIO/DIO_program.o
                0x00003ff0                DIO_voidWritePort
 .text.DIO_voidPullUpState
                0x00004074      0x104 ./DIO/DIO_program.o
                0x00004074                DIO_voidPullUpState
 .text.main     0x00004178      0x2ce ./main.o
 .text.ArrivalButton
                0x00004446      0x3e6 ./main.o
                0x00004446                ArrivalButton
 .text.EntranceButton
                0x0000482c      0x114 ./main.o
                0x0000482c                EntranceButton
 .text.libgcc   0x00004940        0x0 d:/university/external courses/imt-wazeefa tech/tools/imt_sdk_win_64/winavr/bin/../lib/gcc/avr/4.3.3/avr5\libgcc.a(_exit.o)
 .text.libgcc   0x00004940        0x0 d:/university/external courses/imt-wazeefa tech/tools/imt_sdk_win_64/winavr/bin/../lib/gcc/avr/4.3.3/avr5\libgcc.a(_copy_data.o)
 .text.libgcc   0x00004940        0x0 d:/university/external courses/imt-wazeefa tech/tools/imt_sdk_win_64/winavr/bin/../lib/gcc/avr/4.3.3/avr5\libgcc.a(_clear_bss.o)
 .text.libgcc   0x00004940       0x38 d:/university/external courses/imt-wazeefa tech/tools/imt_sdk_win_64/winavr/bin/../lib/gcc/avr/4.3.3/avr5\libgcc.a(_prologue.o)
                0x00004940                __prologue_saves__
 .text.libgcc   0x00004978       0x36 d:/university/external courses/imt-wazeefa tech/tools/imt_sdk_win_64/winavr/bin/../lib/gcc/avr/4.3.3/avr5\libgcc.a(_epilogue.o)
                0x00004978                __epilogue_restores__
                0x000049ae                . = ALIGN (0x2)
 *(.fini9)
 .fini9         0x000049ae        0x0 d:/university/external courses/imt-wazeefa tech/tools/imt_sdk_win_64/winavr/bin/../lib/gcc/avr/4.3.3/avr5\libgcc.a(_exit.o)
                0x000049ae                exit
                0x000049ae                _exit
 *(.fini9)
 *(.fini8)
 *(.fini8)
 *(.fini7)
 *(.fini7)
 *(.fini6)
 *(.fini6)
 *(.fini5)
 *(.fini5)
 *(.fini4)
 *(.fini4)
 *(.fini3)
 *(.fini3)
 *(.fini2)
 *(.fini2)
 *(.fini1)
 *(.fini1)
 *(.fini0)
 .fini0         0x000049ae        0x4 d:/university/external courses/imt-wazeefa tech/tools/imt_sdk_win_64/winavr/bin/../lib/gcc/avr/4.3.3/avr5\libgcc.a(_exit.o)
 *(.fini0)
                0x000049b2                _etext = .

.data           0x00800060       0x64 load address 0x000049b2
                0x00800060                PROVIDE (__data_start, .)
 *(.data)
 .data          0x00800060        0x0 d:/university/external courses/imt-wazeefa tech/tools/imt_sdk_win_64/winavr/bin/../lib/gcc/avr/4.3.3/../../../../avr/lib/avr5/crtm32.o
 .data          0x00800060        0x0 ./SPI_Protocol/SPI_program.o
 .data          0x00800060        0x0 ./SPI_Protocol/Slave_main.o
 .data          0x00800060        0x0 ./Password/Password_program.o
 .data          0x00800060        0x0 ./LCD/LCD_program.o
 .data          0x00800060        0x0 ./KeyPad/KPD_program.o
 .data          0x00800060        0x0 ./INT/EXTI_program.o
 .data          0x00800060        0x0 ./INT/Global_Interrupt_program.o
 .data          0x00800060        0x0 ./EEPROM/EEPROM_program.o
 .data          0x00800060        0x0 ./EEPROM/TWI_program.o
 .data          0x00800060        0x0 ./DIO/DIO_program.o
 .data          0x00800060       0x4b ./main.o
 .data          0x008000ab        0x0 d:/university/external courses/imt-wazeefa tech/tools/imt_sdk_win_64/winavr/bin/../lib/gcc/avr/4.3.3/avr5\libgcc.a(_exit.o)
 .data          0x008000ab        0x0 d:/university/external courses/imt-wazeefa tech/tools/imt_sdk_win_64/winavr/bin/../lib/gcc/avr/4.3.3/avr5\libgcc.a(_copy_data.o)
 .data          0x008000ab        0x0 d:/university/external courses/imt-wazeefa tech/tools/imt_sdk_win_64/winavr/bin/../lib/gcc/avr/4.3.3/avr5\libgcc.a(_clear_bss.o)
 .data          0x008000ab        0x0 d:/university/external courses/imt-wazeefa tech/tools/imt_sdk_win_64/winavr/bin/../lib/gcc/avr/4.3.3/avr5\libgcc.a(_fixunssfsi.o)
 .data          0x008000ab        0x0 d:/university/external courses/imt-wazeefa tech/tools/imt_sdk_win_64/winavr/bin/../lib/gcc/avr/4.3.3/avr5\libgcc.a(_addsub_sf.o)
 .data          0x008000ab        0x0 d:/university/external courses/imt-wazeefa tech/tools/imt_sdk_win_64/winavr/bin/../lib/gcc/avr/4.3.3/avr5\libgcc.a(_mul_sf.o)
 .data          0x008000ab        0x0 d:/university/external courses/imt-wazeefa tech/tools/imt_sdk_win_64/winavr/bin/../lib/gcc/avr/4.3.3/avr5\libgcc.a(_div_sf.o)
 .data          0x008000ab        0x0 d:/university/external courses/imt-wazeefa tech/tools/imt_sdk_win_64/winavr/bin/../lib/gcc/avr/4.3.3/avr5\libgcc.a(_gt_sf.o)
 .data          0x008000ab        0x0 d:/university/external courses/imt-wazeefa tech/tools/imt_sdk_win_64/winavr/bin/../lib/gcc/avr/4.3.3/avr5\libgcc.a(_ge_sf.o)
 .data          0x008000ab        0x0 d:/university/external courses/imt-wazeefa tech/tools/imt_sdk_win_64/winavr/bin/../lib/gcc/avr/4.3.3/avr5\libgcc.a(_lt_sf.o)
 .data          0x008000ab        0x0 d:/university/external courses/imt-wazeefa tech/tools/imt_sdk_win_64/winavr/bin/../lib/gcc/avr/4.3.3/avr5\libgcc.a(_sf_to_si.o)
 .data          0x008000ab        0x8 d:/university/external courses/imt-wazeefa tech/tools/imt_sdk_win_64/winavr/bin/../lib/gcc/avr/4.3.3/avr5\libgcc.a(_thenan_sf.o)
                0x008000ab                __thenan_sf
 .data          0x008000b3        0x0 d:/university/external courses/imt-wazeefa tech/tools/imt_sdk_win_64/winavr/bin/../lib/gcc/avr/4.3.3/avr5\libgcc.a(_prologue.o)
 .data          0x008000b3        0x0 d:/university/external courses/imt-wazeefa tech/tools/imt_sdk_win_64/winavr/bin/../lib/gcc/avr/4.3.3/avr5\libgcc.a(_epilogue.o)
 .data          0x008000b3        0x0 d:/university/external courses/imt-wazeefa tech/tools/imt_sdk_win_64/winavr/bin/../lib/gcc/avr/4.3.3/avr5\libgcc.a(_pack_sf.o)
 .data          0x008000b3        0x0 d:/university/external courses/imt-wazeefa tech/tools/imt_sdk_win_64/winavr/bin/../lib/gcc/avr/4.3.3/avr5\libgcc.a(_unpack_sf.o)
 .data          0x008000b3        0x0 d:/university/external courses/imt-wazeefa tech/tools/imt_sdk_win_64/winavr/bin/../lib/gcc/avr/4.3.3/avr5\libgcc.a(_fpcmp_parts_sf.o)
 *(.data*)
 .data.KPD_arr  0x008000b3       0x10 ./KeyPad/KPD_program.o
                0x008000b3                KPD_arr
 *(.rodata)
 *(.rodata*)
 *(.gnu.linkonce.d*)
                0x008000c4                . = ALIGN (0x2)
 *fill*         0x008000c3        0x1 00
                0x008000c4                _edata = .
                0x008000c4                PROVIDE (__data_end, .)

.bss            0x008000c4       0x20
                0x008000c4                PROVIDE (__bss_start, .)
 *(.bss)
 .bss           0x008000c4        0x0 d:/university/external courses/imt-wazeefa tech/tools/imt_sdk_win_64/winavr/bin/../lib/gcc/avr/4.3.3/../../../../avr/lib/avr5/crtm32.o
 .bss           0x008000c4        0x0 ./SPI_Protocol/SPI_program.o
 .bss           0x008000c4        0x0 ./SPI_Protocol/Slave_main.o
 .bss           0x008000c4        0x0 ./Password/Password_program.o
 .bss           0x008000c4        0x0 ./LCD/LCD_program.o
 .bss           0x008000c4        0x0 ./KeyPad/KPD_program.o
 .bss           0x008000c4        0x0 ./INT/EXTI_program.o
 .bss           0x008000c4        0x0 ./INT/Global_Interrupt_program.o
 .bss           0x008000c4        0x0 ./EEPROM/EEPROM_program.o
 .bss           0x008000c4        0x0 ./EEPROM/TWI_program.o
 .bss           0x008000c4        0x0 ./DIO/DIO_program.o
 .bss           0x008000c4        0x0 ./main.o
 .bss           0x008000c4        0x0 d:/university/external courses/imt-wazeefa tech/tools/imt_sdk_win_64/winavr/bin/../lib/gcc/avr/4.3.3/avr5\libgcc.a(_exit.o)
 .bss           0x008000c4        0x0 d:/university/external courses/imt-wazeefa tech/tools/imt_sdk_win_64/winavr/bin/../lib/gcc/avr/4.3.3/avr5\libgcc.a(_copy_data.o)
 .bss           0x008000c4        0x0 d:/university/external courses/imt-wazeefa tech/tools/imt_sdk_win_64/winavr/bin/../lib/gcc/avr/4.3.3/avr5\libgcc.a(_clear_bss.o)
 .bss           0x008000c4        0x0 d:/university/external courses/imt-wazeefa tech/tools/imt_sdk_win_64/winavr/bin/../lib/gcc/avr/4.3.3/avr5\libgcc.a(_fixunssfsi.o)
 .bss           0x008000c4        0x0 d:/university/external courses/imt-wazeefa tech/tools/imt_sdk_win_64/winavr/bin/../lib/gcc/avr/4.3.3/avr5\libgcc.a(_addsub_sf.o)
 .bss           0x008000c4        0x0 d:/university/external courses/imt-wazeefa tech/tools/imt_sdk_win_64/winavr/bin/../lib/gcc/avr/4.3.3/avr5\libgcc.a(_mul_sf.o)
 .bss           0x008000c4        0x0 d:/university/external courses/imt-wazeefa tech/tools/imt_sdk_win_64/winavr/bin/../lib/gcc/avr/4.3.3/avr5\libgcc.a(_div_sf.o)
 .bss           0x008000c4        0x0 d:/university/external courses/imt-wazeefa tech/tools/imt_sdk_win_64/winavr/bin/../lib/gcc/avr/4.3.3/avr5\libgcc.a(_gt_sf.o)
 .bss           0x008000c4        0x0 d:/university/external courses/imt-wazeefa tech/tools/imt_sdk_win_64/winavr/bin/../lib/gcc/avr/4.3.3/avr5\libgcc.a(_ge_sf.o)
 .bss           0x008000c4        0x0 d:/university/external courses/imt-wazeefa tech/tools/imt_sdk_win_64/winavr/bin/../lib/gcc/avr/4.3.3/avr5\libgcc.a(_lt_sf.o)
 .bss           0x008000c4        0x0 d:/university/external courses/imt-wazeefa tech/tools/imt_sdk_win_64/winavr/bin/../lib/gcc/avr/4.3.3/avr5\libgcc.a(_sf_to_si.o)
 .bss           0x008000c4        0x0 d:/university/external courses/imt-wazeefa tech/tools/imt_sdk_win_64/winavr/bin/../lib/gcc/avr/4.3.3/avr5\libgcc.a(_thenan_sf.o)
 .bss           0x008000c4        0x0 d:/university/external courses/imt-wazeefa tech/tools/imt_sdk_win_64/winavr/bin/../lib/gcc/avr/4.3.3/avr5\libgcc.a(_prologue.o)
 .bss           0x008000c4        0x0 d:/university/external courses/imt-wazeefa tech/tools/imt_sdk_win_64/winavr/bin/../lib/gcc/avr/4.3.3/avr5\libgcc.a(_epilogue.o)
 .bss           0x008000c4        0x0 d:/university/external courses/imt-wazeefa tech/tools/imt_sdk_win_64/winavr/bin/../lib/gcc/avr/4.3.3/avr5\libgcc.a(_pack_sf.o)
 .bss           0x008000c4        0x0 d:/university/external courses/imt-wazeefa tech/tools/imt_sdk_win_64/winavr/bin/../lib/gcc/avr/4.3.3/avr5\libgcc.a(_unpack_sf.o)
 .bss           0x008000c4        0x0 d:/university/external courses/imt-wazeefa tech/tools/imt_sdk_win_64/winavr/bin/../lib/gcc/avr/4.3.3/avr5\libgcc.a(_fpcmp_parts_sf.o)
 *(.bss*)
 .bss.EXTI0_CALLBACK_PTR
                0x008000c4        0x2 ./INT/EXTI_program.o
                0x008000c4                EXTI0_CALLBACK_PTR
 .bss.EXTI1_CALLBACK_PTR
                0x008000c6        0x2 ./INT/EXTI_program.o
                0x008000c6                EXTI1_CALLBACK_PTR
 .bss.EXTI2_CALLBACK_PTR
                0x008000c8        0x2 ./INT/EXTI_program.o
                0x008000c8                EXTI2_CALLBACK_PTR
 *(COMMON)
 COMMON         0x008000ca        0xf ./Password/Password_program.o
                0x008000ca                u8key
                0x008000cf                input_password
                0x008000d4                current_password
 COMMON         0x008000d9        0xb ./main.o
                0x008000d9                u8InputPassword
                0x008000de                u8Error
                0x008000df                u8EEPROMData
                0x008000e4                PROVIDE (__bss_end, .)
                0x000049b2                __data_load_start = LOADADDR (.data)
                0x00004a16                __data_load_end = (__data_load_start + SIZEOF (.data))

.noinit         0x008000e4        0x0
                0x008000e4                PROVIDE (__noinit_start, .)
 *(.noinit*)
                0x008000e4                PROVIDE (__noinit_end, .)
                0x008000e4                _end = .
                0x008000e4                PROVIDE (__heap_start, .)

.eeprom         0x00810000        0x0
 *(.eeprom*)
                0x00810000                __eeprom_end = .

.fuse
 *(.fuse)
 *(.lfuse)
 *(.hfuse)
 *(.efuse)

.lock
 *(.lock*)

.signature
 *(.signature*)

.stab           0x00000000     0x47ac
 *(.stab)
 .stab          0x00000000      0x2b8 ./SPI_Protocol/SPI_program.o
 .stab          0x000002b8      0x3c0 ./SPI_Protocol/Slave_main.o
                                0x45c (size before relaxing)
 .stab          0x00000678      0x2ac ./Password/Password_program.o
                                0x2b8 (size before relaxing)
 .stab          0x00000924     0x1ad0 ./LCD/LCD_program.o
                               0x1c68 (size before relaxing)
 .stab          0x000023f4      0x438 ./KeyPad/KPD_program.o
                                0x5d0 (size before relaxing)
 .stab          0x0000282c      0x3fc ./INT/EXTI_program.o
                                0x408 (size before relaxing)
 .stab          0x00002c28      0x144 ./INT/Global_Interrupt_program.o
                                0x1e0 (size before relaxing)
 .stab          0x00002d6c      0x4f8 ./EEPROM/EEPROM_program.o
                                0x690 (size before relaxing)
 .stab          0x00003264      0x630 ./EEPROM/TWI_program.o
                                0x6f0 (size before relaxing)
 .stab          0x00003894      0x534 ./DIO/DIO_program.o
                                0x540 (size before relaxing)
 .stab          0x00003dc8      0x9e4 ./main.o
                                0xba0 (size before relaxing)

.stabstr        0x00000000     0x141b
 *(.stabstr)
 .stabstr       0x00000000     0x141b ./SPI_Protocol/SPI_program.o

.stab.excl
 *(.stab.excl)

.stab.exclstr
 *(.stab.exclstr)

.stab.index
 *(.stab.index)

.stab.indexstr
 *(.stab.indexstr)

.comment
 *(.comment)

.debug
 *(.debug)

.line
 *(.line)

.debug_srcinfo
 *(.debug_srcinfo)

.debug_sfnames
 *(.debug_sfnames)

.debug_aranges  0x00000000      0x160
 *(.debug_aranges)
 .debug_aranges
                0x00000000       0x20 d:/university/external courses/imt-wazeefa tech/tools/imt_sdk_win_64/winavr/bin/../lib/gcc/avr/4.3.3/avr5\libgcc.a(_fixunssfsi.o)
 .debug_aranges
                0x00000020       0x20 d:/university/external courses/imt-wazeefa tech/tools/imt_sdk_win_64/winavr/bin/../lib/gcc/avr/4.3.3/avr5\libgcc.a(_addsub_sf.o)
 .debug_aranges
                0x00000040       0x20 d:/university/external courses/imt-wazeefa tech/tools/imt_sdk_win_64/winavr/bin/../lib/gcc/avr/4.3.3/avr5\libgcc.a(_mul_sf.o)
 .debug_aranges
                0x00000060       0x20 d:/university/external courses/imt-wazeefa tech/tools/imt_sdk_win_64/winavr/bin/../lib/gcc/avr/4.3.3/avr5\libgcc.a(_div_sf.o)
 .debug_aranges
                0x00000080       0x20 d:/university/external courses/imt-wazeefa tech/tools/imt_sdk_win_64/winavr/bin/../lib/gcc/avr/4.3.3/avr5\libgcc.a(_gt_sf.o)
 .debug_aranges
                0x000000a0       0x20 d:/university/external courses/imt-wazeefa tech/tools/imt_sdk_win_64/winavr/bin/../lib/gcc/avr/4.3.3/avr5\libgcc.a(_ge_sf.o)
 .debug_aranges
                0x000000c0       0x20 d:/university/external courses/imt-wazeefa tech/tools/imt_sdk_win_64/winavr/bin/../lib/gcc/avr/4.3.3/avr5\libgcc.a(_lt_sf.o)
 .debug_aranges
                0x000000e0       0x20 d:/university/external courses/imt-wazeefa tech/tools/imt_sdk_win_64/winavr/bin/../lib/gcc/avr/4.3.3/avr5\libgcc.a(_sf_to_si.o)
 .debug_aranges
                0x00000100       0x20 d:/university/external courses/imt-wazeefa tech/tools/imt_sdk_win_64/winavr/bin/../lib/gcc/avr/4.3.3/avr5\libgcc.a(_pack_sf.o)
 .debug_aranges
                0x00000120       0x20 d:/university/external courses/imt-wazeefa tech/tools/imt_sdk_win_64/winavr/bin/../lib/gcc/avr/4.3.3/avr5\libgcc.a(_unpack_sf.o)
 .debug_aranges
                0x00000140       0x20 d:/university/external courses/imt-wazeefa tech/tools/imt_sdk_win_64/winavr/bin/../lib/gcc/avr/4.3.3/avr5\libgcc.a(_fpcmp_parts_sf.o)

.debug_pubnames
                0x00000000      0x18f
 *(.debug_pubnames)
 .debug_pubnames
                0x00000000       0x23 d:/university/external courses/imt-wazeefa tech/tools/imt_sdk_win_64/winavr/bin/../lib/gcc/avr/4.3.3/avr5\libgcc.a(_fixunssfsi.o)
 .debug_pubnames
                0x00000023       0x2c d:/university/external courses/imt-wazeefa tech/tools/imt_sdk_win_64/winavr/bin/../lib/gcc/avr/4.3.3/avr5\libgcc.a(_addsub_sf.o)
 .debug_pubnames
                0x0000004f       0x1f d:/university/external courses/imt-wazeefa tech/tools/imt_sdk_win_64/winavr/bin/../lib/gcc/avr/4.3.3/avr5\libgcc.a(_mul_sf.o)
 .debug_pubnames
                0x0000006e       0x1f d:/university/external courses/imt-wazeefa tech/tools/imt_sdk_win_64/winavr/bin/../lib/gcc/avr/4.3.3/avr5\libgcc.a(_div_sf.o)
 .debug_pubnames
                0x0000008d       0x1e d:/university/external courses/imt-wazeefa tech/tools/imt_sdk_win_64/winavr/bin/../lib/gcc/avr/4.3.3/avr5\libgcc.a(_gt_sf.o)
 .debug_pubnames
                0x000000ab       0x1e d:/university/external courses/imt-wazeefa tech/tools/imt_sdk_win_64/winavr/bin/../lib/gcc/avr/4.3.3/avr5\libgcc.a(_ge_sf.o)
 .debug_pubnames
                0x000000c9       0x1e d:/university/external courses/imt-wazeefa tech/tools/imt_sdk_win_64/winavr/bin/../lib/gcc/avr/4.3.3/avr5\libgcc.a(_lt_sf.o)
 .debug_pubnames
                0x000000e7       0x20 d:/university/external courses/imt-wazeefa tech/tools/imt_sdk_win_64/winavr/bin/../lib/gcc/avr/4.3.3/avr5\libgcc.a(_sf_to_si.o)
 .debug_pubnames
                0x00000107       0x22 d:/university/external courses/imt-wazeefa tech/tools/imt_sdk_win_64/winavr/bin/../lib/gcc/avr/4.3.3/avr5\libgcc.a(_thenan_sf.o)
 .debug_pubnames
                0x00000129       0x1f d:/university/external courses/imt-wazeefa tech/tools/imt_sdk_win_64/winavr/bin/../lib/gcc/avr/4.3.3/avr5\libgcc.a(_pack_sf.o)
 .debug_pubnames
                0x00000148       0x21 d:/university/external courses/imt-wazeefa tech/tools/imt_sdk_win_64/winavr/bin/../lib/gcc/avr/4.3.3/avr5\libgcc.a(_unpack_sf.o)
 .debug_pubnames
                0x00000169       0x26 d:/university/external courses/imt-wazeefa tech/tools/imt_sdk_win_64/winavr/bin/../lib/gcc/avr/4.3.3/avr5\libgcc.a(_fpcmp_parts_sf.o)

.debug_info     0x00000000     0x2045
 *(.debug_info)
 .debug_info    0x00000000       0xb1 d:/university/external courses/imt-wazeefa tech/tools/imt_sdk_win_64/winavr/bin/../lib/gcc/avr/4.3.3/avr5\libgcc.a(_fixunssfsi.o)
 .debug_info    0x000000b1      0x47a d:/university/external courses/imt-wazeefa tech/tools/imt_sdk_win_64/winavr/bin/../lib/gcc/avr/4.3.3/avr5\libgcc.a(_addsub_sf.o)
 .debug_info    0x0000052b      0x485 d:/university/external courses/imt-wazeefa tech/tools/imt_sdk_win_64/winavr/bin/../lib/gcc/avr/4.3.3/avr5\libgcc.a(_mul_sf.o)
 .debug_info    0x000009b0      0x3fc d:/university/external courses/imt-wazeefa tech/tools/imt_sdk_win_64/winavr/bin/../lib/gcc/avr/4.3.3/avr5\libgcc.a(_div_sf.o)
 .debug_info    0x00000dac      0x27f d:/university/external courses/imt-wazeefa tech/tools/imt_sdk_win_64/winavr/bin/../lib/gcc/avr/4.3.3/avr5\libgcc.a(_gt_sf.o)
 .debug_info    0x0000102b      0x27f d:/university/external courses/imt-wazeefa tech/tools/imt_sdk_win_64/winavr/bin/../lib/gcc/avr/4.3.3/avr5\libgcc.a(_ge_sf.o)
 .debug_info    0x000012aa      0x27f d:/university/external courses/imt-wazeefa tech/tools/imt_sdk_win_64/winavr/bin/../lib/gcc/avr/4.3.3/avr5\libgcc.a(_lt_sf.o)
 .debug_info    0x00001529      0x2b0 d:/university/external courses/imt-wazeefa tech/tools/imt_sdk_win_64/winavr/bin/../lib/gcc/avr/4.3.3/avr5\libgcc.a(_sf_to_si.o)
 .debug_info    0x000017d9      0x12c d:/university/external courses/imt-wazeefa tech/tools/imt_sdk_win_64/winavr/bin/../lib/gcc/avr/4.3.3/avr5\libgcc.a(_thenan_sf.o)
 .debug_info    0x00001905      0x2df d:/university/external courses/imt-wazeefa tech/tools/imt_sdk_win_64/winavr/bin/../lib/gcc/avr/4.3.3/avr5\libgcc.a(_pack_sf.o)
 .debug_info    0x00001be4      0x251 d:/university/external courses/imt-wazeefa tech/tools/imt_sdk_win_64/winavr/bin/../lib/gcc/avr/4.3.3/avr5\libgcc.a(_unpack_sf.o)
 .debug_info    0x00001e35      0x210 d:/university/external courses/imt-wazeefa tech/tools/imt_sdk_win_64/winavr/bin/../lib/gcc/avr/4.3.3/avr5\libgcc.a(_fpcmp_parts_sf.o)
 *(.gnu.linkonce.wi.*)

.debug_abbrev   0x00000000     0x1101
 *(.debug_abbrev)
 .debug_abbrev  0x00000000       0x5d d:/university/external courses/imt-wazeefa tech/tools/imt_sdk_win_64/winavr/bin/../lib/gcc/avr/4.3.3/avr5\libgcc.a(_fixunssfsi.o)
 .debug_abbrev  0x0000005d      0x1ea d:/university/external courses/imt-wazeefa tech/tools/imt_sdk_win_64/winavr/bin/../lib/gcc/avr/4.3.3/avr5\libgcc.a(_addsub_sf.o)
 .debug_abbrev  0x00000247      0x21b d:/university/external courses/imt-wazeefa tech/tools/imt_sdk_win_64/winavr/bin/../lib/gcc/avr/4.3.3/avr5\libgcc.a(_mul_sf.o)
 .debug_abbrev  0x00000462      0x216 d:/university/external courses/imt-wazeefa tech/tools/imt_sdk_win_64/winavr/bin/../lib/gcc/avr/4.3.3/avr5\libgcc.a(_div_sf.o)
 .debug_abbrev  0x00000678      0x15a d:/university/external courses/imt-wazeefa tech/tools/imt_sdk_win_64/winavr/bin/../lib/gcc/avr/4.3.3/avr5\libgcc.a(_gt_sf.o)
 .debug_abbrev  0x000007d2      0x15a d:/university/external courses/imt-wazeefa tech/tools/imt_sdk_win_64/winavr/bin/../lib/gcc/avr/4.3.3/avr5\libgcc.a(_ge_sf.o)
 .debug_abbrev  0x0000092c      0x15a d:/university/external courses/imt-wazeefa tech/tools/imt_sdk_win_64/winavr/bin/../lib/gcc/avr/4.3.3/avr5\libgcc.a(_lt_sf.o)
 .debug_abbrev  0x00000a86      0x17f d:/university/external courses/imt-wazeefa tech/tools/imt_sdk_win_64/winavr/bin/../lib/gcc/avr/4.3.3/avr5\libgcc.a(_sf_to_si.o)
 .debug_abbrev  0x00000c05       0xad d:/university/external courses/imt-wazeefa tech/tools/imt_sdk_win_64/winavr/bin/../lib/gcc/avr/4.3.3/avr5\libgcc.a(_thenan_sf.o)
 .debug_abbrev  0x00000cb2      0x1c0 d:/university/external courses/imt-wazeefa tech/tools/imt_sdk_win_64/winavr/bin/../lib/gcc/avr/4.3.3/avr5\libgcc.a(_pack_sf.o)
 .debug_abbrev  0x00000e72      0x154 d:/university/external courses/imt-wazeefa tech/tools/imt_sdk_win_64/winavr/bin/../lib/gcc/avr/4.3.3/avr5\libgcc.a(_unpack_sf.o)
 .debug_abbrev  0x00000fc6      0x13b d:/university/external courses/imt-wazeefa tech/tools/imt_sdk_win_64/winavr/bin/../lib/gcc/avr/4.3.3/avr5\libgcc.a(_fpcmp_parts_sf.o)

.debug_line     0x00000000      0xf82
 *(.debug_line)
 .debug_line    0x00000000       0xa7 d:/university/external courses/imt-wazeefa tech/tools/imt_sdk_win_64/winavr/bin/../lib/gcc/avr/4.3.3/avr5\libgcc.a(_fixunssfsi.o)
 .debug_line    0x000000a7      0x2af d:/university/external courses/imt-wazeefa tech/tools/imt_sdk_win_64/winavr/bin/../lib/gcc/avr/4.3.3/avr5\libgcc.a(_addsub_sf.o)
 .debug_line    0x00000356      0x239 d:/university/external courses/imt-wazeefa tech/tools/imt_sdk_win_64/winavr/bin/../lib/gcc/avr/4.3.3/avr5\libgcc.a(_mul_sf.o)
 .debug_line    0x0000058f      0x1d5 d:/university/external courses/imt-wazeefa tech/tools/imt_sdk_win_64/winavr/bin/../lib/gcc/avr/4.3.3/avr5\libgcc.a(_div_sf.o)
 .debug_line    0x00000764       0xd3 d:/university/external courses/imt-wazeefa tech/tools/imt_sdk_win_64/winavr/bin/../lib/gcc/avr/4.3.3/avr5\libgcc.a(_gt_sf.o)
 .debug_line    0x00000837       0xd3 d:/university/external courses/imt-wazeefa tech/tools/imt_sdk_win_64/winavr/bin/../lib/gcc/avr/4.3.3/avr5\libgcc.a(_ge_sf.o)
 .debug_line    0x0000090a       0xd3 d:/university/external courses/imt-wazeefa tech/tools/imt_sdk_win_64/winavr/bin/../lib/gcc/avr/4.3.3/avr5\libgcc.a(_lt_sf.o)
 .debug_line    0x000009dd      0x109 d:/university/external courses/imt-wazeefa tech/tools/imt_sdk_win_64/winavr/bin/../lib/gcc/avr/4.3.3/avr5\libgcc.a(_sf_to_si.o)
 .debug_line    0x00000ae6       0x90 d:/university/external courses/imt-wazeefa tech/tools/imt_sdk_win_64/winavr/bin/../lib/gcc/avr/4.3.3/avr5\libgcc.a(_thenan_sf.o)
 .debug_line    0x00000b76      0x18a d:/university/external courses/imt-wazeefa tech/tools/imt_sdk_win_64/winavr/bin/../lib/gcc/avr/4.3.3/avr5\libgcc.a(_pack_sf.o)
 .debug_line    0x00000d00      0x14b d:/university/external courses/imt-wazeefa tech/tools/imt_sdk_win_64/winavr/bin/../lib/gcc/avr/4.3.3/avr5\libgcc.a(_unpack_sf.o)
 .debug_line    0x00000e4b      0x137 d:/university/external courses/imt-wazeefa tech/tools/imt_sdk_win_64/winavr/bin/../lib/gcc/avr/4.3.3/avr5\libgcc.a(_fpcmp_parts_sf.o)

.debug_frame    0x00000000      0x180
 *(.debug_frame)
 .debug_frame   0x00000000       0x20 d:/university/external courses/imt-wazeefa tech/tools/imt_sdk_win_64/winavr/bin/../lib/gcc/avr/4.3.3/avr5\libgcc.a(_fixunssfsi.o)
 .debug_frame   0x00000020       0x40 d:/university/external courses/imt-wazeefa tech/tools/imt_sdk_win_64/winavr/bin/../lib/gcc/avr/4.3.3/avr5\libgcc.a(_addsub_sf.o)
 .debug_frame   0x00000060       0x20 d:/university/external courses/imt-wazeefa tech/tools/imt_sdk_win_64/winavr/bin/../lib/gcc/avr/4.3.3/avr5\libgcc.a(_mul_sf.o)
 .debug_frame   0x00000080       0x20 d:/university/external courses/imt-wazeefa tech/tools/imt_sdk_win_64/winavr/bin/../lib/gcc/avr/4.3.3/avr5\libgcc.a(_div_sf.o)
 .debug_frame   0x000000a0       0x20 d:/university/external courses/imt-wazeefa tech/tools/imt_sdk_win_64/winavr/bin/../lib/gcc/avr/4.3.3/avr5\libgcc.a(_gt_sf.o)
 .debug_frame   0x000000c0       0x20 d:/university/external courses/imt-wazeefa tech/tools/imt_sdk_win_64/winavr/bin/../lib/gcc/avr/4.3.3/avr5\libgcc.a(_ge_sf.o)
 .debug_frame   0x000000e0       0x20 d:/university/external courses/imt-wazeefa tech/tools/imt_sdk_win_64/winavr/bin/../lib/gcc/avr/4.3.3/avr5\libgcc.a(_lt_sf.o)
 .debug_frame   0x00000100       0x20 d:/university/external courses/imt-wazeefa tech/tools/imt_sdk_win_64/winavr/bin/../lib/gcc/avr/4.3.3/avr5\libgcc.a(_sf_to_si.o)
 .debug_frame   0x00000120       0x20 d:/university/external courses/imt-wazeefa tech/tools/imt_sdk_win_64/winavr/bin/../lib/gcc/avr/4.3.3/avr5\libgcc.a(_pack_sf.o)
 .debug_frame   0x00000140       0x20 d:/university/external courses/imt-wazeefa tech/tools/imt_sdk_win_64/winavr/bin/../lib/gcc/avr/4.3.3/avr5\libgcc.a(_unpack_sf.o)
 .debug_frame   0x00000160       0x20 d:/university/external courses/imt-wazeefa tech/tools/imt_sdk_win_64/winavr/bin/../lib/gcc/avr/4.3.3/avr5\libgcc.a(_fpcmp_parts_sf.o)

.debug_str      0x00000000      0x2c2
 *(.debug_str)
 .debug_str     0x00000000       0xbf d:/university/external courses/imt-wazeefa tech/tools/imt_sdk_win_64/winavr/bin/../lib/gcc/avr/4.3.3/avr5\libgcc.a(_fixunssfsi.o)
                                 0xfe (size before relaxing)
 .debug_str     0x000000bf      0x14d d:/university/external courses/imt-wazeefa tech/tools/imt_sdk_win_64/winavr/bin/../lib/gcc/avr/4.3.3/avr5\libgcc.a(_addsub_sf.o)
                                0x206 (size before relaxing)
 .debug_str     0x0000020c       0x27 d:/university/external courses/imt-wazeefa tech/tools/imt_sdk_win_64/winavr/bin/../lib/gcc/avr/4.3.3/avr5\libgcc.a(_mul_sf.o)
                                0x1bf (size before relaxing)
 .debug_str     0x00000233       0x35 d:/university/external courses/imt-wazeefa tech/tools/imt_sdk_win_64/winavr/bin/../lib/gcc/avr/4.3.3/avr5\libgcc.a(_div_sf.o)
                                0x1c8 (size before relaxing)
 .debug_str     0x00000268        0xf d:/university/external courses/imt-wazeefa tech/tools/imt_sdk_win_64/winavr/bin/../lib/gcc/avr/4.3.3/avr5\libgcc.a(_gt_sf.o)
                                0x195 (size before relaxing)
 .debug_str     0x00000277        0x8 d:/university/external courses/imt-wazeefa tech/tools/imt_sdk_win_64/winavr/bin/../lib/gcc/avr/4.3.3/avr5\libgcc.a(_ge_sf.o)
                                0x195 (size before relaxing)
 .debug_str     0x0000027f        0x8 d:/university/external courses/imt-wazeefa tech/tools/imt_sdk_win_64/winavr/bin/../lib/gcc/avr/4.3.3/avr5\libgcc.a(_lt_sf.o)
                                0x195 (size before relaxing)
 .debug_str     0x00000287        0xa d:/university/external courses/imt-wazeefa tech/tools/imt_sdk_win_64/winavr/bin/../lib/gcc/avr/4.3.3/avr5\libgcc.a(_sf_to_si.o)
                                0x19e (size before relaxing)
 .debug_str     0x00000000      0x103 d:/university/external courses/imt-wazeefa tech/tools/imt_sdk_win_64/winavr/bin/../lib/gcc/avr/4.3.3/avr5\libgcc.a(_thenan_sf.o)
 .debug_str     0x00000291       0x16 d:/university/external courses/imt-wazeefa tech/tools/imt_sdk_win_64/winavr/bin/../lib/gcc/avr/4.3.3/avr5\libgcc.a(_pack_sf.o)
                                0x19d (size before relaxing)
 .debug_str     0x000002a7        0xb d:/university/external courses/imt-wazeefa tech/tools/imt_sdk_win_64/winavr/bin/../lib/gcc/avr/4.3.3/avr5\libgcc.a(_unpack_sf.o)
                                0x17f (size before relaxing)
 .debug_str     0x000002b2       0x10 d:/university/external courses/imt-wazeefa tech/tools/imt_sdk_win_64/winavr/bin/../lib/gcc/avr/4.3.3/avr5\libgcc.a(_fpcmp_parts_sf.o)
                                0x163 (size before relaxing)

.debug_loc      0x00000000      0x88e
 *(.debug_loc)
 .debug_loc     0x00000000       0x34 d:/university/external courses/imt-wazeefa tech/tools/imt_sdk_win_64/winavr/bin/../lib/gcc/avr/4.3.3/avr5\libgcc.a(_fixunssfsi.o)
 .debug_loc     0x00000034      0x32a d:/university/external courses/imt-wazeefa tech/tools/imt_sdk_win_64/winavr/bin/../lib/gcc/avr/4.3.3/avr5\libgcc.a(_addsub_sf.o)
 .debug_loc     0x0000035e      0x104 d:/university/external courses/imt-wazeefa tech/tools/imt_sdk_win_64/winavr/bin/../lib/gcc/avr/4.3.3/avr5\libgcc.a(_mul_sf.o)
 .debug_loc     0x00000462       0xc0 d:/university/external courses/imt-wazeefa tech/tools/imt_sdk_win_64/winavr/bin/../lib/gcc/avr/4.3.3/avr5\libgcc.a(_div_sf.o)
 .debug_loc     0x00000522       0x3c d:/university/external courses/imt-wazeefa tech/tools/imt_sdk_win_64/winavr/bin/../lib/gcc/avr/4.3.3/avr5\libgcc.a(_gt_sf.o)
 .debug_loc     0x0000055e       0x3c d:/university/external courses/imt-wazeefa tech/tools/imt_sdk_win_64/winavr/bin/../lib/gcc/avr/4.3.3/avr5\libgcc.a(_ge_sf.o)
 .debug_loc     0x0000059a       0x3c d:/university/external courses/imt-wazeefa tech/tools/imt_sdk_win_64/winavr/bin/../lib/gcc/avr/4.3.3/avr5\libgcc.a(_lt_sf.o)
 .debug_loc     0x000005d6       0x7e d:/university/external courses/imt-wazeefa tech/tools/imt_sdk_win_64/winavr/bin/../lib/gcc/avr/4.3.3/avr5\libgcc.a(_sf_to_si.o)
 .debug_loc     0x00000654      0x13e d:/university/external courses/imt-wazeefa tech/tools/imt_sdk_win_64/winavr/bin/../lib/gcc/avr/4.3.3/avr5\libgcc.a(_pack_sf.o)
 .debug_loc     0x00000792       0xac d:/university/external courses/imt-wazeefa tech/tools/imt_sdk_win_64/winavr/bin/../lib/gcc/avr/4.3.3/avr5\libgcc.a(_unpack_sf.o)
 .debug_loc     0x0000083e       0x50 d:/university/external courses/imt-wazeefa tech/tools/imt_sdk_win_64/winavr/bin/../lib/gcc/avr/4.3.3/avr5\libgcc.a(_fpcmp_parts_sf.o)

.debug_macinfo
 *(.debug_macinfo)
OUTPUT(AVR_Final_Project.elf elf32-avr)
LOAD linker stubs

.debug_ranges   0x00000000       0x50
 .debug_ranges  0x00000000       0x50 d:/university/external courses/imt-wazeefa tech/tools/imt_sdk_win_64/winavr/bin/../lib/gcc/avr/4.3.3/avr5\libgcc.a(_mul_sf.o)
